---
http_interactions:
- request:
    method: get
    uri: https://cmr.earthdata.nasa.gov/search/concepts/C1000000000-LANCEAMSR2.json
    body:
      encoding: US-ASCII
      string: ''
    headers:
      User-Agent:
      - Faraday v0.9.2
      Client-Id:
      - eed-edsc-dev
      Echo-ClientId:
      - eed-edsc-dev
      Echo-Token:
      - edsc
  recorded_at: Tue, 24 Apr 2018 17:26:35 GMT
  digest: 0a7b600b233b0d813493ac2f18a13ae682725aa0
- request:
    method: get
    uri: https://cmr.earthdata.nasa.gov/search/concepts/C1000000445-NSIDC_ECS.json
    body:
      encoding: US-ASCII
      string: ''
    headers:
      User-Agent:
      - Faraday v0.8.8
      Client-Id:
      - eed-edsc-dev
      Echo-ClientId:
      - eed-edsc-dev
      Echo-Token:
      - edsc
  recorded_at: Mon, 12 Mar 2018 16:39:21 GMT
  digest: 09e0c203c0062a024f78b6b5518d576482f7459e
- request:
    method: get
    uri: https://cmr.earthdata.nasa.gov/search/concepts/C1000000561-NSIDC_ECS.json
    body:
      encoding: US-ASCII
      string: ''
    headers:
      User-Agent:
      - Faraday v0.8.8
      Client-Id:
      - eed-edsc-dev
      Echo-ClientId:
      - eed-edsc-dev
      Echo-Token:
      - edsc
  recorded_at: Mon, 12 Mar 2018 16:50:32 GMT
  digest: 6ed6209bce936f3b33216946f4cfce764595d518
- request:
    method: get
    uri: https://cmr.earthdata.nasa.gov/search/concepts/C1000001440-NSIDC_ECS.json
    body:
      encoding: US-ASCII
      string: ''
    headers:
      User-Agent:
      - Faraday v0.8.8
      Client-Id:
      - eed-edsc-dev
      Echo-ClientId:
      - eed-edsc-dev
      Echo-Token:
      - edsc
  recorded_at: Mon, 12 Mar 2018 16:55:22 GMT
  digest: 96a3e14a99cc1a5bba8bb334da46f3f58cc7d1ed
- request:
    method: get
    uri: https://cmr.earthdata.nasa.gov/search/concepts/C115003855-NSIDC_ECS.json
    body:
      encoding: US-ASCII
      string: ''
    headers:
      User-Agent:
      - Faraday v0.8.8
      Client-Id:
      - eed-edsc-dev
      Echo-ClientId:
      - eed-edsc-dev
      Echo-Token:
      - edsc
  recorded_at: Mon, 12 Mar 2018 16:05:35 GMT
  digest: 5cc022147c7c28dbda3c895322ff1a1cf204d0b8
- request:
    method: get
    uri: https://cmr.earthdata.nasa.gov/search/concepts/C115003857-NSIDC_ECS.json
    body:
      encoding: US-ASCII
      string: ''
    headers:
      User-Agent:
      - Faraday v0.8.8
      Client-Id:
      - eed-edsc-dev
      Echo-ClientId:
      - eed-edsc-dev
      Echo-Token:
      - edsc
  recorded_at: Mon, 12 Mar 2018 16:53:48 GMT
  digest: 50a202864e565c9404d2c0ec592917d7df378612
- request:
    method: get
    uri: https://cmr.earthdata.nasa.gov/search/concepts/C1214305813-AU_AADC.umm_json_v1_9
    body:
      encoding: US-ASCII
      string: ''
    headers:
      User-Agent:
      - Faraday v0.8.8
      Client-Id:
      - eed-edsc-dev
      Echo-ClientId:
      - eed-edsc-dev
  recorded_at: Mon, 12 Mar 2018 15:53:02 GMT
  digest: d7fb0692d7fe1bfad11ee1e7f524d798474029db
- request:
    method: get
    uri: https://cmr.earthdata.nasa.gov/search/concepts/C1214560151-JAXA.umm_json_v1_9
    body:
      encoding: US-ASCII
      string: ''
    headers:
      User-Agent:
      - Faraday v0.8.8
      Client-Id:
      - eed-edsc-dev
      Echo-ClientId:
      - eed-edsc-dev
  recorded_at: Mon, 12 Mar 2018 16:52:29 GMT
  digest: 2dd9404de0e8f41574631802719ef600e7da588c
- request:
    method: get
    uri: https://cmr.earthdata.nasa.gov/search/concepts/C1214560374-JAXA.umm_json_v1_9
    body:
      encoding: US-ASCII
      string: ''
    headers:
      User-Agent:
      - Faraday v0.8.8
      Client-Id:
      - eed-edsc-dev
      Echo-ClientId:
      - eed-edsc-dev
  recorded_at: Mon, 12 Mar 2018 16:52:37 GMT
  digest: 66c6f648d4f23935d2209493ed9ec0c092823470
- request:
    method: get
    uri: https://cmr.earthdata.nasa.gov/search/concepts/C1214560812-JAXA.umm_json_v1_9
    body:
      encoding: US-ASCII
      string: ''
    headers:
      User-Agent:
      - Faraday v0.8.8
      Client-Id:
      - eed-edsc-dev
      Echo-ClientId:
      - eed-edsc-dev
  recorded_at: Mon, 12 Mar 2018 16:52:05 GMT
  digest: 5d582bcc6dc93a15c87c22526849a94e06c98a33
- request:
    method: get
    uri: https://cmr.earthdata.nasa.gov/search/concepts/C1219032686-LANCEMODIS.umm_json_v1_9
    body:
      encoding: US-ASCII
      string: ''
    headers:
      User-Agent:
      - Faraday v0.8.8
      Client-Id:
      - eed-edsc-dev
      Echo-ClientId:
      - eed-edsc-dev
  recorded_at: Mon, 12 Mar 2018 15:53:07 GMT
  digest: 1b2e3aba2f70feb0bff588b71934ff3dbc613f5a
- request:
    method: get
    uri: https://cmr.earthdata.nasa.gov/search/concepts/C1220566654-USGS_LTA.umm_json_v1_9
    body:
      encoding: US-ASCII
      string: ''
    headers:
      User-Agent:
      - Faraday v0.8.8
      Client-Id:
      - eed-edsc-dev
      Echo-ClientId:
      - eed-edsc-dev
  recorded_at: Mon, 12 Mar 2018 16:01:08 GMT
  digest: 282a3e8908de05b5b879fd26fe91d314ed987f2d
- request:
    method: get
    uri: https://cmr.earthdata.nasa.gov/search/concepts/C1267337984-ASF.umm_json_v1_9
    body:
      encoding: US-ASCII
      string: ''
    headers:
      User-Agent:
      - Faraday v0.8.8
      Client-Id:
      - eed-edsc-dev
      Echo-ClientId:
      - eed-edsc-dev
  recorded_at: Mon, 12 Mar 2018 16:52:26 GMT
  digest: 2cc5633aa91d0d85904d4c8539c96cd4e7e946da
- request:
    method: get
    uri: https://cmr.earthdata.nasa.gov/search/concepts/C14758250-LPDAAC_ECS.json
    body:
      encoding: US-ASCII
      string: ''
    headers:
      User-Agent:
      - Faraday v0.8.8
      Client-Id:
      - eed-edsc-dev
      Echo-ClientId:
      - eed-edsc-dev
      Echo-Token:
      - edsc
  recorded_at: Mon, 12 Mar 2018 16:00:07 GMT
  digest: 9a55a8509703b3845b6925105f7cee3d5f6abd1f
- request:
    method: get
    uri: https://cmr.earthdata.nasa.gov/search/concepts/C179001887-SEDAC.umm_json_v1_9
    body:
      encoding: US-ASCII
      string: ''
    headers:
      User-Agent:
      - Faraday v0.8.8
      Client-Id:
      - eed-edsc-dev
      Echo-ClientId:
      - eed-edsc-dev
  recorded_at: Mon, 12 Mar 2018 15:53:13 GMT
  digest: 7f47dcc58d601724823984cc3d20ccdd6c0a9fae
- request:
    method: get
    uri: https://cmr.earthdata.nasa.gov/search/concepts/C179002914-ORNL_DAAC.json
    body:
      encoding: US-ASCII
      string: ''
    headers:
      User-Agent:
      - Faraday v0.8.8
      Client-Id:
      - eed-edsc-dev
      Echo-ClientId:
      - eed-edsc-dev
      Echo-Token:
      - edsc
  recorded_at: Mon, 12 Mar 2018 16:41:41 GMT
  digest: c8741b286fc3abcb830c7c874c36854adc00e412
- request:
    method: get
    uri: https://cmr.earthdata.nasa.gov/search/concepts/C179002914-ORNL_DAAC.umm_json_v1_9
    body:
      encoding: US-ASCII
      string: ''
    headers:
      User-Agent:
      - Faraday v0.8.8
      Client-Id:
      - eed-edsc-dev
      Echo-ClientId:
      - eed-edsc-dev
  recorded_at: Mon, 12 Mar 2018 16:02:00 GMT
  digest: 4157056e627d1fa5476da62e0929b091a56ead96
- request:
    method: get
    uri: https://cmr.earthdata.nasa.gov/search/concepts/C179003030-ORNL_DAAC.json
    body:
      encoding: US-ASCII
      string: ''
    headers:
      User-Agent:
      - Faraday v0.8.8
      Client-Id:
      - eed-edsc-dev
      Echo-ClientId:
      - eed-edsc-dev
      Echo-Token:
      - edsc
  recorded_at: Mon, 12 Mar 2018 16:35:27 GMT
  digest: d7d3b50c1300f4ea0697e1060baff892a0ef0a7e
- request:
    method: get
    uri: https://cmr.earthdata.nasa.gov/search/concepts/C179003030-ORNL_DAAC.umm_json_v1_9
    body:
      encoding: US-ASCII
      string: ''
    headers:
      User-Agent:
      - Faraday v0.8.8
      Client-Id:
      - eed-edsc-dev
      Echo-ClientId:
      - eed-edsc-dev
  recorded_at: Mon, 12 Mar 2018 15:57:26 GMT
  digest: 9d295991044c025d3d5b038ce2baaa641fa6d427
- request:
    method: get
    uri: https://cmr.earthdata.nasa.gov/search/concepts/C179003620-ORNL_DAAC.umm_json_v1_9
    body:
      encoding: US-ASCII
      string: ''
    headers:
      User-Agent:
      - Faraday v0.8.8
      Client-Id:
      - eed-edsc-dev
      Echo-ClientId:
      - eed-edsc-dev
  recorded_at: Mon, 12 Mar 2018 15:57:28 GMT
  digest: 777ee368c307f20e424bd2f58da2c3806b0253a5
- request:
    method: get
    uri: https://cmr.earthdata.nasa.gov/search/concepts/C179460405-LPDAAC_ECS.umm_json_v1_9
    body:
      encoding: US-ASCII
      string: ''
    headers:
      User-Agent:
      - Faraday v0.8.8
      Client-Id:
      - eed-edsc-dev
      Echo-ClientId:
      - eed-edsc-dev
  recorded_at: Mon, 12 Mar 2018 16:52:16 GMT
  digest: 6d07f0b1b88798dac06372a89585a4af000b8f9a
- request:
    method: get
    uri: https://cmr.earthdata.nasa.gov/search/concepts/C190757121-NSIDC_ECS.json
    body:
      encoding: US-ASCII
      string: ''
    headers:
      User-Agent:
      - Faraday v0.8.8
      Client-Id:
      - eed-edsc-dev
      Echo-ClientId:
      - eed-edsc-dev
      Echo-Token:
      - edsc
  recorded_at: Mon, 12 Mar 2018 16:32:16 GMT
  digest: 4261b4b444e02850f90df016776535e541c5dbbc
- request:
    method: get
    uri: https://cmr.earthdata.nasa.gov/search/concepts/C191855458-LARC.json
    body:
      encoding: US-ASCII
      string: ''
    headers:
      User-Agent:
      - Faraday v0.8.8
      Client-Id:
      - eed-edsc-dev
      Echo-ClientId:
      - eed-edsc-dev
      Echo-Token:
      - edsc
  recorded_at: Mon, 12 Mar 2018 16:34:31 GMT
  digest: 99e2577ea6d82ad49ed742f1da0620db8f9fc0eb
- request:
    method: get
    uri: https://cmr.earthdata.nasa.gov/search/concepts/C194001241-LPDAAC_ECS.json
    body:
      encoding: US-ASCII
      string: ''
    headers:
      User-Agent:
      - Faraday v0.8.8
      Client-Id:
      - eed-edsc-dev
      Echo-ClientId:
      - eed-edsc-dev
      Echo-Token:
      - edsc
  recorded_at: Mon, 12 Mar 2018 16:31:03 GMT
  digest: d37b345482bc6eea0c126c4372ea84394bb95677
- request:
    method: get
    uri: https://cmr.earthdata.nasa.gov/search/concepts/C197265171-LPDAAC_ECS.umm_json_v1_9
    body:
      encoding: US-ASCII
      string: ''
    headers:
      User-Agent:
      - Faraday v0.8.8
      Client-Id:
      - eed-edsc-dev
      Echo-ClientId:
      - eed-edsc-dev
  recorded_at: Mon, 12 Mar 2018 16:51:55 GMT
  digest: 422f4d4e6f9c2f3dc1dca78e492ceebffe42ad80
- request:
    method: get
    uri: https://cmr.earthdata.nasa.gov/search/concepts/C203234517-LAADS.umm_json_v1_9
    body:
      encoding: US-ASCII
      string: ''
    headers:
      User-Agent:
      - Faraday v0.8.8
      Client-Id:
      - eed-edsc-dev
      Echo-ClientId:
      - eed-edsc-dev
  recorded_at: Mon, 12 Mar 2018 16:52:50 GMT
  digest: f118dd7618834cf6e19b1636b8ab85058896282c
- request:
    method: get
    uri: https://cmr.earthdata.nasa.gov/search/concepts/C203234523-LAADS.json
    body:
      encoding: US-ASCII
      string: ''
    headers:
      User-Agent:
      - Faraday v0.8.8
      Client-Id:
      - eed-edsc-dev
      Echo-ClientId:
      - eed-edsc-dev
      Echo-Token:
      - edsc
  recorded_at: Mon, 12 Mar 2018 15:52:22 GMT
  digest: 0c07e7c1727e4a860954a4e3f1ec1f0810c0d171
- request:
    method: get
    uri: https://cmr.earthdata.nasa.gov/search/concepts/C204690560-LAADS.json
    body:
      encoding: US-ASCII
      string: ''
    headers:
      User-Agent:
      - Faraday v0.8.8
      Client-Id:
      - eed-edsc-dev
      Echo-ClientId:
      - eed-edsc-dev
      Echo-Token:
      - edsc
  recorded_at: Mon, 12 Mar 2018 16:54:58 GMT
  digest: d0031194e04bbdeb0f531986053442c1864123dc
- request:
    method: get
    uri: https://cmr.earthdata.nasa.gov/search/concepts/C4543622-LARC_ASDC.json
    body:
      encoding: US-ASCII
      string: ''
    headers:
      User-Agent:
      - Faraday v0.8.8
      Client-Id:
      - eed-edsc-dev
      Echo-ClientId:
      - eed-edsc-dev
      Echo-Token:
      - edsc
  recorded_at: Mon, 12 Mar 2018 15:55:45 GMT
  digest: 3590d4a3d39fcf403f75acea942bb337a3deaf59
- request:
    method: get
    uri: https://cmr.earthdata.nasa.gov/search/concepts/C7085910-LARC_ASDC.json
    body:
      encoding: US-ASCII
      string: ''
    headers:
      User-Agent:
      - Faraday v0.8.8
      Client-Id:
      - eed-edsc-dev
      Echo-ClientId:
      - eed-edsc-dev
      Echo-Token:
      - edsc
  recorded_at: Mon, 12 Mar 2018 16:35:02 GMT
  digest: 22773077a42ba7efc9a0d56017a1d43ae54bd2a0
- request:
    method: get
    uri: https://cmr.earthdata.nasa.gov/search/concepts/C92711294-NSIDC_ECS.umm_json_v1_9
    body:
      encoding: US-ASCII
      string: ''
    headers:
      User-Agent:
      - Faraday v0.8.8
      Client-Id:
      - eed-edsc-dev
      Echo-ClientId:
      - eed-edsc-dev
  recorded_at: Mon, 12 Mar 2018 17:04:14 GMT
  digest: b9948f8e37013c8d027ba74c28c2be44266302e7
- request:
    method: get
    uri: https://cmr.earthdata.nasa.gov/search/concepts/G1422671719-ORNL_DAAC.echo10
    body:
      encoding: US-ASCII
      string: ''
    headers:
      User-Agent:
      - Faraday v0.8.8
      Client-Id:
      - eed-edsc-dev
      Echo-ClientId:
      - eed-edsc-dev
  recorded_at: Mon, 12 Mar 2018 15:57:06 GMT
  digest: 5a697752f5fbcd2c219fb24cb232dc7ae851e1d3
- request:
    method: get
    uri: https://cmr.earthdata.nasa.gov/search/concepts/G1422671947-ORNL_DAAC.echo10
    body:
      encoding: US-ASCII
      string: ''
    headers:
      User-Agent:
      - Faraday v0.8.8
      Client-Id:
      - eed-edsc-dev
      Echo-ClientId:
      - eed-edsc-dev
  recorded_at: Mon, 12 Mar 2018 15:58:40 GMT
  digest: 1c5f6e248a5d239e63f6925e1d022cdfc37edab2
- request:
    method: get
    uri: https://cmr.sit.earthdata.nasa.gov/search/concepts/C1000000029-EDF_OPS.json
    body:
      encoding: US-ASCII
      string: ''
    headers:
      User-Agent:
      - Faraday v0.9.2
      Client-Id:
      - eed-edsc-dev
      Echo-ClientId:
      - eed-edsc-dev
      Echo-Token:
      - edsc
  recorded_at: Tue, 24 Apr 2018 18:22:03 GMT
  digest: 8d4f00e5672ef89f18dd10fa854423765bb63b3f
- request:
    method: get
    uri: https://cmr.sit.earthdata.nasa.gov/search/concepts/C1000000257-DEV07.umm_json_v1_9
    body:
      encoding: US-ASCII
      string: ''
    headers:
      User-Agent:
      - Faraday v0.8.8
      Client-Id:
      - eed-edsc-dev
      Echo-ClientId:
      - eed-edsc-dev
  recorded_at: Mon, 12 Mar 2018 15:52:59 GMT
  digest: 4e5fe7086caa3f7f7fcc12ff3ff0ecb9b98cd5f7
- request:
    method: get
    uri: https://cmr.sit.earthdata.nasa.gov/search/concepts/C1000000969-DEV08.json
    body:
      encoding: US-ASCII
      string: ''
    headers:
      User-Agent:
      - Faraday v0.9.2
      Client-Id:
      - eed-edsc-dev
      Echo-ClientId:
      - eed-edsc-dev
      Echo-Token:
      - edsc
  recorded_at: Thu, 10 May 2018 12:57:14 GMT
  digest: 83dbac185244ab53e7cf4c9c4f77d2f26d5c0d03
- request:
    method: get
    uri: https://cmr.sit.earthdata.nasa.gov/search/concepts/C1200187767-EDF_OPS.json
    body:
      encoding: US-ASCII
      string: ''
    headers:
      User-Agent:
      - Faraday v0.9.2
      Client-Id:
      - eed-edsc-dev
      Echo-ClientId:
      - eed-edsc-dev
      Echo-Token:
      - edsc
  recorded_at: Tue, 24 Apr 2018 17:27:02 GMT
  digest: 9932a1706d449279bb97e8618f684cabff508f06
- request:
    method: get
    uri: https://cmr.sit.earthdata.nasa.gov/search/concepts/C1200230663-MMT_1.umm_json_v1_9
    body:
      encoding: US-ASCII
      string: ''
    headers:
      User-Agent:
      - Faraday v0.8.8
      Client-Id:
      - eed-edsc-dev
      Echo-ClientId:
      - eed-edsc-dev
  recorded_at: Mon, 12 Mar 2018 16:52:23 GMT
  digest: 5cf5d7f76f99ec3c555b563138b6d5b9f4b4322e
- request:
    method: get
    uri: https://cmr.sit.earthdata.nasa.gov/search/concepts/C1200235634-EDF_DEV06.umm_json_v1_9
    body:
      encoding: US-ASCII
      string: ''
    headers:
      User-Agent:
      - Faraday v0.8.8
      Client-Id:
      - eed-edsc-dev
      Echo-ClientId:
      - eed-edsc-dev
  recorded_at: Mon, 12 Mar 2018 16:52:02 GMT
  digest: b254400c8d4ce110ceccdc75a040c6dab2e88e49
- request:
    method: get
    uri: https://cmr.sit.earthdata.nasa.gov/search/concepts/C24936-LAADS.umm_json_v1_9
    body:
      encoding: US-ASCII
      string: ''
    headers:
      User-Agent:
      - Faraday v0.8.8
      Client-Id:
      - eed-edsc-dev
      Echo-ClientId:
      - eed-edsc-dev
  recorded_at: Mon, 12 Mar 2018 15:52:52 GMT
  digest: 9cdc3d2600617b4e45da2c985f5e22fccc93aaa6
- request:
    method: get
    uri: https://cmr.uat.earthdata.nasa.gov/search/concepts/C1216393716-EDF_OPS.umm_json_v1_9
    body:
      encoding: US-ASCII
      string: ''
    headers:
      User-Agent:
      - Faraday v0.8.8
      Client-Id:
      - eed-edsc-dev
      Echo-ClientId:
      - eed-edsc-dev
      Echo-Token:
      - 9951de91c01200192a9ca34d722bd320a5318df43f39e651113dac6d34216e76:iGoL4SxnweOcSyBxA5eeUA
  recorded_at: Mon, 12 Mar 2018 16:52:13 GMT
  digest: 103c8bd7e4648a5a5696d3406191730638bc7852
recorded_with: VCR 2.6.0
