---
http_interactions:
- request:
    method: get
    uri: https://cmr.earthdata.nasa.gov/legacy-services/rest/data_quality_summary_definitions.json?catalog_item_id=C1000000020-LANCEAMSR2
    body:
      encoding: US-ASCII
      string: ''
    headers:
      User-Agent:
      - Faraday v0.8.8
      Echo-Token:
      - edsc-access
  recorded_at: Fri, 23 Feb 2018 17:58:39 GMT
  digest: 1df62c2c556263e78fc8590aeec65f41d6b891c4
- request:
    method: get
    uri: https://cmr.earthdata.nasa.gov/legacy-services/rest/data_quality_summary_definitions.json?catalog_item_id=C1000000445-NSIDC_ECS
    body:
      encoding: US-ASCII
      string: ''
    headers:
      User-Agent:
      - Faraday v0.8.8
      Echo-Token:
      - edsc-access
  recorded_at: Fri, 23 Feb 2018 17:42:15 GMT
  digest: 925387f865850fdae042de0bafe9b3de584a365e
- request:
    method: get
    uri: https://cmr.earthdata.nasa.gov/legacy-services/rest/data_quality_summary_definitions.json?catalog_item_id=C1000000561-NSIDC_ECS
    body:
      encoding: US-ASCII
      string: ''
    headers:
      User-Agent:
      - Faraday v0.8.8
      Echo-Token:
      - edsc-access
  recorded_at: Fri, 23 Feb 2018 17:36:13 GMT
  digest: 7ad1b385515b570f1c0e60be158f59cd9184857e
- request:
    method: get
    uri: https://cmr.earthdata.nasa.gov/legacy-services/rest/data_quality_summary_definitions.json?catalog_item_id=C1000001440-NSIDC_ECS
    body:
      encoding: US-ASCII
      string: ''
    headers:
      User-Agent:
      - Faraday v0.8.8
      Echo-Token:
      - edsc-access
  recorded_at: Fri, 23 Feb 2018 18:09:24 GMT
  digest: cebbaf8d2d69abf9b5a8077df9a48259576c48ae
- request:
    method: get
    uri: https://cmr.earthdata.nasa.gov/legacy-services/rest/data_quality_summary_definitions.json?catalog_item_id=C115003855-NSIDC_ECS
    body:
      encoding: US-ASCII
      string: ''
    headers:
      User-Agent:
      - Faraday v0.8.8
      Echo-Token:
      - edsc-access
  recorded_at: Fri, 23 Feb 2018 17:56:12 GMT
  digest: b3d04b7d5aab74b3bbdea6480d919b15ced9f78c
- request:
    method: get
    uri: https://cmr.earthdata.nasa.gov/legacy-services/rest/data_quality_summary_definitions.json?catalog_item_id=C115003857-NSIDC_ECS
    body:
      encoding: US-ASCII
      string: ''
    headers:
      User-Agent:
      - Faraday v0.8.8
      Echo-Token:
      - edsc-access
  recorded_at: Fri, 23 Feb 2018 18:08:29 GMT
  digest: df95c780b235a87216e7887dd379b1b6a01b465d
- request:
    method: get
    uri: https://cmr.earthdata.nasa.gov/legacy-services/rest/data_quality_summary_definitions.json?catalog_item_id=C1358859924-ORNL_DAAC
    body:
      encoding: US-ASCII
      string: ''
    headers:
      User-Agent:
      - Faraday v0.8.8
      Echo-Token:
      - edsc-access
  recorded_at: Mon, 26 Feb 2018 15:45:23 GMT
  digest: fee45a37ac8da3e7f92f89573a3aad1c23a7df75
- request:
    method: get
    uri: https://cmr.earthdata.nasa.gov/legacy-services/rest/data_quality_summary_definitions.json?catalog_item_id=C14758250-LPDAAC_ECS
    body:
      encoding: US-ASCII
      string: ''
    headers:
      User-Agent:
      - Faraday v0.8.8
      Echo-Token:
      - edsc-access
  recorded_at: Fri, 23 Feb 2018 18:03:50 GMT
  digest: 521c8814cf4d91c08c4b51c4ffbd265330432872
- request:
    method: get
    uri: https://cmr.earthdata.nasa.gov/legacy-services/rest/data_quality_summary_definitions.json?catalog_item_id=C179001887-SEDAC
    body:
      encoding: US-ASCII
      string: ''
    headers:
      User-Agent:
      - Faraday v0.8.8
      Echo-Token:
      - edsc-access
  recorded_at: Fri, 23 Feb 2018 17:49:38 GMT
  digest: 811a49119fb9472f4646b1db8db24f8e77c069f2
- request:
    method: get
    uri: https://cmr.earthdata.nasa.gov/legacy-services/rest/data_quality_summary_definitions.json?catalog_item_id=C179002914-ORNL_DAAC
    body:
      encoding: US-ASCII
      string: ''
    headers:
      User-Agent:
      - Faraday v0.8.8
      Echo-Token:
      - edsc-access
  recorded_at: Fri, 23 Feb 2018 17:36:27 GMT
  digest: cdf7aaa5be50495f0f1bf892401e69ca19cd0fdf
- request:
    method: get
    uri: https://cmr.earthdata.nasa.gov/legacy-services/rest/data_quality_summary_definitions.json?catalog_item_id=C179003030-ORNL_DAAC
    body:
      encoding: US-ASCII
      string: ''
    headers:
      User-Agent:
      - Faraday v0.8.8
      Echo-Token:
      - edsc-access
  recorded_at: Fri, 23 Feb 2018 17:49:37 GMT
  digest: 0426dceb8358bac4f74dc1a6bcb835b1f5b4a45d
- request:
    method: get
    uri: https://cmr.earthdata.nasa.gov/legacy-services/rest/data_quality_summary_definitions.json?catalog_item_id=C179003620-ORNL_DAAC
    body:
      encoding: US-ASCII
      string: ''
    headers:
      User-Agent:
      - Faraday v0.8.8
      Echo-Token:
      - edsc-access
  recorded_at: Fri, 23 Feb 2018 17:58:00 GMT
  digest: 44ddbd8e03862b2981e21ceccae5d52547275eb7
- request:
    method: get
    uri: https://cmr.earthdata.nasa.gov/legacy-services/rest/data_quality_summary_definitions.json?catalog_item_id=C190757121-NSIDC_ECS
    body:
      encoding: US-ASCII
      string: ''
    headers:
      User-Agent:
      - Faraday v0.8.8
      Echo-Token:
      - edsc-access
  recorded_at: Fri, 23 Feb 2018 17:38:00 GMT
  digest: a60edb4a224fa10586d2cc0bd946ceb8a811c65c
- request:
    method: get
    uri: https://cmr.earthdata.nasa.gov/legacy-services/rest/data_quality_summary_definitions.json?catalog_item_id=C191855458-LARC
    body:
      encoding: US-ASCII
      string: ''
    headers:
      User-Agent:
      - Faraday v0.8.8
      Echo-Token:
      - edsc-access
  recorded_at: Fri, 23 Feb 2018 18:01:59 GMT
  digest: c9866cc085b415917bcb18bac79fabbef2441505
- request:
    method: get
    uri: https://cmr.earthdata.nasa.gov/legacy-services/rest/data_quality_summary_definitions.json?catalog_item_id=C194001241-LPDAAC_ECS
    body:
      encoding: US-ASCII
      string: ''
    headers:
      User-Agent:
      - Faraday v0.8.8
      Echo-Token:
      - edsc-access
  recorded_at: Fri, 23 Feb 2018 17:58:19 GMT
  digest: 0ee8959903012d48e523d474b3bdb3de033ded9a
- request:
    method: get
    uri: https://cmr.earthdata.nasa.gov/legacy-services/rest/data_quality_summary_definitions.json?catalog_item_id=C203234523-LAADS
    body:
      encoding: US-ASCII
      string: ''
    headers:
      User-Agent:
      - Faraday v0.8.8
      Echo-Token:
      - edsc-access
  recorded_at: Fri, 23 Feb 2018 17:52:41 GMT
  digest: 37e6ab4fc80e9e10844aa20392108a4e52bbf170
- request:
    method: get
    uri: https://cmr.earthdata.nasa.gov/legacy-services/rest/data_quality_summary_definitions.json?catalog_item_id=C204690560-LAADS
    body:
      encoding: US-ASCII
      string: ''
    headers:
      User-Agent:
      - Faraday v0.8.8
      Echo-Token:
      - edsc-access
  recorded_at: Fri, 23 Feb 2018 18:08:15 GMT
  digest: caacdae8d1927ec8178b6e67c623613cc87c23f6
- request:
    method: get
    uri: https://cmr.earthdata.nasa.gov/legacy-services/rest/data_quality_summary_definitions.json?catalog_item_id=C4521853-LARC_ASDC
    body:
      encoding: US-ASCII
      string: ''
    headers:
      User-Agent:
      - Faraday v0.8.8
      Echo-Token:
      - edsc-access
  recorded_at: Mon, 02 Jul 2018 17:55:56 GMT
  digest: e9ce1eb1d67bb3c5f3a5a4463c24c7ea5c65c405
- request:
    method: get
    uri: https://cmr.earthdata.nasa.gov/legacy-services/rest/data_quality_summary_definitions.json?catalog_item_id=C4543622-LARC_ASDC
    body:
      encoding: US-ASCII
      string: ''
    headers:
      User-Agent:
      - Faraday v0.8.8
      Echo-Token:
      - edsc-access
  recorded_at: Fri, 23 Feb 2018 17:36:44 GMT
  digest: bd96e3c75e5b63219b91a5f67537ccaf1403eb56
- request:
    method: get
    uri: https://cmr.earthdata.nasa.gov/legacy-services/rest/data_quality_summary_definitions.json?catalog_item_id=C7085910-LARC_ASDC
    body:
      encoding: US-ASCII
      string: ''
    headers:
      User-Agent:
      - Faraday v0.8.8
      Echo-Token:
      - edsc-access
  recorded_at: Fri, 23 Feb 2018 18:02:23 GMT
  digest: 1edc20e916840ddeccdd42a1d3cb964a765e908b
- request:
    method: get
    uri: https://cmr.earthdata.nasa.gov/legacy-services/rest/data_quality_summary_definitions/67F585F8-EA34-471F-A57E-BE10AC32A594
    body:
      encoding: US-ASCII
      string: ''
    headers:
      User-Agent:
      - Faraday v0.8.8
      Echo-Token:
      - edsc-access
  recorded_at: Fri, 23 Feb 2018 17:58:20 GMT
  digest: 82b020a57ef517df9619b09755a50fec5ff31aed
- request:
    method: get
    uri: https://cmr.earthdata.nasa.gov/legacy-services/rest/data_quality_summary_definitions/71558EF5-C220-D8DA-29A1-A4A17D2F29CA
    body:
      encoding: US-ASCII
      string: ''
    headers:
      User-Agent:
      - Faraday v0.8.8
      Echo-Token:
      - edsc-access
  recorded_at: Fri, 23 Feb 2018 18:02:00 GMT
  digest: 7f6c7af7595736e0804a20d25f9da97f51985958
- request:
    method: get
    uri: https://cmr.earthdata.nasa.gov/legacy-services/rest/data_quality_summary_definitions/77EDC43F-3BBC-2E39-BFBA-16DDE3540447
    body:
      encoding: US-ASCII
      string: ''
    headers:
      User-Agent:
      - Faraday v0.8.8
      Echo-Token:
      - edsc-access
  recorded_at: Fri, 23 Feb 2018 17:56:12 GMT
  digest: 2a7120ef1036f66b934cd38ddb0ad7b71bd64256
- request:
    method: get
    uri: https://cmr.earthdata.nasa.gov/legacy-services/rest/data_quality_summary_definitions/7F7F0445-FDFB-5D08-E982-9242C48FC0FB
    body:
      encoding: US-ASCII
      string: ''
    headers:
      User-Agent:
      - Faraday v0.8.8
      Echo-Token:
      - edsc-access
  recorded_at: Fri, 23 Feb 2018 17:36:14 GMT
  digest: 23a9064e314f6157b0a0ecbbee3566bed9bc264a
- request:
    method: get
    uri: https://cmr.earthdata.nasa.gov/legacy-services/rest/data_quality_summary_definitions/FEC75FB2-A2DF-AB7E-1A0E-22C10DCA8AF6
    body:
      encoding: US-ASCII
      string: ''
    headers:
      User-Agent:
      - Faraday v0.8.8
      Echo-Token:
      - edsc-access
  recorded_at: Fri, 23 Feb 2018 18:03:51 GMT
  digest: cd9a6d5281aaa36517179d5bd0562e89010f8f6a
- request:
    method: get
    uri: https://cmr.sit.earthdata.nasa.gov/legacy-services/rest/data_quality_summary_definitions.json?catalog_item_id=C24933-LAADS
    body:
      encoding: US-ASCII
      string: ''
    headers:
      User-Agent:
      - Faraday v0.8.8
      Echo-Token:
      - edsc-access
  recorded_at: Wed, 08 Aug 2018 16:56:22 GMT
  digest: f253363fc090668ed281e44ff060b788f1ca798d
- request:
    method: get
    uri: https://cmr.uat.earthdata.nasa.gov/legacy-services/rest/data_quality_summary_definitions.json?catalog_item_id=C447308-ORNL_DAAC
    body:
      encoding: US-ASCII
      string: ''
    headers:
      User-Agent:
      - Faraday v0.8.8
      Echo-Token:
      - edsc-access
  recorded_at: Wed, 08 Aug 2018 16:58:05 GMT
  digest: c4aec73f61006f93de91905a2cf15caf4d251d55
recorded_with: VCR 2.6.0
