---
http_interactions:
- request:
    method: post
    uri: https://cmr.earthdata.nasa.gov/search/granules.json
    body:
      encoding: US-ASCII
      string: bounding_box=0%2C0%2C10%2C10&browse_only=true&cloud_cover=2.5%2C5.0&day_night_flag=DAY&echo_collection_id=C14758250-LPDAAC_ECS&page_num=1&page_size=20&sort_key%5B%5D=-start_date&temporal=2013-12-01T00%3A00%3A00.000Z%2C2013-12-31T00%3A00%3A00.000Z
    headers:
      User-Agent:
      - Faraday v0.9.2
      Content-Type:
      - application/x-www-form-urlencoded
      Client-Id:
      - eed-edsc-dev
      Echo-ClientId:
      - eed-edsc-dev
  recorded_at: Mon, 11 Jun 2018 20:16:22 GMT
  digest: 193c8b42e4b716acff166a948ab799b902c393cd
- request:
    method: post
    uri: https://cmr.earthdata.nasa.gov/search/granules.json
    body:
      encoding: US-ASCII
      string: bounding_box=0%2C0%2C10%2C10&browse_only=true&day_night_flag=DAY&echo_collection_id=C14758250-LPDAAC_ECS&page_num=1&page_size=20&sort_key%5B%5D=-start_date&temporal=2013-12-01T00%3A00%3A00.000Z%2C2013-12-31T00%3A00%3A00.000Z
    headers:
      User-Agent:
      - Faraday v0.9.2
      Content-Type:
      - application/x-www-form-urlencoded
      Client-Id:
      - eed-edsc-dev
      Echo-ClientId:
      - eed-edsc-dev
  recorded_at: Mon, 11 Jun 2018 20:16:20 GMT
  digest: 7dc1d5ebd598439692176c6ce786533ad256aa4b
- request:
    method: post
    uri: https://cmr.earthdata.nasa.gov/search/granules.json
    body:
      encoding: US-ASCII
      string: bounding_box=0%2C0%2C10%2C10&day_night_flag=DAY&echo_collection_id=C14758250-LPDAAC_ECS&page_num=1&page_size=20&sort_key%5B%5D=-start_date&temporal=2013-12-01T00%3A00%3A00.000Z%2C2013-12-31T00%3A00%3A00.000Z
    headers:
      User-Agent:
      - Faraday v0.9.2
      Content-Type:
      - application/x-www-form-urlencoded
      Client-Id:
      - eed-edsc-dev
      Echo-ClientId:
      - eed-edsc-dev
  recorded_at: Mon, 11 Jun 2018 20:16:15 GMT
  digest: 69321c529eb46c6e02307a6924678ca4f34f9642
- request:
    method: post
    uri: https://cmr.earthdata.nasa.gov/search/granules.json
    body:
      encoding: US-ASCII
      string: bounding_box=0%2C0%2C10%2C10&echo_collection_id=C14758250-LPDAAC_ECS&page_num=1&page_size=20&sort_key%5B%5D=-start_date&temporal=2013-12-01T00%3A00%3A00.000Z%2C2013-12-31T00%3A00%3A00.000Z
    headers:
      User-Agent:
      - Faraday v0.9.2
      Content-Type:
      - application/x-www-form-urlencoded
      Client-Id:
      - eed-edsc-dev
      Echo-ClientId:
      - eed-edsc-dev
  recorded_at: Mon, 11 Jun 2018 20:16:13 GMT
  digest: 67b58065eb0de3be7728864561d405afe69c93b7
- request:
    method: post
    uri: https://cmr.earthdata.nasa.gov/search/granules.json
    body:
      encoding: US-ASCII
      string: bounding_box=0%2C0%2C10%2C10&echo_collection_id=C14758250-LPDAAC_ECS&page_num=1&page_size=20&sort_key%5B%5D=-start_date
    headers:
      User-Agent:
      - Faraday v0.9.2
      Content-Type:
      - application/x-www-form-urlencoded
      Client-Id:
      - eed-edsc-dev
      Echo-ClientId:
      - eed-edsc-dev
  recorded_at: Mon, 11 Jun 2018 20:16:06 GMT
  digest: 3d09e5a52c49de7c0f3f94dcc4ec2c857cee0d95
- request:
    method: post
    uri: https://cmr.earthdata.nasa.gov/search/granules.json
    body:
      encoding: US-ASCII
      string: bounding_box=0%2C0%2C15%2C10&echo_collection_id=C1219248591-LANCEMODIS&page_num=1&page_size=20&sort_key%5B%5D=-start_date
    headers:
      User-Agent:
      - Faraday v0.9.2
      Content-Type:
      - application/x-www-form-urlencoded
      Client-Id:
      - eed-edsc-dev
      Echo-ClientId:
      - eed-edsc-dev
  recorded_at: Mon, 11 Jun 2018 20:24:04 GMT
  digest: 2b095be8ef1e2957d06072d71ee166616fcf9c47
- request:
    method: post
    uri: https://cmr.earthdata.nasa.gov/search/granules.json
    body:
      encoding: US-ASCII
      string: bounding_box=0%2C0%2C15%2C15&echo_collection_id=C1236224151-GES_DISC&page_num=1&page_size=20&sort_key%5B%5D=-start_date
    headers:
      User-Agent:
      - Faraday v0.9.2
      Content-Type:
      - application/x-www-form-urlencoded
      Client-Id:
      - eed-edsc-dev
      Echo-ClientId:
      - eed-edsc-dev
  recorded_at: Mon, 11 Jun 2018 20:22:53 GMT
  digest: 925cb03ba15c7a18b61c05132aa323479e40d99b
- request:
    method: post
    uri: https://cmr.earthdata.nasa.gov/search/granules.json
    body:
      encoding: US-ASCII
      string: bounding_box=0%2C0%2C15%2C15&echo_collection_id=C203234448-LAADS&page_num=1&page_size=20&sort_key%5B%5D=-start_date
    headers:
      User-Agent:
      - Faraday v0.9.2
      Content-Type:
      - application/x-www-form-urlencoded
      Client-Id:
      - eed-edsc-dev
      Echo-ClientId:
      - eed-edsc-dev
  recorded_at: Mon, 11 Jun 2018 20:31:49 GMT
  digest: c9a03f60d529469a8850b82c7c1170fa370300a1
- request:
    method: post
    uri: https://cmr.earthdata.nasa.gov/search/granules.json
    body:
      encoding: US-ASCII
      string: bounding_box=0%2C0%2C2%2C2&echo_collection_id=C191855458-LARC&page_size=20&sort_key%5B%5D=-start_date&temporal=2014-07-23T00%3A00%3A00.000Z%2C2014-08-02T00%3A00%3A00.000Z
    headers:
      User-Agent:
      - Faraday v0.9.2
      Content-Type:
      - application/x-www-form-urlencoded
      Client-Id:
      - eed-edsc-dev
      Echo-ClientId:
      - eed-edsc-dev
      Echo-Token:
      - edsc-access
  recorded_at: Mon, 11 Jun 2018 20:25:42 GMT
  digest: ba4448800bb12d51055c4b33fb01218f84d12623
- request:
    method: post
    uri: https://cmr.earthdata.nasa.gov/search/granules.json
    body:
      encoding: US-ASCII
      string: bounding_box=10%2C-10%2C-10%2C10&echo_collection_id=C1000000000-LANCEAMSR2&page_num=1&page_size=20&sort_key%5B%5D=-start_date
    headers:
      User-Agent:
      - Faraday v0.9.2
      Content-Type:
      - application/x-www-form-urlencoded
      Client-Id:
      - eed-edsc-dev
      Echo-ClientId:
      - eed-edsc-dev
  recorded_at: Mon, 11 Jun 2018 20:29:19 GMT
  digest: 0a138f4958ae4eeddf69ff1dd1cc80055048e131
- request:
    method: post
    uri: https://cmr.earthdata.nasa.gov/search/granules.json
    body:
      encoding: US-ASCII
      string: bounding_box=10%2C-10%2C-10%2C10&echo_collection_id=C1000000000-LANCEAMSR2&page_size=20&sort_key%5B%5D=-start_date
    headers:
      User-Agent:
      - Faraday v0.9.2
      Content-Type:
      - application/x-www-form-urlencoded
      Client-Id:
      - eed-edsc-dev
      Echo-ClientId:
      - eed-edsc-dev
      Echo-Token:
      - edsc-access
  recorded_at: Mon, 11 Jun 2018 20:29:34 GMT
  digest: 351b92020c640554576218cfccebf5ceba692d0a
- request:
    method: post
    uri: https://cmr.earthdata.nasa.gov/search/granules.json
    body:
      encoding: US-ASCII
      string: bounding_box=10%2C-10%2C-10%2C10&echo_collection_id=C14758250-LPDAAC_ECS&page_num=1&page_size=20&sort_key%5B%5D=-start_date
    headers:
      User-Agent:
      - Faraday v0.9.2
      Content-Type:
      - application/x-www-form-urlencoded
      Client-Id:
      - eed-edsc-dev
      Echo-ClientId:
      - eed-edsc-dev
  recorded_at: Mon, 11 Jun 2018 20:29:18 GMT
  digest: 0e3b21b34edea6a4cc7e6f247ab75df150c127b8
- request:
    method: post
    uri: https://cmr.earthdata.nasa.gov/search/granules.json
    body:
      encoding: US-ASCII
      string: bounding_box=10%2C-10%2C-10%2C10&echo_collection_id=C14758250-LPDAAC_ECS&page_size=20&sort_key%5B%5D=-start_date
    headers:
      User-Agent:
      - Faraday v0.9.2
      Content-Type:
      - application/x-www-form-urlencoded
      Client-Id:
      - eed-edsc-dev
      Echo-ClientId:
      - eed-edsc-dev
      Echo-Token:
      - edsc-access
  recorded_at: Mon, 11 Jun 2018 20:29:33 GMT
  digest: 2bdf36162fbeb08e9d10fa2b51a3ae2721fc8833
- request:
    method: post
    uri: https://cmr.earthdata.nasa.gov/search/granules.json
    body:
      encoding: US-ASCII
      string: browse_only=true&cloud_cover=2.5%2C5.0&day_night_flag=DAY&echo_collection_id=C14758250-LPDAAC_ECS&page_num=1&page_size=20&sort_key%5B%5D=-start_date&temporal=2013-12-01T00%3A00%3A00.000Z%2C2013-12-31T00%3A00%3A00.000Z
    headers:
      User-Agent:
      - Faraday v0.9.2
      Content-Type:
      - application/x-www-form-urlencoded
      Client-Id:
      - eed-edsc-dev
      Echo-ClientId:
      - eed-edsc-dev
  recorded_at: Mon, 11 Jun 2018 20:16:40 GMT
  digest: caf8cc111885e918bb177aff3b74f40c90136c47
- request:
    method: post
    uri: https://cmr.earthdata.nasa.gov/search/granules.json
    body:
      encoding: US-ASCII
      string: browse_only=true&day_night_flag=DAY&echo_collection_id=C14758250-LPDAAC_ECS&page_num=1&page_size=20&sort_key%5B%5D=-start_date&temporal=2013-12-01T00%3A00%3A00.000Z%2C2013-12-31T00%3A00%3A00.000Z
    headers:
      User-Agent:
      - Faraday v0.9.2
      Content-Type:
      - application/x-www-form-urlencoded
      Client-Id:
      - eed-edsc-dev
      Echo-ClientId:
      - eed-edsc-dev
  recorded_at: Mon, 11 Jun 2018 20:16:38 GMT
  digest: 0dec2bb37f67d4cc8c11fd829dade203385092d3
- request:
    method: post
    uri: https://cmr.earthdata.nasa.gov/search/granules.json
    body:
      encoding: US-ASCII
      string: browse_only=true&echo_collection_id=C179003030-ORNL_DAAC&page_num=1&page_size=20&sort_key%5B%5D=-start_date
    headers:
      User-Agent:
      - Faraday v0.9.2
      Content-Type:
      - application/x-www-form-urlencoded
      Client-Id:
      - eed-edsc-dev
      Echo-ClientId:
      - eed-edsc-dev
  recorded_at: Mon, 11 Jun 2018 20:17:08 GMT
  digest: 8cd835e3047b3f0f68549e1e8fcb0b760ac97b4b
- request:
    method: post
    uri: https://cmr.earthdata.nasa.gov/search/granules.json
    body:
      encoding: US-ASCII
      string: browse_only=true&echo_collection_id=C92711294-NSIDC_ECS&exclude%5Becho_granule_id%5D%5B%5D=G1360367376-NSIDC_ECS&page_num=1&page_size=20&sort_key%5B%5D=-start_date
    headers:
      User-Agent:
      - Faraday v0.9.2
      Content-Type:
      - application/x-www-form-urlencoded
      Client-Id:
      - eed-edsc-dev
      Echo-ClientId:
      - eed-edsc-dev
  recorded_at: Mon, 11 Jun 2018 20:40:42 GMT
  digest: 6670cc6a126a6766e2b45176565b954910522622
- request:
    method: post
    uri: https://cmr.earthdata.nasa.gov/search/granules.json
    body:
      encoding: US-ASCII
      string: day_night_flag=DAY&echo_collection_id=C14758250-LPDAAC_ECS&page_num=1&page_size=20&sort_key%5B%5D=-start_date&temporal=2013-12-01T00%3A00%3A00.000Z%2C2013-12-31T00%3A00%3A00.000Z
    headers:
      User-Agent:
      - Faraday v0.9.2
      Content-Type:
      - application/x-www-form-urlencoded
      Client-Id:
      - eed-edsc-dev
      Echo-ClientId:
      - eed-edsc-dev
  recorded_at: Mon, 11 Jun 2018 20:16:34 GMT
  digest: a4391e8f74163158fdc2c942054430f37959946e
- request:
    method: post
    uri: https://cmr.earthdata.nasa.gov/search/granules.json
    body:
      encoding: US-ASCII
      string: echo_collection_id=C1000000000-LANCEAMSR2&page_num=1&page_size=20&point=0%2C0&sort_key%5B%5D=-start_date
    headers:
      User-Agent:
      - Faraday v0.9.2
      Content-Type:
      - application/x-www-form-urlencoded
      Client-Id:
      - eed-edsc-dev
      Echo-ClientId:
      - eed-edsc-dev
  recorded_at: Mon, 11 Jun 2018 20:28:52 GMT
  digest: d0d766c1b54d39d1df0f6738315153f0039c5593
- request:
    method: post
    uri: https://cmr.earthdata.nasa.gov/search/granules.json
    body:
      encoding: US-ASCII
      string: echo_collection_id=C1000000000-LANCEAMSR2&page_num=1&page_size=20&polygon=10%2C10%2C-10%2C10%2C-10%2C-10%2C10%2C-10%2C10%2C10&sort_key%5B%5D=-start_date
    headers:
      User-Agent:
      - Faraday v0.9.2
      Content-Type:
      - application/x-www-form-urlencoded
      Client-Id:
      - eed-edsc-dev
      Echo-ClientId:
      - eed-edsc-dev
  recorded_at: Mon, 11 Jun 2018 20:29:37 GMT
  digest: 51ac3331ca46a760003c39721e710f65b7ac5544
- request:
    method: post
    uri: https://cmr.earthdata.nasa.gov/search/granules.json
    body:
      encoding: US-ASCII
      string: echo_collection_id=C1000000000-LANCEAMSR2&page_num=1&page_size=20&sort_key%5B%5D=-start_date&temporal=%2C2014-02-01T00%3A00%3A01.000Z
    headers:
      User-Agent:
      - Faraday v0.9.2
      Content-Type:
      - application/x-www-form-urlencoded
      Client-Id:
      - eed-edsc-dev
      Echo-ClientId:
      - eed-edsc-dev
  recorded_at: Mon, 11 Jun 2018 20:30:09 GMT
  digest: 24ee03c6f36ea0e1ca7e357b5aa3f5efe492dbd1
- request:
    method: post
    uri: https://cmr.earthdata.nasa.gov/search/granules.json
    body:
      encoding: US-ASCII
      string: echo_collection_id=C1000000000-LANCEAMSR2&page_num=1&page_size=20&sort_key%5B%5D=-start_date&temporal=2010-01-01T00%3A00%3A00.000Z%2C2014-02-01T00%3A00%3A01.000Z
    headers:
      User-Agent:
      - Faraday v0.9.2
      Content-Type:
      - application/x-www-form-urlencoded
      Client-Id:
      - eed-edsc-dev
      Echo-ClientId:
      - eed-edsc-dev
  recorded_at: Mon, 11 Jun 2018 20:30:20 GMT
  digest: 3c641fffbfe61e1129b7db427dde302e1e2a9323
- request:
    method: post
    uri: https://cmr.earthdata.nasa.gov/search/granules.json
    body:
      encoding: US-ASCII
      string: echo_collection_id=C1000000000-LANCEAMSR2&page_num=1&page_size=20&sort_key%5B%5D=-start_date&temporal=2010-01-01T00%3A00%3A00.000Z%2C
    headers:
      User-Agent:
      - Faraday v0.9.2
      Content-Type:
      - application/x-www-form-urlencoded
      Client-Id:
      - eed-edsc-dev
      Echo-ClientId:
      - eed-edsc-dev
  recorded_at: Mon, 11 Jun 2018 20:30:15 GMT
  digest: 836c736fceae5144b13bbc528eb6e778e9910b8b
- request:
    method: post
    uri: https://cmr.earthdata.nasa.gov/search/granules.json
    body:
      encoding: US-ASCII
      string: echo_collection_id=C1000000000-LANCEAMSR2&page_num=1&page_size=20&sort_key%5B%5D=-start_date
    headers:
      User-Agent:
      - Faraday v0.9.2
      Content-Type:
      - application/x-www-form-urlencoded
      Client-Id:
      - eed-edsc-dev
      Echo-ClientId:
      - eed-edsc-dev
  recorded_at: Mon, 11 Jun 2018 20:28:31 GMT
  digest: a66c1c3dd45e1d63d4ccb4df5045d5144a551dcf
- request:
    method: post
    uri: https://cmr.earthdata.nasa.gov/search/granules.json
    body:
      encoding: US-ASCII
      string: echo_collection_id=C1000000000-LANCEAMSR2&page_size=20&point=0%2C0&sort_key%5B%5D=-start_date
    headers:
      User-Agent:
      - Faraday v0.9.2
      Content-Type:
      - application/x-www-form-urlencoded
      Client-Id:
      - eed-edsc-dev
      Echo-ClientId:
      - eed-edsc-dev
      Echo-Token:
      - edsc-access
  recorded_at: Mon, 11 Jun 2018 20:28:54 GMT
  digest: d8f61f11b5999e6e6d246c62703437b30db7e1ba
- request:
    method: post
    uri: https://cmr.earthdata.nasa.gov/search/granules.json
    body:
      encoding: US-ASCII
      string: echo_collection_id=C1000000000-LANCEAMSR2&page_size=20&polygon=10%2C10%2C-10%2C10%2C-10%2C-10%2C10%2C-10%2C10%2C10&sort_key%5B%5D=-start_date
    headers:
      User-Agent:
      - Faraday v0.9.2
      Content-Type:
      - application/x-www-form-urlencoded
      Client-Id:
      - eed-edsc-dev
      Echo-ClientId:
      - eed-edsc-dev
      Echo-Token:
      - edsc-access
  recorded_at: Mon, 11 Jun 2018 20:29:43 GMT
  digest: 9c3ffd2547bfca5d87c027b1ad633d38ce27f4bb
- request:
    method: post
    uri: https://cmr.earthdata.nasa.gov/search/granules.json
    body:
      encoding: US-ASCII
      string: echo_collection_id=C1000000000-LANCEAMSR2&page_size=20&sort_key%5B%5D=-start_date&temporal=%2C2014-02-01T00%3A00%3A01.000Z
    headers:
      User-Agent:
      - Faraday v0.9.2
      Content-Type:
      - application/x-www-form-urlencoded
      Client-Id:
      - eed-edsc-dev
      Echo-ClientId:
      - eed-edsc-dev
      Echo-Token:
      - edsc-access
  recorded_at: Wed, 11 Jul 2018 15:34:43 GMT
  digest: 514a876f3c4dd32446bb0d99821b1d0f365d3ae1
- request:
    method: post
    uri: https://cmr.earthdata.nasa.gov/search/granules.json
    body:
      encoding: US-ASCII
      string: echo_collection_id=C1000000000-LANCEAMSR2&page_size=20&sort_key%5B%5D=-start_date&temporal=2010-01-01T00%3A00%3A00.000Z%2C2014-02-01T00%3A00%3A01.000Z
    headers:
      User-Agent:
      - Faraday v0.9.2
      Content-Type:
      - application/x-www-form-urlencoded
      Client-Id:
      - eed-edsc-dev
      Echo-ClientId:
      - eed-edsc-dev
      Echo-Token:
      - edsc-access
  recorded_at: Wed, 11 Jul 2018 15:34:18 GMT
  digest: 4ec7f4c5d5e657262be5d0c0f804aa60a279a693
- request:
    method: post
    uri: https://cmr.earthdata.nasa.gov/search/granules.json
    body:
      encoding: US-ASCII
      string: echo_collection_id=C1000000000-LANCEAMSR2&page_size=20&sort_key%5B%5D=-start_date&temporal=2010-01-01T00%3A00%3A00.000Z%2C
    headers:
      User-Agent:
      - Faraday v0.9.2
      Content-Type:
      - application/x-www-form-urlencoded
      Client-Id:
      - eed-edsc-dev
      Echo-ClientId:
      - eed-edsc-dev
      Echo-Token:
      - edsc-access
  recorded_at: Wed, 11 Jul 2018 15:34:29 GMT
  digest: 5d48f0b70c808ffa6dce6b9d976044a125ea98dd
- request:
    method: post
    uri: https://cmr.earthdata.nasa.gov/search/granules.json
    body:
      encoding: US-ASCII
      string: echo_collection_id=C1000000000-LANCEAMSR2&page_size=20&sort_key%5B%5D=-start_date
    headers:
      User-Agent:
      - Faraday v0.9.2
      Content-Type:
      - application/x-www-form-urlencoded
      Client-Id:
      - eed-edsc-dev
      Echo-ClientId:
      - eed-edsc-dev
      Echo-Token:
      - edsc-access
  recorded_at: Mon, 11 Jun 2018 20:28:36 GMT
  digest: c1c8f04e4330b7340c9c74968fcf59a2fbf06341
- request:
    method: post
    uri: https://cmr.earthdata.nasa.gov/search/granules.json
    body:
      encoding: US-ASCII
      string: echo_collection_id=C1000000000-SEDAC&page_num=1&page_size=20&sort_key%5B%5D=-start_date
    headers:
      User-Agent:
      - Faraday v0.9.2
      Content-Type:
      - application/x-www-form-urlencoded
      Client-Id:
      - eed-edsc-dev
      Echo-ClientId:
      - eed-edsc-dev
  recorded_at: Mon, 11 Jun 2018 20:20:31 GMT
  digest: f86e23c2f16c6754e0016188fe7a89009da12c53
- request:
    method: post
    uri: https://cmr.earthdata.nasa.gov/search/granules.json
    body:
      encoding: US-ASCII
      string: echo_collection_id=C1000000020-LANCEAMSR2&page_num=1&page_size=20&sort_key%5B%5D=-start_date
    headers:
      User-Agent:
      - Faraday v0.9.2
      Content-Type:
      - application/x-www-form-urlencoded
      Client-Id:
      - eed-edsc-dev
      Echo-ClientId:
      - eed-edsc-dev
      Echo-Token:
      - edsc-access
  recorded_at: Mon, 11 Jun 2018 20:37:25 GMT
  digest: 85044c1922c4d9b420779c8f4b2f914fd4b01734
- request:
    method: post
    uri: https://cmr.earthdata.nasa.gov/search/granules.json
    body:
      encoding: US-ASCII
      string: echo_collection_id=C1000000042-LANCEAMSR2&page_num=1&page_size=20&sort_key%5B%5D=-start_date
    headers:
      User-Agent:
      - Faraday v0.9.2
      Content-Type:
      - application/x-www-form-urlencoded
      Client-Id:
      - eed-edsc-dev
      Echo-ClientId:
      - eed-edsc-dev
  recorded_at: Mon, 11 Jun 2018 20:39:47 GMT
  digest: 9d6e3a66c1b5c3ee5ed79224835853d2eefcafcd
- request:
    method: post
    uri: https://cmr.earthdata.nasa.gov/search/granules.json
    body:
      encoding: US-ASCII
      string: echo_collection_id=C1000000062-NSIDC_ECS&page_num=1&page_size=20&project=2013_AN_NASA&sort_key%5B%5D=-start_date
    headers:
      User-Agent:
      - Faraday v0.9.2
      Content-Type:
      - application/x-www-form-urlencoded
      Client-Id:
      - eed-edsc-dev
      Echo-ClientId:
      - eed-edsc-dev
  recorded_at: Mon, 11 Jun 2018 20:26:07 GMT
  digest: c20cf4f9761f9d97c9330ee2f031d8515da70c6f
- request:
    method: post
    uri: https://cmr.earthdata.nasa.gov/search/granules.json
    body:
      encoding: US-ASCII
      string: echo_collection_id=C1000000220-SEDAC&page_num=1&page_size=20&sort_key%5B%5D=-start_date
    headers:
      User-Agent:
      - Faraday v0.9.2
      Content-Type:
      - application/x-www-form-urlencoded
      Client-Id:
      - eed-edsc-dev
      Echo-ClientId:
      - eed-edsc-dev
  recorded_at: Mon, 11 Jun 2018 20:15:01 GMT
  digest: bf6c4de174a440c3b2a078b60845ac59602b90e9
- request:
    method: post
    uri: https://cmr.earthdata.nasa.gov/search/granules.json
    body:
      encoding: US-ASCII
      string: echo_collection_id=C1000000300-NSIDC_ECS&page_num=1&page_size=20&sort_key%5B%5D=-start_date
    headers:
      User-Agent:
      - Faraday v0.9.2
      Content-Type:
      - application/x-www-form-urlencoded
      Client-Id:
      - eed-edsc-dev
      Echo-ClientId:
      - eed-edsc-dev
  recorded_at: Mon, 11 Jun 2018 20:43:19 GMT
  digest: 0164163187194d7bf3e8bc05c1a8c246551a8b38
- request:
    method: post
    uri: https://cmr.earthdata.nasa.gov/search/granules.json
    body:
      encoding: US-ASCII
      string: echo_collection_id=C1000000445-NSIDC_ECS&echo_granule_id=G1001792123-NSIDC_ECS&page_size=20&sort_key%5B%5D=-start_date
    headers:
      User-Agent:
      - Faraday v0.9.2
      Content-Type:
      - application/x-www-form-urlencoded
      Client-Id:
      - eed-edsc-dev
      Echo-ClientId:
      - eed-edsc-dev
      Echo-Token:
      - edsc-access
  recorded_at: Mon, 11 Jun 2018 20:36:31 GMT
  digest: 4307ff5688f0299d65faf02cefd7360b5528a484
- request:
    method: post
    uri: https://cmr.earthdata.nasa.gov/search/granules.json
    body:
      encoding: US-ASCII
      string: echo_collection_id=C1000000445-NSIDC_ECS&page_num=1&page_size=20&sort_key%5B%5D=-start_date
    headers:
      User-Agent:
      - Faraday v0.9.2
      Content-Type:
      - application/x-www-form-urlencoded
      Client-Id:
      - eed-edsc-dev
      Echo-ClientId:
      - eed-edsc-dev
  recorded_at: Mon, 11 Jun 2018 20:36:27 GMT
  digest: 379310a9b98943702e46f65ca17e648a2e0ce216
- request:
    method: post
    uri: https://cmr.earthdata.nasa.gov/search/granules.json
    body:
      encoding: US-ASCII
      string: echo_collection_id=C1000000445-NSIDC_ECS&page_size=20&sort_key%5B%5D=-start_date
    headers:
      User-Agent:
      - Faraday v0.9.2
      Content-Type:
      - application/x-www-form-urlencoded
      Client-Id:
      - eed-edsc-dev
      Echo-ClientId:
      - eed-edsc-dev
      Echo-Token:
      - edsc-access
  recorded_at: Mon, 11 Jun 2018 20:36:31 GMT
  digest: 9c54bc2101bec04b1dfee6e41a3936bf62311228
- request:
    method: post
    uri: https://cmr.earthdata.nasa.gov/search/granules.json
    body:
      encoding: US-ASCII
      string: echo_collection_id=C119124186-NSIDC_ECS&page_num=1&page_size=20&sort_key%5B%5D=-start_date
    headers:
      User-Agent:
      - Faraday v0.9.2
      Content-Type:
      - application/x-www-form-urlencoded
      Client-Id:
      - eed-edsc-dev
      Echo-ClientId:
      - eed-edsc-dev
      Echo-Token:
      - edsc-access
  recorded_at: Mon, 11 Jun 2018 20:52:29 GMT
  digest: 3c39750b74683cbdce10410ad1a2fbde2d4959fa
- request:
    method: post
    uri: https://cmr.earthdata.nasa.gov/search/granules.json
    body:
      encoding: US-ASCII
      string: echo_collection_id=C1219248591-LANCEMODIS&page_num=1&page_size=20&sort_key%5B%5D=-start_date
    headers:
      User-Agent:
      - Faraday v0.9.2
      Content-Type:
      - application/x-www-form-urlencoded
      Client-Id:
      - eed-edsc-dev
      Echo-ClientId:
      - eed-edsc-dev
  recorded_at: Mon, 11 Jun 2018 20:24:08 GMT
  digest: 16b6a406b9c4d49cf6dae93545c7068c3d429833
- request:
    method: post
    uri: https://cmr.earthdata.nasa.gov/search/granules.json
    body:
      encoding: US-ASCII
      string: echo_collection_id=C1236224151-GES_DISC&page_num=1&page_size=20&sort_key%5B%5D=-start_date
    headers:
      User-Agent:
      - Faraday v0.9.2
      Content-Type:
      - application/x-www-form-urlencoded
      Client-Id:
      - eed-edsc-dev
      Echo-ClientId:
      - eed-edsc-dev
  recorded_at: Mon, 11 Jun 2018 20:22:57 GMT
  digest: 055755bf6799052ee0ece738572d604021fdb7dc
- request:
    method: post
    uri: https://cmr.earthdata.nasa.gov/search/granules.json
    body:
      encoding: US-ASCII
      string: echo_collection_id=C1236303849-NSIDC_ECS&page_num=1&page_size=20&sort_key%5B%5D=-start_date
    headers:
      User-Agent:
      - Faraday v0.9.2
      Content-Type:
      - application/x-www-form-urlencoded
      Client-Id:
      - eed-edsc-dev
      Echo-ClientId:
      - eed-edsc-dev
  recorded_at: Mon, 11 Jun 2018 20:36:55 GMT
  digest: 4649cb9a0c4802286bd2565f41906db01f6c4be1
- request:
    method: post
    uri: https://cmr.earthdata.nasa.gov/search/granules.json
    body:
      encoding: US-ASCII
      string: echo_collection_id=C1353062857-NSIDC_ECS&page_num=1&page_size=20&sort_key%5B%5D=-start_date
    headers:
      User-Agent:
      - Faraday v0.9.2
      Content-Type:
      - application/x-www-form-urlencoded
      Client-Id:
      - eed-edsc-dev
      Echo-ClientId:
      - eed-edsc-dev
  recorded_at: Mon, 11 Jun 2018 20:39:52 GMT
  digest: c6ce62df89f841629f75abd20d1ba9f4334f1c7f
- request:
    method: post
    uri: https://cmr.earthdata.nasa.gov/search/granules.json
    body:
      encoding: US-ASCII
      string: echo_collection_id=C1444742099-PODAAC&page_num=1&page_size=20&sort_key%5B%5D=-start_date
    headers:
      User-Agent:
      - Faraday v0.9.2
      Content-Type:
      - application/x-www-form-urlencoded
      Client-Id:
      - eed-edsc-dev
      Echo-ClientId:
      - eed-edsc-dev
  recorded_at: Mon, 11 Jun 2018 20:40:01 GMT
  digest: e8a8de140d4b5d054e59442714194333d684d846
- request:
    method: post
    uri: https://cmr.earthdata.nasa.gov/search/granules.json
    body:
      encoding: US-ASCII
      string: echo_collection_id=C14758250-LPDAAC_ECS&options%5Breadable_granule_name%5D%5Bpattern%5D=true&page_num=1&page_size=20&readable_granule_name%5B%5D=AST_L1A%2300311092015232127_11102015081255.hdf&readable_granule_name%5B%5D=AST_L1A%2300311092015223445_11102015075930.hdf&sort_key%5B%5D=-start_date
    headers:
      User-Agent:
      - Faraday v0.9.2
      Content-Type:
      - application/x-www-form-urlencoded
      Client-Id:
      - eed-edsc-dev
      Echo-ClientId:
      - eed-edsc-dev
      Echo-Token:
      - edsc-access
  recorded_at: Mon, 11 Jun 2018 20:33:38 GMT
  digest: 2b87aa74a02e9996ddba2ea9aa0ce875d440e699
- request:
    method: post
    uri: https://cmr.earthdata.nasa.gov/search/granules.json
    body:
      encoding: US-ASCII
      string: echo_collection_id=C14758250-LPDAAC_ECS&options%5Breadable_granule_name%5D%5Bpattern%5D=true&page_size=20&readable_granule_name%5B%5D=AST_L1A%2300311092015232127_11102015081255.hdf&readable_granule_name%5B%5D=AST_L1A%2300311092015223445_11102015075930.hdf&sort_key%5B%5D=-start_date
    headers:
      User-Agent:
      - Faraday v0.9.2
      Content-Type:
      - application/x-www-form-urlencoded
      Client-Id:
      - eed-edsc-dev
      Echo-ClientId:
      - eed-edsc-dev
      Echo-Token:
      - edsc-access
  recorded_at: Mon, 11 Jun 2018 20:33:43 GMT
  digest: 37e1abbab5d71e3ad75b9dfd700d0450724f4430
- request:
    method: post
    uri: https://cmr.earthdata.nasa.gov/search/granules.json
    body:
      encoding: US-ASCII
      string: echo_collection_id=C14758250-LPDAAC_ECS&page_num=1&page_size=20&point=0%2C0&sort_key%5B%5D=-start_date
    headers:
      User-Agent:
      - Faraday v0.9.2
      Content-Type:
      - application/x-www-form-urlencoded
      Client-Id:
      - eed-edsc-dev
      Echo-ClientId:
      - eed-edsc-dev
  recorded_at: Mon, 11 Jun 2018 20:28:51 GMT
  digest: 94fffa2ff2a6c8d9327f70023c75ef94d98a00de
- request:
    method: post
    uri: https://cmr.earthdata.nasa.gov/search/granules.json
    body:
      encoding: US-ASCII
      string: echo_collection_id=C14758250-LPDAAC_ECS&page_num=1&page_size=20&polygon=10%2C10%2C-10%2C10%2C-10%2C-10%2C10%2C-10%2C10%2C10&sort_key%5B%5D=-start_date
    headers:
      User-Agent:
      - Faraday v0.9.2
      Content-Type:
      - application/x-www-form-urlencoded
      Client-Id:
      - eed-edsc-dev
      Echo-ClientId:
      - eed-edsc-dev
  recorded_at: Mon, 11 Jun 2018 20:29:38 GMT
  digest: 21d4c6b96019005eff64861b75fe6186f66f8a78
- request:
    method: post
    uri: https://cmr.earthdata.nasa.gov/search/granules.json
    body:
      encoding: US-ASCII
      string: echo_collection_id=C14758250-LPDAAC_ECS&page_num=1&page_size=20&sort_key%5B%5D=-start_date&temporal=%2C2014-02-01T00%3A00%3A01.000Z
    headers:
      User-Agent:
      - Faraday v0.9.2
      Content-Type:
      - application/x-www-form-urlencoded
      Client-Id:
      - eed-edsc-dev
      Echo-ClientId:
      - eed-edsc-dev
  recorded_at: Mon, 11 Jun 2018 20:30:11 GMT
  digest: ba064facf0b8963d195cf042fa8b8cb042b8e0cf
- request:
    method: post
    uri: https://cmr.earthdata.nasa.gov/search/granules.json
    body:
      encoding: US-ASCII
      string: echo_collection_id=C14758250-LPDAAC_ECS&page_num=1&page_size=20&sort_key%5B%5D=-start_date&temporal=2010-01-01T00%3A00%3A00.000Z%2C2014-02-01T00%3A00%3A01.000Z
    headers:
      User-Agent:
      - Faraday v0.9.2
      Content-Type:
      - application/x-www-form-urlencoded
      Client-Id:
      - eed-edsc-dev
      Echo-ClientId:
      - eed-edsc-dev
  recorded_at: Mon, 11 Jun 2018 20:30:20 GMT
  digest: e8fed0105ca7cea19f67e1f0acb61cd8e826e38d
- request:
    method: post
    uri: https://cmr.earthdata.nasa.gov/search/granules.json
    body:
      encoding: US-ASCII
      string: echo_collection_id=C14758250-LPDAAC_ECS&page_num=1&page_size=20&sort_key%5B%5D=-start_date&temporal=2010-01-01T00%3A00%3A00.000Z%2C
    headers:
      User-Agent:
      - Faraday v0.9.2
      Content-Type:
      - application/x-www-form-urlencoded
      Client-Id:
      - eed-edsc-dev
      Echo-ClientId:
      - eed-edsc-dev
  recorded_at: Mon, 11 Jun 2018 20:30:14 GMT
  digest: 5133733c727b997667da198b98dbfddb43622dd6
- request:
    method: post
    uri: https://cmr.earthdata.nasa.gov/search/granules.json
    body:
      encoding: US-ASCII
      string: echo_collection_id=C14758250-LPDAAC_ECS&page_num=1&page_size=20&sort_key%5B%5D=-start_date&temporal=2013-12-01T00%3A00%3A00.000Z%2C2013-12-31T00%3A00%3A00.000Z
    headers:
      User-Agent:
      - Faraday v0.9.2
      Content-Type:
      - application/x-www-form-urlencoded
      Client-Id:
      - eed-edsc-dev
      Echo-ClientId:
      - eed-edsc-dev
  recorded_at: Mon, 11 Jun 2018 20:16:31 GMT
  digest: 5e70a6b53920cef65a0e3a96d599c08d29c62e2b
- request:
    method: post
    uri: https://cmr.earthdata.nasa.gov/search/granules.json
    body:
      encoding: US-ASCII
      string: echo_collection_id=C14758250-LPDAAC_ECS&page_num=1&page_size=20&sort_key%5B%5D=-start_date&temporal=2016-08-15T22%3A55%3A00.000Z%2C2016-08-15T23%3A55%3A00.000Z
    headers:
      User-Agent:
      - Faraday v0.9.2
      Content-Type:
      - application/x-www-form-urlencoded
      Client-Id:
      - eed-edsc-dev
      Echo-ClientId:
      - eed-edsc-dev
  recorded_at: Mon, 11 Jun 2018 20:18:59 GMT
  digest: cda40e32301136b6e061e97d997ce9b403ea71ab
- request:
    method: post
    uri: https://cmr.earthdata.nasa.gov/search/granules.json
    body:
      encoding: US-ASCII
      string: echo_collection_id=C14758250-LPDAAC_ECS&page_num=1&page_size=20&sort_key%5B%5D=-start_date
    headers:
      User-Agent:
      - Faraday v0.9.2
      Content-Type:
      - application/x-www-form-urlencoded
      Client-Id:
      - eed-edsc-dev
      Echo-ClientId:
      - eed-edsc-dev
      Echo-Token:
      - edsc-access
  recorded_at: Mon, 11 Jun 2018 20:13:50 GMT
  digest: ea09661a06bcbb5afdddaf6ddaa9e76f4f1830be
- request:
    method: post
    uri: https://cmr.earthdata.nasa.gov/search/granules.json
    body:
      encoding: US-ASCII
      string: echo_collection_id=C14758250-LPDAAC_ECS&page_size=20&point=0%2C0&sort_key%5B%5D=-start_date
    headers:
      User-Agent:
      - Faraday v0.9.2
      Content-Type:
      - application/x-www-form-urlencoded
      Client-Id:
      - eed-edsc-dev
      Echo-ClientId:
      - eed-edsc-dev
      Echo-Token:
      - edsc-access
  recorded_at: Mon, 11 Jun 2018 20:28:56 GMT
  digest: 7def1afb271b23b0417edb0e0c11a172c685b50a
- request:
    method: post
    uri: https://cmr.earthdata.nasa.gov/search/granules.json
    body:
      encoding: US-ASCII
      string: echo_collection_id=C14758250-LPDAAC_ECS&page_size=20&polygon=10%2C10%2C-10%2C10%2C-10%2C-10%2C10%2C-10%2C10%2C10&sort_key%5B%5D=-start_date
    headers:
      User-Agent:
      - Faraday v0.9.2
      Content-Type:
      - application/x-www-form-urlencoded
      Client-Id:
      - eed-edsc-dev
      Echo-ClientId:
      - eed-edsc-dev
      Echo-Token:
      - edsc-access
  recorded_at: Mon, 11 Jun 2018 20:29:42 GMT
  digest: 4469039c5b0affb9acc54286ba73a9358bea524b
- request:
    method: post
    uri: https://cmr.earthdata.nasa.gov/search/granules.json
    body:
      encoding: US-ASCII
      string: echo_collection_id=C14758250-LPDAAC_ECS&page_size=20&sort_key%5B%5D=-start_date&temporal=%2C2014-02-01T00%3A00%3A01.000Z
    headers:
      User-Agent:
      - Faraday v0.9.2
      Content-Type:
      - application/x-www-form-urlencoded
      Client-Id:
      - eed-edsc-dev
      Echo-ClientId:
      - eed-edsc-dev
      Echo-Token:
      - edsc-access
  recorded_at: Wed, 11 Jul 2018 15:34:45 GMT
  digest: 4d1abe6883aeaf574e616556b4ab7d59b136ebc5
- request:
    method: post
    uri: https://cmr.earthdata.nasa.gov/search/granules.json
    body:
      encoding: US-ASCII
      string: echo_collection_id=C14758250-LPDAAC_ECS&page_size=20&sort_key%5B%5D=-start_date&temporal=2010-01-01T00%3A00%3A00.000Z%2C2014-02-01T00%3A00%3A01.000Z
    headers:
      User-Agent:
      - Faraday v0.9.2
      Content-Type:
      - application/x-www-form-urlencoded
      Client-Id:
      - eed-edsc-dev
      Echo-ClientId:
      - eed-edsc-dev
      Echo-Token:
      - edsc-access
  recorded_at: Wed, 11 Jul 2018 15:34:17 GMT
  digest: d320adc9ee9ccbcff0af289f751f71cecccbbe17
- request:
    method: post
    uri: https://cmr.earthdata.nasa.gov/search/granules.json
    body:
      encoding: US-ASCII
      string: echo_collection_id=C14758250-LPDAAC_ECS&page_size=20&sort_key%5B%5D=-start_date&temporal=2010-01-01T00%3A00%3A00.000Z%2C
    headers:
      User-Agent:
      - Faraday v0.9.2
      Content-Type:
      - application/x-www-form-urlencoded
      Client-Id:
      - eed-edsc-dev
      Echo-ClientId:
      - eed-edsc-dev
      Echo-Token:
      - edsc-access
  recorded_at: Wed, 11 Jul 2018 15:34:28 GMT
  digest: 5380ec67d7379b24c24d7ec9ea63474af3ad3b72
- request:
    method: post
    uri: https://cmr.earthdata.nasa.gov/search/granules.json
    body:
      encoding: US-ASCII
      string: echo_collection_id=C14758250-LPDAAC_ECS&page_size=20&sort_key%5B%5D=-start_date
    headers:
      User-Agent:
      - Faraday v0.9.2
      Content-Type:
      - application/x-www-form-urlencoded
      Client-Id:
      - eed-edsc-dev
      Echo-ClientId:
      - eed-edsc-dev
      Echo-Token:
      - edsc-access
  recorded_at: Mon, 11 Jun 2018 20:28:35 GMT
  digest: ef44f5670a0c0accfc272e92455f3bf1bd0f905a
- request:
    method: post
    uri: https://cmr.earthdata.nasa.gov/search/granules.json
    body:
      encoding: US-ASCII
      string: echo_collection_id=C162886585-USGS_EROS&page_num=1&page_size=20&sort_key%5B%5D=-start_date&two_d_coordinate_system%5Bcoordinates%5D=24-24%3A24-24&two_d_coordinate_system%5Bname%5D=WRS-1
    headers:
      User-Agent:
      - Faraday v0.9.2
      Content-Type:
      - application/x-www-form-urlencoded
      Client-Id:
      - eed-edsc-dev
      Echo-ClientId:
      - eed-edsc-dev
  recorded_at: Mon, 11 Jun 2018 20:26:24 GMT
  digest: f7654a3ba4e8d48dcc47458640e0005b5064a565
- request:
    method: post
    uri: https://cmr.earthdata.nasa.gov/search/granules.json
    body:
      encoding: US-ASCII
      string: echo_collection_id=C162886585-USGS_EROS&page_num=1&page_size=20&sort_key%5B%5D=-start_date&two_d_coordinate_system%5Bname%5D=WRS-1
    headers:
      User-Agent:
      - Faraday v0.9.2
      Content-Type:
      - application/x-www-form-urlencoded
      Client-Id:
      - eed-edsc-dev
      Echo-ClientId:
      - eed-edsc-dev
  recorded_at: Mon, 11 Jun 2018 20:26:22 GMT
  digest: d903d9543defeba3c057eb7b1e67fc4ceb629690
- request:
    method: post
    uri: https://cmr.earthdata.nasa.gov/search/granules.json
    body:
      encoding: US-ASCII
      string: echo_collection_id=C162886585-USGS_EROS&page_num=1&page_size=20&sort_key%5B%5D=-start_date
    headers:
      User-Agent:
      - Faraday v0.9.2
      Content-Type:
      - application/x-www-form-urlencoded
      Client-Id:
      - eed-edsc-dev
      Echo-ClientId:
      - eed-edsc-dev
  recorded_at: Mon, 11 Jun 2018 20:26:27 GMT
  digest: a09c774d73de581af3986347240f56cae62cf0df
- request:
    method: post
    uri: https://cmr.earthdata.nasa.gov/search/granules.json
    body:
      encoding: US-ASCII
      string: echo_collection_id=C179001707-SEDAC&page_num=1&page_size=20&sort_key%5B%5D=-start_date
    headers:
      User-Agent:
      - Faraday v0.9.2
      Content-Type:
      - application/x-www-form-urlencoded
      Client-Id:
      - eed-edsc-dev
      Echo-ClientId:
      - eed-edsc-dev
  recorded_at: Mon, 11 Jun 2018 20:15:00 GMT
  digest: e722607813f44ebb7bdefc2d41f9e4bcebe90790
- request:
    method: post
    uri: https://cmr.earthdata.nasa.gov/search/granules.json
    body:
      encoding: US-ASCII
      string: echo_collection_id=C179001887-SEDAC&page_num=1&page_size=20&sort_key%5B%5D=-start_date
    headers:
      User-Agent:
      - Faraday v0.9.2
      Content-Type:
      - application/x-www-form-urlencoded
      Client-Id:
      - eed-edsc-dev
      Echo-ClientId:
      - eed-edsc-dev
  recorded_at: Mon, 11 Jun 2018 20:15:01 GMT
  digest: c7ec794ba3b4dacaa2436a853a258fb0a3a8ce0a
- request:
    method: post
    uri: https://cmr.earthdata.nasa.gov/search/granules.json
    body:
      encoding: US-ASCII
      string: echo_collection_id=C179001889-SEDAC&page_num=1&page_size=20&sort_key%5B%5D=-start_date
    headers:
      User-Agent:
      - Faraday v0.9.2
      Content-Type:
      - application/x-www-form-urlencoded
      Client-Id:
      - eed-edsc-dev
      Echo-ClientId:
      - eed-edsc-dev
  recorded_at: Mon, 11 Jun 2018 20:15:03 GMT
  digest: e7d9f2c34c10007092d5ad0552415bd0a96304d6
- request:
    method: post
    uri: https://cmr.earthdata.nasa.gov/search/granules.json
    body:
      encoding: US-ASCII
      string: echo_collection_id=C179001967-SEDAC&page_num=1&page_size=20&sort_key%5B%5D=-start_date
    headers:
      User-Agent:
      - Faraday v0.9.2
      Content-Type:
      - application/x-www-form-urlencoded
      Client-Id:
      - eed-edsc-dev
      Echo-ClientId:
      - eed-edsc-dev
  recorded_at: Mon, 11 Jun 2018 20:15:02 GMT
  digest: c908e182841672c52bb80f8614ee45ae25a37e8f
- request:
    method: post
    uri: https://cmr.earthdata.nasa.gov/search/granules.json
    body:
      encoding: US-ASCII
      string: echo_collection_id=C179002107-SEDAC&page_num=1&page_size=20&sort_key%5B%5D=-start_date&temporal=2018-01-01T00%3A00%3A00.000Z%2C2018-01-31T23%3A59%3A59.000Z
    headers:
      User-Agent:
      - Faraday v0.9.2
      Content-Type:
      - application/x-www-form-urlencoded
      Client-Id:
      - eed-edsc-dev
      Echo-ClientId:
      - eed-edsc-dev
  recorded_at: Mon, 11 Jun 2018 20:40:27 GMT
  digest: ec9bc4ffa4e0612b0153fbd79b51e7bddb124f4c
- request:
    method: post
    uri: https://cmr.earthdata.nasa.gov/search/granules.json
    body:
      encoding: US-ASCII
      string: echo_collection_id=C179002107-SEDAC&page_num=1&page_size=20&sort_key%5B%5D=-start_date
    headers:
      User-Agent:
      - Faraday v0.9.2
      Content-Type:
      - application/x-www-form-urlencoded
      Client-Id:
      - eed-edsc-dev
      Echo-ClientId:
      - eed-edsc-dev
  recorded_at: Mon, 11 Jun 2018 20:20:29 GMT
  digest: 860eeef60004dba76d0dbd934ac0e0d262aac505
- request:
    method: post
    uri: https://cmr.earthdata.nasa.gov/search/granules.json
    body:
      encoding: US-ASCII
      string: echo_collection_id=C179002147-SEDAC&page_num=1&page_size=20&sort_key%5B%5D=-start_date
    headers:
      User-Agent:
      - Faraday v0.9.2
      Content-Type:
      - application/x-www-form-urlencoded
      Client-Id:
      - eed-edsc-dev
      Echo-ClientId:
      - eed-edsc-dev
  recorded_at: Mon, 11 Jun 2018 20:20:30 GMT
  digest: de048b6ece8525a75a2eb4471bae3ae35756cf19
- request:
    method: post
    uri: https://cmr.earthdata.nasa.gov/search/granules.json
    body:
      encoding: US-ASCII
      string: echo_collection_id=C179002914-ORNL_DAAC&echo_granule_id=G1422672486-ORNL_DAAC&page_num=1&page_size=20&sort_key%5B%5D=-start_date
    headers:
      User-Agent:
      - Faraday v0.9.2
      Content-Type:
      - application/x-www-form-urlencoded
      Client-Id:
      - eed-edsc-dev
      Echo-ClientId:
      - eed-edsc-dev
      Echo-Token:
      - edsc-access
  recorded_at: Mon, 11 Jun 2018 20:34:57 GMT
  digest: 87c21b60bd8a4612246e2956c4899ee4a1e84872
- request:
    method: post
    uri: https://cmr.earthdata.nasa.gov/search/granules.json
    body:
      encoding: US-ASCII
      string: echo_collection_id=C179002914-ORNL_DAAC&echo_granule_id=G1422672486-ORNL_DAAC&page_size=20&sort_key%5B%5D=-start_date
    headers:
      User-Agent:
      - Faraday v0.9.2
      Content-Type:
      - application/x-www-form-urlencoded
      Client-Id:
      - eed-edsc-dev
      Echo-ClientId:
      - eed-edsc-dev
      Echo-Token:
      - edsc-access
  recorded_at: Mon, 11 Jun 2018 20:34:41 GMT
  digest: e9d76a577ec7207ac487c1ec11849629c4f648a3
- request:
    method: post
    uri: https://cmr.earthdata.nasa.gov/search/granules.json
    body:
      encoding: US-ASCII
      string: echo_collection_id=C179002914-ORNL_DAAC&page_num=1&page_size=20&sort_key%5B%5D=-start_date
    headers:
      User-Agent:
      - Faraday v0.9.2
      Content-Type:
      - application/x-www-form-urlencoded
      Client-Id:
      - eed-edsc-dev
      Echo-ClientId:
      - eed-edsc-dev
  recorded_at: Mon, 11 Jun 2018 20:15:30 GMT
  digest: 7a41dd31b621ce17bd4fa1795ba121b39f17fb3d
- request:
    method: post
    uri: https://cmr.earthdata.nasa.gov/search/granules.json
    body:
      encoding: US-ASCII
      string: echo_collection_id=C179002914-ORNL_DAAC&page_num=2&page_size=20&sort_key%5B%5D=-start_date
    headers:
      User-Agent:
      - Faraday v0.9.2
      Content-Type:
      - application/x-www-form-urlencoded
      Client-Id:
      - eed-edsc-dev
      Echo-ClientId:
      - eed-edsc-dev
  recorded_at: Mon, 11 Jun 2018 20:39:56 GMT
  digest: 7cf1f258c23b0affdde33afabbe138d7608b57e3
- request:
    method: post
    uri: https://cmr.earthdata.nasa.gov/search/granules.json
    body:
      encoding: US-ASCII
      string: echo_collection_id=C179002914-ORNL_DAAC&page_size=20&sort_key%5B%5D=-start_date
    headers:
      User-Agent:
      - Faraday v0.9.2
      Content-Type:
      - application/x-www-form-urlencoded
      Client-Id:
      - eed-edsc-dev
      Echo-ClientId:
      - eed-edsc-dev
      Echo-Token:
      - edsc-access
  recorded_at: Mon, 11 Jun 2018 20:34:40 GMT
  digest: a212b9dfd90c48fcae3ad5e5ca07e4260eaa1be3
- request:
    method: post
    uri: https://cmr.earthdata.nasa.gov/search/granules.json
    body:
      encoding: US-ASCII
      string: echo_collection_id=C179003030-ORNL_DAAC&options%5Breadable_granule_name%5D%5Bpattern%5D=true&page_num=1&page_size=20&readable_granule_name%5B%5D=FIFE_STRM_15M.80611715.s15&sort_key%5B%5D=-start_date
    headers:
      User-Agent:
      - Faraday v0.9.2
      Content-Type:
      - application/x-www-form-urlencoded
      Client-Id:
      - eed-edsc-dev
      Echo-ClientId:
      - eed-edsc-dev
  recorded_at: Mon, 11 Jun 2018 20:13:27 GMT
  digest: 14986576e29f2ae355c7999a124da7268bc77d3e
- request:
    method: post
    uri: https://cmr.earthdata.nasa.gov/search/granules.json
    body:
      encoding: US-ASCII
      string: echo_collection_id=C179003030-ORNL_DAAC&page_num=1&page_size=20&sort_key%5B%5D=-start_date&temporal=1986-01-01T00%3A00%3A00.000Z%2C1986-12-31T23%3A59%3A59.998Z
    headers:
      User-Agent:
      - Faraday v0.9.2
      Content-Type:
      - application/x-www-form-urlencoded
      Client-Id:
      - eed-edsc-dev
      Echo-ClientId:
      - eed-edsc-dev
  recorded_at: Mon, 11 Jun 2018 20:21:37 GMT
  digest: 60003caa8fdb472f51e0186f4599f778442d03f8
- request:
    method: post
    uri: https://cmr.earthdata.nasa.gov/search/granules.json
    body:
      encoding: US-ASCII
      string: echo_collection_id=C179003030-ORNL_DAAC&page_num=1&page_size=20&sort_key%5B%5D=-start_date&temporal=1986-01-01T00%3A00%3A00.000Z%2C1986-12-31T23%3A59%3A59.999Z
    headers:
      User-Agent:
      - Faraday v0.9.2
      Content-Type:
      - application/x-www-form-urlencoded
      Client-Id:
      - eed-edsc-dev
      Echo-ClientId:
      - eed-edsc-dev
  recorded_at: Tue, 12 Jun 2018 01:24:29 GMT
  digest: faaa20029bb7ca4f8e49b3f20111759626e6f932
- request:
    method: post
    uri: https://cmr.earthdata.nasa.gov/search/granules.json
    body:
      encoding: US-ASCII
      string: echo_collection_id=C179003030-ORNL_DAAC&page_num=1&page_size=20&sort_key%5B%5D=-start_date&temporal=1986-12-31T23%3A59%3A59.999Z%2C1987-12-31T23%3A59%3A59.998Z
    headers:
      User-Agent:
      - Faraday v0.9.2
      Content-Type:
      - application/x-www-form-urlencoded
      Client-Id:
      - eed-edsc-dev
      Echo-ClientId:
      - eed-edsc-dev
  recorded_at: Mon, 11 Jun 2018 20:21:10 GMT
  digest: 18c3efd94a358900828671c59478af402ccaa6c0
- request:
    method: post
    uri: https://cmr.earthdata.nasa.gov/search/granules.json
    body:
      encoding: US-ASCII
      string: echo_collection_id=C179003030-ORNL_DAAC&page_num=1&page_size=20&sort_key%5B%5D=-start_date&temporal=1986-12-31T23%3A59%3A59.999Z%2C1987-12-31T23%3A59%3A59.999Z
    headers:
      User-Agent:
      - Faraday v0.9.2
      Content-Type:
      - application/x-www-form-urlencoded
      Client-Id:
      - eed-edsc-dev
      Echo-ClientId:
      - eed-edsc-dev
      Echo-Token:
      - edsc-access
  recorded_at: Mon, 11 Jun 2018 20:38:44 GMT
  digest: d54845855ce5753bf54923c38a709ad9b9434ed9
- request:
    method: post
    uri: https://cmr.earthdata.nasa.gov/search/granules.json
    body:
      encoding: US-ASCII
      string: echo_collection_id=C179003030-ORNL_DAAC&page_num=1&page_size=20&sort_key%5B%5D=-start_date&temporal=1987-01-01T00%3A00%3A00.000Z%2C1987-01-31T23%3A59%3A59.999Z
    headers:
      User-Agent:
      - Faraday v0.9.2
      Content-Type:
      - application/x-www-form-urlencoded
      Client-Id:
      - eed-edsc-dev
      Echo-ClientId:
      - eed-edsc-dev
  recorded_at: Mon, 11 Jun 2018 20:21:21 GMT
  digest: 3ddd4d55fa266b7a41496270093cde1813b7b79c
- request:
    method: post
    uri: https://cmr.earthdata.nasa.gov/search/granules.json
    body:
      encoding: US-ASCII
      string: echo_collection_id=C179003030-ORNL_DAAC&page_num=1&page_size=20&sort_key%5B%5D=-start_date&temporal=1987-01-01T00%3A00%3A00.000Z%2C1987-12-31T23%3A59%3A59.998Z
    headers:
      User-Agent:
      - Faraday v0.9.2
      Content-Type:
      - application/x-www-form-urlencoded
      Client-Id:
      - eed-edsc-dev
      Echo-ClientId:
      - eed-edsc-dev
  recorded_at: Mon, 11 Jun 2018 20:20:59 GMT
  digest: d21edc5a754513431362ee67f971d237351f30a0
- request:
    method: post
    uri: https://cmr.earthdata.nasa.gov/search/granules.json
    body:
      encoding: US-ASCII
      string: echo_collection_id=C179003030-ORNL_DAAC&page_num=1&page_size=20&sort_key%5B%5D=-start_date&temporal=1987-01-01T00%3A00%3A00.000Z%2C1987-12-31T23%3A59%3A59.999Z
    headers:
      User-Agent:
      - Faraday v0.9.2
      Content-Type:
      - application/x-www-form-urlencoded
      Client-Id:
      - eed-edsc-dev
      Echo-ClientId:
      - eed-edsc-dev
  recorded_at: Mon, 11 Jun 2018 20:21:31 GMT
  digest: 221cab54218127af1ecbe8fb7ed786695ffeb92b
- request:
    method: post
    uri: https://cmr.earthdata.nasa.gov/search/granules.json
    body:
      encoding: US-ASCII
      string: echo_collection_id=C179003030-ORNL_DAAC&page_num=1&page_size=20&sort_key%5B%5D=-start_date&temporal=1987-01-01T00%3A00%3A00.000Z%2C1988-01-01T00%3A00%3A00.000Z
    headers:
      User-Agent:
      - Faraday v0.9.2
      Content-Type:
      - application/x-www-form-urlencoded
      Client-Id:
      - eed-edsc-dev
      Echo-ClientId:
      - eed-edsc-dev
  recorded_at: Mon, 11 Jun 2018 20:16:44 GMT
  digest: 8658c47b476456a64ae46d3274344c35eb3933fe
- request:
    method: post
    uri: https://cmr.earthdata.nasa.gov/search/granules.json
    body:
      encoding: US-ASCII
      string: echo_collection_id=C179003030-ORNL_DAAC&page_num=1&page_size=20&sort_key%5B%5D=-start_date&temporal=1987-01-01T00%3A00%3A00.000Z%2C1989-01-01T00%3A00%3A00.000Z
    headers:
      User-Agent:
      - Faraday v0.9.2
      Content-Type:
      - application/x-www-form-urlencoded
      Client-Id:
      - eed-edsc-dev
      Echo-ClientId:
      - eed-edsc-dev
  recorded_at: Mon, 11 Jun 2018 20:20:57 GMT
  digest: 7fbcc3f340503182e6d08a03a05425be0195a3e6
- request:
    method: post
    uri: https://cmr.earthdata.nasa.gov/search/granules.json
    body:
      encoding: US-ASCII
      string: echo_collection_id=C179003030-ORNL_DAAC&page_num=1&page_size=20&sort_key%5B%5D=-start_date&temporal=1987-02-01T00%3A00%3A00.000Z%2C1987-02-28T23%3A59%3A59.999Z
    headers:
      User-Agent:
      - Faraday v0.9.2
      Content-Type:
      - application/x-www-form-urlencoded
      Client-Id:
      - eed-edsc-dev
      Echo-ClientId:
      - eed-edsc-dev
  recorded_at: Mon, 11 Jun 2018 20:21:19 GMT
  digest: f43742159f846f5d2965ce75e593391735295e87
- request:
    method: post
    uri: https://cmr.earthdata.nasa.gov/search/granules.json
    body:
      encoding: US-ASCII
      string: echo_collection_id=C179003030-ORNL_DAAC&page_num=1&page_size=20&sort_key%5B%5D=-start_date&temporal=1987-03-01T00%3A00%3A00.000Z%2C1987-03-31T23%3A59%3A59.999Z
    headers:
      User-Agent:
      - Faraday v0.9.2
      Content-Type:
      - application/x-www-form-urlencoded
      Client-Id:
      - eed-edsc-dev
      Echo-ClientId:
      - eed-edsc-dev
  recorded_at: Mon, 11 Jun 2018 20:21:23 GMT
  digest: 2d9453d72de03bdd7f28e658715980ffbf2148bf
- request:
    method: post
    uri: https://cmr.earthdata.nasa.gov/search/granules.json
    body:
      encoding: US-ASCII
      string: echo_collection_id=C179003030-ORNL_DAAC&page_num=1&page_size=20&sort_key%5B%5D=-start_date&temporal=1987-11-01T00%3A00%3A00.000Z%2C1987-11-30T23%3A59%3A59.999Z
    headers:
      User-Agent:
      - Faraday v0.9.2
      Content-Type:
      - application/x-www-form-urlencoded
      Client-Id:
      - eed-edsc-dev
      Echo-ClientId:
      - eed-edsc-dev
  recorded_at: Mon, 11 Jun 2018 20:16:26 GMT
  digest: 5739e0e3af5942d768729c7bbe15a52d6c9d2f42
- request:
    method: post
    uri: https://cmr.earthdata.nasa.gov/search/granules.json
    body:
      encoding: US-ASCII
      string: echo_collection_id=C179003030-ORNL_DAAC&page_num=1&page_size=20&sort_key%5B%5D=-start_date&temporal=1987-12-31T23%3A59%3A59.999Z%2C1988-12-31T23%3A59%3A59.999Z
    headers:
      User-Agent:
      - Faraday v0.9.2
      Content-Type:
      - application/x-www-form-urlencoded
      Client-Id:
      - eed-edsc-dev
      Echo-ClientId:
      - eed-edsc-dev
  recorded_at: Mon, 11 Jun 2018 20:21:12 GMT
  digest: e4c90cda93b6624602918d2fbf24dd850a829e94
- request:
    method: post
    uri: https://cmr.earthdata.nasa.gov/search/granules.json
    body:
      encoding: US-ASCII
      string: echo_collection_id=C179003030-ORNL_DAAC&page_num=1&page_size=20&sort_key%5B%5D=-start_date&temporal=1988-01-01T00%3A00%3A00.000Z%2C1988-12-31T23%3A59%3A59.999Z
    headers:
      User-Agent:
      - Faraday v0.9.2
      Content-Type:
      - application/x-www-form-urlencoded
      Client-Id:
      - eed-edsc-dev
      Echo-ClientId:
      - eed-edsc-dev
  recorded_at: Mon, 11 Jun 2018 20:21:29 GMT
  digest: a9f53387291657374777e47540c9191b6592f13a
- request:
    method: post
    uri: https://cmr.earthdata.nasa.gov/search/granules.json
    body:
      encoding: US-ASCII
      string: echo_collection_id=C179003030-ORNL_DAAC&page_num=1&page_size=20&sort_key%5B%5D=-start_date&temporal=2014-02-02T00%3A00%3A00.000Z%2C2014-02-02T23%3A59%3A59.999Z
    headers:
      User-Agent:
      - Faraday v0.9.2
      Content-Type:
      - application/x-www-form-urlencoded
      Client-Id:
      - eed-edsc-dev
      Echo-ClientId:
      - eed-edsc-dev
  recorded_at: Mon, 11 Jun 2018 20:35:44 GMT
  digest: 6064c8a15db985e08d526ebd4c2ba7ae9212bb5b
- request:
    method: post
    uri: https://cmr.earthdata.nasa.gov/search/granules.json
    body:
      encoding: US-ASCII
      string: echo_collection_id=C179003030-ORNL_DAAC&page_num=1&page_size=20&sort_key%5B%5D=-start_date&temporal=2014-02-10T12%3A30%3A00.000Z%2C2014-02-20T16%3A30%3A00.000Z
    headers:
      User-Agent:
      - Faraday v0.9.2
      Content-Type:
      - application/x-www-form-urlencoded
      Client-Id:
      - eed-edsc-dev
      Echo-ClientId:
      - eed-edsc-dev
  recorded_at: Mon, 11 Jun 2018 20:35:48 GMT
  digest: 6fdbe36153e0b849fd0c3a2aa68a57dd9ad3d5c5
- request:
    method: post
    uri: https://cmr.earthdata.nasa.gov/search/granules.json
    body:
      encoding: US-ASCII
      string: echo_collection_id=C179003030-ORNL_DAAC&page_num=1&page_size=20&sort_key%5B%5D=-start_date&temporal=2014-02-10T12%3A30%3A00.000Z%2C
    headers:
      User-Agent:
      - Faraday v0.9.2
      Content-Type:
      - application/x-www-form-urlencoded
      Client-Id:
      - eed-edsc-dev
      Echo-ClientId:
      - eed-edsc-dev
  recorded_at: Mon, 11 Jun 2018 20:35:53 GMT
  digest: 0a123303a156372c93610c9dd7098e0e792ca5db
- request:
    method: post
    uri: https://cmr.earthdata.nasa.gov/search/granules.json
    body:
      encoding: US-ASCII
      string: echo_collection_id=C179003030-ORNL_DAAC&page_num=1&page_size=20&sort_key%5B%5D=-start_date&temporal=2014-02-15T00%3A00%3A00.000Z%2C2014-02-15T23%3A59%3A59.999Z
    headers:
      User-Agent:
      - Faraday v0.9.2
      Content-Type:
      - application/x-www-form-urlencoded
      Client-Id:
      - eed-edsc-dev
      Echo-ClientId:
      - eed-edsc-dev
  recorded_at: Mon, 11 Jun 2018 20:35:49 GMT
  digest: 8152bec2d2a3a7af24a6aa6d3991c38ead57a2cc
- request:
    method: post
    uri: https://cmr.earthdata.nasa.gov/search/granules.json
    body:
      encoding: US-ASCII
      string: echo_collection_id=C179003030-ORNL_DAAC&page_num=1&page_size=20&sort_key%5B%5D=-start_date&temporal=2014-07-10T00%3A00%3A00.000Z%2C2014-07-10T03%3A59%3A59.000Z
    headers:
      User-Agent:
      - Faraday v0.9.2
      Content-Type:
      - application/x-www-form-urlencoded
      Client-Id:
      - eed-edsc-dev
      Echo-ClientId:
      - eed-edsc-dev
      Echo-Token:
      - edsc-access
  recorded_at: Mon, 11 Jun 2018 20:14:07 GMT
  digest: 90c3e8d9df0402ebf546ff1c791f8e31b308ba89
- request:
    method: post
    uri: https://cmr.earthdata.nasa.gov/search/granules.json
    body:
      encoding: US-ASCII
      string: echo_collection_id=C179003030-ORNL_DAAC&page_num=1&page_size=20&sort_key%5B%5D=-start_date
    headers:
      User-Agent:
      - Faraday v0.9.2
      Content-Type:
      - application/x-www-form-urlencoded
      Client-Id:
      - eed-edsc-dev
      Echo-ClientId:
      - eed-edsc-dev
  recorded_at: Mon, 11 Jun 2018 20:12:15 GMT
  digest: 6af8799b9f17bb946d8508cdf3966d5f54f97807
- request:
    method: post
    uri: https://cmr.earthdata.nasa.gov/search/granules.json
    body:
      encoding: US-ASCII
      string: echo_collection_id=C179003030-ORNL_DAAC&page_num=1&page_size=20&sort_key%5B%5D=start_date
    headers:
      User-Agent:
      - Faraday v0.9.2
      Content-Type:
      - application/x-www-form-urlencoded
      Client-Id:
      - eed-edsc-dev
      Echo-ClientId:
      - eed-edsc-dev
  recorded_at: Mon, 11 Jun 2018 20:15:34 GMT
  digest: f737302d8d6b61e08ffd04f558c9dcbc3a523e6b
- request:
    method: post
    uri: https://cmr.earthdata.nasa.gov/search/granules.json
    body:
      encoding: US-ASCII
      string: echo_collection_id=C179003030-ORNL_DAAC&page_size=20&sort_key%5B%5D=-start_date&temporal=1986-12-31T23%3A59%3A59.999Z%2C1987-12-31T23%3A59%3A59.999Z
    headers:
      User-Agent:
      - Faraday v0.9.2
      Content-Type:
      - application/x-www-form-urlencoded
      Client-Id:
      - eed-edsc-dev
      Echo-ClientId:
      - eed-edsc-dev
      Echo-Token:
      - edsc-access
  recorded_at: Mon, 11 Jun 2018 20:38:53 GMT
  digest: 8785fac5d95eee1971c2acad77caed5fbd2843bd
- request:
    method: post
    uri: https://cmr.earthdata.nasa.gov/search/granules.json
    body:
      encoding: US-ASCII
      string: echo_collection_id=C179003030-ORNL_DAAC&page_size=20&sort_key%5B%5D=-start_date&temporal=1987-01-01T00%3A00%3A00.000Z%2C1989-01-01T00%3A00%3A00.000Z
    headers:
      User-Agent:
      - Faraday v0.9.2
      Content-Type:
      - application/x-www-form-urlencoded
      Client-Id:
      - eed-edsc-dev
      Echo-ClientId:
      - eed-edsc-dev
      Echo-Token:
      - edsc-access
  recorded_at: Mon, 11 Jun 2018 20:39:00 GMT
  digest: d73891a539524b36222f86505b53c2c126378206
- request:
    method: post
    uri: https://cmr.earthdata.nasa.gov/search/granules.json
    body:
      encoding: US-ASCII
      string: echo_collection_id=C179003030-ORNL_DAAC&page_size=20&sort_key%5B%5D=-start_date&temporal=2014-07-10T00%3A00%3A00.000Z%2C2014-07-10T03%3A59%3A59.000Z
    headers:
      User-Agent:
      - Faraday v0.9.2
      Content-Type:
      - application/x-www-form-urlencoded
      Client-Id:
      - eed-edsc-dev
      Echo-ClientId:
      - eed-edsc-dev
      Echo-Token:
      - edsc-access
  recorded_at: Mon, 11 Jun 2018 20:56:31 GMT
  digest: 689780c9378f8087bca3ca0f8551bd2755edf682
- request:
    method: post
    uri: https://cmr.earthdata.nasa.gov/search/granules.json
    body:
      encoding: US-ASCII
      string: echo_collection_id=C179003030-ORNL_DAAC&page_size=20&sort_key%5B%5D=-start_date
    headers:
      User-Agent:
      - Faraday v0.9.2
      Content-Type:
      - application/x-www-form-urlencoded
      Client-Id:
      - eed-edsc-dev
      Echo-ClientId:
      - eed-edsc-dev
      Echo-Token:
      - edsc-access
  recorded_at: Mon, 11 Jun 2018 20:14:28 GMT
  digest: 841a54b3eddc317789f1ebdc7af1b0c497d0b452
- request:
    method: post
    uri: https://cmr.earthdata.nasa.gov/search/granules.json
    body:
      encoding: US-ASCII
      string: echo_collection_id=C179003380-ORNL_DAAC&page_num=1&page_size=20&sort_key%5B%5D=-start_date
    headers:
      User-Agent:
      - Faraday v0.9.2
      Content-Type:
      - application/x-www-form-urlencoded
      Client-Id:
      - eed-edsc-dev
      Echo-ClientId:
      - eed-edsc-dev
  recorded_at: Mon, 11 Jun 2018 20:39:41 GMT
  digest: d7aa15237486625a0b77ab1cdb6331630a21994c
- request:
    method: post
    uri: https://cmr.earthdata.nasa.gov/search/granules.json
    body:
      encoding: US-ASCII
      string: echo_collection_id=C179003620-ORNL_DAAC&page_num=1&page_size=20&sort_key%5B%5D=-start_date
    headers:
      User-Agent:
      - Faraday v0.9.2
      Content-Type:
      - application/x-www-form-urlencoded
      Client-Id:
      - eed-edsc-dev
      Echo-ClientId:
      - eed-edsc-dev
  recorded_at: Mon, 11 Jun 2018 20:15:26 GMT
  digest: 63e9def985e9ec4a55dceee458b67187b9490774
- request:
    method: post
    uri: https://cmr.earthdata.nasa.gov/search/granules.json
    body:
      encoding: US-ASCII
      string: echo_collection_id=C179014699-NSIDC_ECS&page_num=1&page_size=20&sort_key%5B%5D=-start_date
    headers:
      User-Agent:
      - Faraday v0.9.2
      Content-Type:
      - application/x-www-form-urlencoded
      Client-Id:
      - eed-edsc-dev
      Echo-ClientId:
      - eed-edsc-dev
      Echo-Token:
      - edsc-access
  recorded_at: Tue, 12 Jun 2018 00:30:12 GMT
  digest: dd62fba8fb8591fb637b37558dc327cc36ba28bb
- request:
    method: post
    uri: https://cmr.earthdata.nasa.gov/search/granules.json
    body:
      encoding: US-ASCII
      string: echo_collection_id=C181655997-NSIDC_ECS&page_num=1&page_size=20&sort_key%5B%5D=-start_date
    headers:
      User-Agent:
      - Faraday v0.9.2
      Content-Type:
      - application/x-www-form-urlencoded
      Client-Id:
      - eed-edsc-dev
      Echo-ClientId:
      - eed-edsc-dev
      Echo-Token:
      - edsc-access
  recorded_at: Mon, 11 Jun 2018 20:38:06 GMT
  digest: 9291840cfca87e7cded79fbd7025569bd766a3f3
- request:
    method: post
    uri: https://cmr.earthdata.nasa.gov/search/granules.json
    body:
      encoding: US-ASCII
      string: echo_collection_id=C203234523-LAADS&echo_granule_id=G1527340111-LAADS&page_size=20&sort_key%5B%5D=-start_date
    headers:
      User-Agent:
      - Faraday v0.9.2
      Content-Type:
      - application/x-www-form-urlencoded
      Client-Id:
      - eed-edsc-dev
      Echo-ClientId:
      - eed-edsc-dev
      Echo-Token:
      - edsc-access
  recorded_at: Mon, 11 Jun 2018 20:27:17 GMT
  digest: 7c225d3d5436d3bf197f89a6b6ffe7d8dc0658b3
- request:
    method: post
    uri: https://cmr.earthdata.nasa.gov/search/granules.json
    body:
      encoding: US-ASCII
      string: echo_collection_id=C203234523-LAADS&page_num=1&page_size=20&sort_key%5B%5D=-start_date
    headers:
      User-Agent:
      - Faraday v0.9.2
      Content-Type:
      - application/x-www-form-urlencoded
      Client-Id:
      - eed-edsc-dev
      Echo-ClientId:
      - eed-edsc-dev
      Echo-Token:
      - edsc-access
  recorded_at: Mon, 11 Jun 2018 20:14:18 GMT
  digest: 76cb295082e13f74432b22afaf7d41b9fbbc4ae0
- request:
    method: post
    uri: https://cmr.earthdata.nasa.gov/search/granules.json
    body:
      encoding: US-ASCII
      string: echo_collection_id=C203234523-LAADS&page_size=20&sort_key%5B%5D=-start_date
    headers:
      User-Agent:
      - Faraday v0.9.2
      Content-Type:
      - application/x-www-form-urlencoded
      Client-Id:
      - eed-edsc-dev
      Echo-ClientId:
      - eed-edsc-dev
      Echo-Token:
      - edsc-access
  recorded_at: Mon, 11 Jun 2018 20:27:16 GMT
  digest: 7d8abb3115aec9e53222239967f8dcd8b8520d02
- request:
    method: post
    uri: https://cmr.earthdata.nasa.gov/search/granules.json
    body:
      encoding: US-ASCII
      string: echo_collection_id=C4543622-LARC_ASDC&page_num=1&page_size=20&sort_key%5B%5D=-start_date
    headers:
      User-Agent:
      - Faraday v0.9.2
      Content-Type:
      - application/x-www-form-urlencoded
      Client-Id:
      - eed-edsc-dev
      Echo-ClientId:
      - eed-edsc-dev
  recorded_at: Mon, 11 Jun 2018 20:28:14 GMT
  digest: 189a3de92255cf8ba7af156ff83ad4eebd28c1c8
- request:
    method: post
    uri: https://cmr.earthdata.nasa.gov/search/granules.json
    body:
      encoding: US-ASCII
      string: echo_collection_id=C7085910-LARC_ASDC&page_size=20&sort_key%5B%5D=-start_date
    headers:
      User-Agent:
      - Faraday v0.9.2
      Content-Type:
      - application/x-www-form-urlencoded
      Client-Id:
      - eed-edsc-dev
      Echo-ClientId:
      - eed-edsc-dev
      Echo-Token:
      - edsc-access
  recorded_at: Mon, 11 Jun 2018 20:25:53 GMT
  digest: 489791955bb9997ccfda079dfeb8bf9b8e71352e
- request:
    method: post
    uri: https://cmr.earthdata.nasa.gov/search/granules.json
    body:
      encoding: US-ASCII
      string: echo_collection_id=C92711294-NSIDC_ECS&exclude%5Becho_granule_id%5D%5B%5D=G1360367376-NSIDC_ECS&exclude%5Becho_granule_id%5D%5B%5D=G1360367334-NSIDC_ECS&exclude%5Becho_granule_id%5D%5B%5D=G1360366932-NSIDC_ECS&exclude%5Becho_granule_id%5D%5B%5D=G1360367446-NSIDC_ECS&exclude%5Becho_granule_id%5D%5B%5D=G1360367468-NSIDC_ECS&exclude%5Becho_granule_id%5D%5B%5D=G1360366399-NSIDC_ECS&exclude%5Becho_granule_id%5D%5B%5D=G1360367405-NSIDC_ECS&exclude%5Becho_granule_id%5D%5B%5D=G1360367747-NSIDC_ECS&exclude%5Becho_granule_id%5D%5B%5D=G1360366864-NSIDC_ECS&exclude%5Becho_granule_id%5D%5B%5D=G1360366879-NSIDC_ECS&exclude%5Becho_granule_id%5D%5B%5D=G1360367393-NSIDC_ECS&exclude%5Becho_granule_id%5D%5B%5D=G1360367431-NSIDC_ECS&exclude%5Becho_granule_id%5D%5B%5D=G1360366421-NSIDC_ECS&exclude%5Becho_granule_id%5D%5B%5D=G1360367354-NSIDC_ECS&exclude%5Becho_granule_id%5D%5B%5D=G1360367715-NSIDC_ECS&exclude%5Becho_granule_id%5D%5B%5D=G1360366863-NSIDC_ECS&exclude%5Becho_granule_id%5D%5B%5D=G1360366867-NSIDC_ECS&exclude%5Becho_granule_id%5D%5B%5D=G1360366946-NSIDC_ECS&exclude%5Becho_granule_id%5D%5B%5D=G1360366892-NSIDC_ECS&exclude%5Becho_granule_id%5D%5B%5D=G1360366930-NSIDC_ECS&page_num=2&page_size=4&sort_key%5B%5D=-start_date
    headers:
      User-Agent:
      - Faraday v0.9.2
      Content-Type:
      - application/x-www-form-urlencoded
      Client-Id:
      - eed-edsc-dev
      Echo-ClientId:
      - eed-edsc-dev
  recorded_at: Mon, 11 Jun 2018 20:41:10 GMT
  digest: e71e9876e10c029e00cd10d60538ea0292c68e81
- request:
    method: post
    uri: https://cmr.earthdata.nasa.gov/search/granules.json
    body:
      encoding: US-ASCII
      string: echo_collection_id=C92711294-NSIDC_ECS&exclude%5Becho_granule_id%5D%5B%5D=G1360367376-NSIDC_ECS&exclude%5Becho_granule_id%5D%5B%5D=G1360367334-NSIDC_ECS&exclude%5Becho_granule_id%5D%5B%5D=G1360366932-NSIDC_ECS&exclude%5Becho_granule_id%5D%5B%5D=G1360367446-NSIDC_ECS&exclude%5Becho_granule_id%5D%5B%5D=G1360367468-NSIDC_ECS&exclude%5Becho_granule_id%5D%5B%5D=G1360366399-NSIDC_ECS&exclude%5Becho_granule_id%5D%5B%5D=G1360367405-NSIDC_ECS&exclude%5Becho_granule_id%5D%5B%5D=G1360367747-NSIDC_ECS&exclude%5Becho_granule_id%5D%5B%5D=G1360366864-NSIDC_ECS&exclude%5Becho_granule_id%5D%5B%5D=G1360366879-NSIDC_ECS&exclude%5Becho_granule_id%5D%5B%5D=G1360367393-NSIDC_ECS&exclude%5Becho_granule_id%5D%5B%5D=G1360367431-NSIDC_ECS&exclude%5Becho_granule_id%5D%5B%5D=G1360366421-NSIDC_ECS&exclude%5Becho_granule_id%5D%5B%5D=G1360367354-NSIDC_ECS&exclude%5Becho_granule_id%5D%5B%5D=G1360367715-NSIDC_ECS&exclude%5Becho_granule_id%5D%5B%5D=G1360366863-NSIDC_ECS&page_num=2&page_size=4&sort_key%5B%5D=-start_date
    headers:
      User-Agent:
      - Faraday v0.9.2
      Content-Type:
      - application/x-www-form-urlencoded
      Client-Id:
      - eed-edsc-dev
      Echo-ClientId:
      - eed-edsc-dev
  recorded_at: Mon, 11 Jun 2018 20:41:04 GMT
  digest: afff6a1a3d1e2e204b9f8273f4a161640e7e7a1b
- request:
    method: post
    uri: https://cmr.earthdata.nasa.gov/search/granules.json
    body:
      encoding: US-ASCII
      string: echo_collection_id=C92711294-NSIDC_ECS&exclude%5Becho_granule_id%5D%5B%5D=G1360367376-NSIDC_ECS&options%5Breadable_granule_name%5D%5Bpattern%5D=true&page_num=1&page_size=20&readable_granule_name%5B%5D=MOD10A1.A2016001.h31v13.005.2016006204744.hdf&readable_granule_name%5B%5D=MOD10A1.A2016001.h31v12%2A&sort_key%5B%5D=-start_date
    headers:
      User-Agent:
      - Faraday v0.9.2
      Content-Type:
      - application/x-www-form-urlencoded
      Client-Id:
      - eed-edsc-dev
      Echo-ClientId:
      - eed-edsc-dev
  recorded_at: Thu, 12 Jul 2018 11:44:04 GMT
  digest: b4598fc74ef55262d3cb8abdc0701ea67c7ed4bb
- request:
    method: post
    uri: https://cmr.earthdata.nasa.gov/search/granules.json
    body:
      encoding: US-ASCII
      string: echo_collection_id=C92711294-NSIDC_ECS&exclude%5Becho_granule_id%5D%5B%5D=G1360367376-NSIDC_ECS&page_num=1&page_size=20&sort_key%5B%5D=-start_date
    headers:
      User-Agent:
      - Faraday v0.9.2
      Content-Type:
      - application/x-www-form-urlencoded
      Client-Id:
      - eed-edsc-dev
      Echo-ClientId:
      - eed-edsc-dev
  recorded_at: Tue, 12 Jun 2018 01:11:53 GMT
  digest: 41aea5052374391dbaeb6b3ba2269e5c2599cc79
- request:
    method: post
    uri: https://cmr.earthdata.nasa.gov/search/granules.json
    body:
      encoding: US-ASCII
      string: echo_collection_id=C92711294-NSIDC_ECS&options%5Breadable_granule_name%5D%5Bpattern%5D=true&page_num=1&page_size=20&readable_granule_name%5B%5D=MOD10A1.A2016001.h31v13.005.2016006204744.hdf&readable_granule_name%5B%5D=MOD10A1.A2016001.h31v12%2A&sort_key%5B%5D=-start_date
    headers:
      User-Agent:
      - Faraday v0.9.2
      Content-Type:
      - application/x-www-form-urlencoded
      Client-Id:
      - eed-edsc-dev
      Echo-ClientId:
      - eed-edsc-dev
  recorded_at: Mon, 11 Jun 2018 20:41:32 GMT
  digest: ed11db5d781a3d7adf6c6ead542c436f989e56b9
- request:
    method: post
    uri: https://cmr.earthdata.nasa.gov/search/granules.json
    body:
      encoding: US-ASCII
      string: echo_collection_id=C92711294-NSIDC_ECS&page_num=1&page_size=20&sort_key%5B%5D=-start_date
    headers:
      User-Agent:
      - Faraday v0.9.2
      Content-Type:
      - application/x-www-form-urlencoded
      Client-Id:
      - eed-edsc-dev
      Echo-ClientId:
      - eed-edsc-dev
  recorded_at: Mon, 11 Jun 2018 20:40:33 GMT
  digest: 51e9d430ad2b9c416314c12e1fdc1702dcf91716
- request:
    method: post
    uri: https://cmr.earthdata.nasa.gov/search/granules.json
    body:
      encoding: US-ASCII
      string: sgd=http%3A%2F%2Fcwic.wgiss.ceos.org%2Fopensearch%2Fgranules.atom%3Fuid%3DC1220566654-USGS_LTA%3AEO1_ALI_PUB%3AEO1A0140342016021110P0_SG1_01&temporal=2016-01-21T00%3A00%3A00.000Z%2C2016-01-21T23%3A59%3A59.000Z
    headers:
      User-Agent:
      - Faraday v0.9.2
      Content-Type:
      - application/x-www-form-urlencoded
      Client-Id:
      - eed-edsc-dev
      Echo-ClientId:
      - eed-edsc-dev
      Echo-Token:
      - edsc-access
  recorded_at: Mon, 11 Jun 2018 20:33:16 GMT
  digest: 2dc04b2dfc5e68873494214b9259e28ae0bed273
- request:
    method: post
    uri: https://cmr.earthdata.nasa.gov/search/granules.json
    body:
      encoding: US-ASCII
      string: temporal=2016-01-21T00%3A00%3A00.000Z%2C2016-01-21T23%3A59%3A59.000Z
    headers:
      User-Agent:
      - Faraday v0.9.2
      Content-Type:
      - application/x-www-form-urlencoded
      Client-Id:
      - eed-edsc-dev
      Echo-ClientId:
      - eed-edsc-dev
      Echo-Token:
      - edsc-access
  recorded_at: Mon, 11 Jun 2018 20:33:25 GMT
  digest: 46ce9cfec5e2a0908f5351f291cee11204fdf38b
- request:
    method: post
    uri: https://cmr.sit.earthdata.nasa.gov/search/granules.json
    body:
      encoding: US-ASCII
      string: bounding_box=10%2C-10%2C-10%2C10&echo_collection_id=C1200187767-EDF_OPS&page_num=1&page_size=20&sort_key%5B%5D=-start_date
    headers:
      User-Agent:
      - Faraday v0.9.2
      Content-Type:
      - application/x-www-form-urlencoded
      Client-Id:
      - eed-edsc-dev
      Echo-ClientId:
      - eed-edsc-dev
  recorded_at: Mon, 11 Jun 2018 20:29:57 GMT
  digest: 5ebef09e4727176bed85f8070f8732795e20e979
- request:
    method: post
    uri: https://cmr.sit.earthdata.nasa.gov/search/granules.json
    body:
      encoding: US-ASCII
      string: bounding_box=10%2C-10%2C-10%2C10&echo_collection_id=C1200187767-EDF_OPS&page_size=20&sort_key%5B%5D=-start_date
    headers:
      User-Agent:
      - Faraday v0.9.2
      Content-Type:
      - application/x-www-form-urlencoded
      Client-Id:
      - eed-edsc-dev
      Echo-ClientId:
      - eed-edsc-dev
      Echo-Token:
      - edsc-access
  recorded_at: Mon, 11 Jun 2018 20:30:00 GMT
  digest: ed1b50509206524eb5c9698bfa26e6f74b50435b
- request:
    method: post
    uri: https://cmr.sit.earthdata.nasa.gov/search/granules.json
    body:
      encoding: US-ASCII
      string: bounding_box=30%2C0%2C40%2C10&echo_collection_id=C1200187767-EDF_OPS&page_num=1&page_size=20&sort_key%5B%5D=-start_date
    headers:
      User-Agent:
      - Faraday v0.9.2
      Content-Type:
      - application/x-www-form-urlencoded
      Client-Id:
      - eed-edsc-dev
      Echo-ClientId:
      - eed-edsc-dev
  recorded_at: Fri, 06 Jul 2018 19:57:12 GMT
  digest: 28b2723200a41aee75d328bf6f314fb36aa8c64f
- request:
    method: post
    uri: https://cmr.sit.earthdata.nasa.gov/search/granules.json
    body:
      encoding: US-ASCII
      string: bounding_box=30%2C0%2C40%2C10&echo_collection_id=C1200187767-EDF_OPS&page_size=20&sort_key%5B%5D=-start_date
    headers:
      User-Agent:
      - Faraday v0.9.2
      Content-Type:
      - application/x-www-form-urlencoded
      Client-Id:
      - eed-edsc-dev
      Echo-ClientId:
      - eed-edsc-dev
      Echo-Token:
      - edsc-access
  recorded_at: Fri, 06 Jul 2018 19:57:16 GMT
  digest: 99ea5ae5189eb6e7b442bdae0bc000db60039344
- request:
    method: post
    uri: https://cmr.sit.earthdata.nasa.gov/search/granules.json
    body:
      encoding: US-ASCII
      string: echo_collection_id=C1000000029-EDF_OPS&options%5Breadable_granule_name%5D%5Bpattern%5D=true&page_num=1&page_size=20&readable_granule_name%5B%5D=%2Afoo&readable_granule_name%5B%5D=%2Afoo2&readable_granule_name%5B%5D=%2Afoo3&sort_key%5B%5D=-start_date
    headers:
      User-Agent:
      - Faraday v0.9.2
      Content-Type:
      - application/x-www-form-urlencoded
      Client-Id:
      - eed-edsc-dev
      Echo-ClientId:
      - eed-edsc-dev
  recorded_at: Mon, 11 Jun 2018 20:42:39 GMT
  digest: d36ae3e223167391acd7981fa5893b24dd4b563f
- request:
    method: post
    uri: https://cmr.sit.earthdata.nasa.gov/search/granules.json
    body:
      encoding: US-ASCII
      string: echo_collection_id=C1000000029-EDF_OPS&page_num=1&page_size=20&sort_key%5B%5D=-start_date
    headers:
      User-Agent:
      - Faraday v0.9.2
      Content-Type:
      - application/x-www-form-urlencoded
      Client-Id:
      - eed-edsc-dev
      Echo-ClientId:
      - eed-edsc-dev
  recorded_at: Mon, 11 Jun 2018 20:42:38 GMT
  digest: b1f805f321884133e6a813a2d3463a9f661131be
- request:
    method: post
    uri: https://cmr.sit.earthdata.nasa.gov/search/granules.json
    body:
      encoding: US-ASCII
      string: echo_collection_id=C1000000029-EDF_OPS&page_size=20&sort_key%5B%5D=-start_date
    headers:
      User-Agent:
      - Faraday v0.9.2
      Content-Type:
      - application/x-www-form-urlencoded
      Client-Id:
      - eed-edsc-dev
      Echo-ClientId:
      - eed-edsc-dev
      Echo-Token:
      - edsc-access
  recorded_at: Thu, 12 Jul 2018 14:53:54 GMT
  digest: b8c181d41e191e2720951fe472fb121b8a9da0d9
- request:
    method: post
    uri: https://cmr.sit.earthdata.nasa.gov/search/granules.json
    body:
      encoding: US-ASCII
      string: echo_collection_id=C1000000739-DEV08&page_num=1&page_size=20&sort_key%5B%5D=-start_date
    headers:
      User-Agent:
      - Faraday v0.9.2
      Content-Type:
      - application/x-www-form-urlencoded
      Client-Id:
      - eed-edsc-dev
      Echo-ClientId:
      - eed-edsc-dev
  recorded_at: Wed, 27 Jun 2018 21:15:47 GMT
  digest: 14002350e0dc996a638f9c4c2d3496bf01eede62
- request:
    method: post
    uri: https://cmr.sit.earthdata.nasa.gov/search/granules.json
    body:
      encoding: US-ASCII
      string: echo_collection_id=C1000000739-DEV08&page_size=20&sort_key%5B%5D=-start_date
    headers:
      User-Agent:
      - Faraday v0.9.2
      Content-Type:
      - application/x-www-form-urlencoded
      Client-Id:
      - eed-edsc-dev
      Echo-ClientId:
      - eed-edsc-dev
      Echo-Token:
      - edsc-access
  recorded_at: Wed, 27 Jun 2018 21:15:51 GMT
  digest: 8405e41049a66b23e4680b6ede3750583d243852
- request:
    method: post
    uri: https://cmr.sit.earthdata.nasa.gov/search/granules.json
    body:
      encoding: US-ASCII
      string: echo_collection_id=C1000000969-DEV08&page_num=1&page_size=20&sort_key%5B%5D=-start_date
    headers:
      User-Agent:
      - Faraday v0.9.2
      Content-Type:
      - application/x-www-form-urlencoded
      Client-Id:
      - eed-edsc-dev
      Echo-ClientId:
      - eed-edsc-dev
  recorded_at: Mon, 11 Jun 2018 20:27:44 GMT
  digest: 29f09d24289e076aba9f319a73881b5ccc17cf44
- request:
    method: post
    uri: https://cmr.sit.earthdata.nasa.gov/search/granules.json
    body:
      encoding: US-ASCII
      string: echo_collection_id=C1000000969-DEV08&page_size=20&sort_key%5B%5D=-start_date
    headers:
      User-Agent:
      - Faraday v0.9.2
      Content-Type:
      - application/x-www-form-urlencoded
      Client-Id:
      - eed-edsc-dev
      Echo-ClientId:
      - eed-edsc-dev
      Echo-Token:
      - edsc-access
  recorded_at: Mon, 11 Jun 2018 20:27:47 GMT
  digest: a420cd7d7b874e837d470f69322bb99c19132c2d
- request:
    method: post
    uri: https://cmr.sit.earthdata.nasa.gov/search/granules.json
    body:
      encoding: US-ASCII
      string: echo_collection_id=C1000001002-EDF_OPS&page_num=1&page_size=20&sort_key%5B%5D=-start_date
    headers:
      User-Agent:
      - Faraday v0.9.2
      Content-Type:
      - application/x-www-form-urlencoded
      Client-Id:
      - eed-edsc-dev
      Echo-ClientId:
      - eed-edsc-dev
  recorded_at: Tue, 12 Jun 2018 01:02:14 GMT
  digest: 0a5b93d92fa7fae1ac5dcf11ce7bd0fb4b89c3b5
- request:
    method: post
    uri: https://cmr.sit.earthdata.nasa.gov/search/granules.json
    body:
      encoding: US-ASCII
      string: echo_collection_id=C1200187767-EDF_OPS&page_num=1&page_size=20&polygon=10%2C10%2C-10%2C10%2C-10%2C-10%2C10%2C-10%2C10%2C10&sort_key%5B%5D=-start_date
    headers:
      User-Agent:
      - Faraday v0.9.2
      Content-Type:
      - application/x-www-form-urlencoded
      Client-Id:
      - eed-edsc-dev
      Echo-ClientId:
      - eed-edsc-dev
  recorded_at: Mon, 11 Jun 2018 20:30:04 GMT
  digest: 361f6970d27b95b2d7b639e04b0864172372d62a
- request:
    method: post
    uri: https://cmr.sit.earthdata.nasa.gov/search/granules.json
    body:
      encoding: US-ASCII
      string: echo_collection_id=C1200187767-EDF_OPS&page_num=1&page_size=20&sort_key%5B%5D=-start_date
    headers:
      User-Agent:
      - Faraday v0.9.2
      Content-Type:
      - application/x-www-form-urlencoded
      Client-Id:
      - eed-edsc-dev
      Echo-ClientId:
      - eed-edsc-dev
  recorded_at: Mon, 11 Jun 2018 20:29:49 GMT
  digest: dd7e3ce735592b2f95ecd54692b859bc54f405d2
- request:
    method: post
    uri: https://cmr.sit.earthdata.nasa.gov/search/granules.json
    body:
      encoding: US-ASCII
      string: echo_collection_id=C1200187767-EDF_OPS&page_size=20&polygon=10%2C10%2C-10%2C10%2C-10%2C-10%2C10%2C-10%2C10%2C10&sort_key%5B%5D=-start_date
    headers:
      User-Agent:
      - Faraday v0.9.2
      Content-Type:
      - application/x-www-form-urlencoded
      Client-Id:
      - eed-edsc-dev
      Echo-ClientId:
      - eed-edsc-dev
      Echo-Token:
      - edsc-access
  recorded_at: Mon, 11 Jun 2018 20:30:07 GMT
  digest: 44c917a2726d37aa531f2942cd5af8df1abbe019
- request:
    method: post
    uri: https://cmr.sit.earthdata.nasa.gov/search/granules.json
    body:
      encoding: US-ASCII
      string: echo_collection_id=C1200187767-EDF_OPS&page_size=20&sort_key%5B%5D=-start_date
    headers:
      User-Agent:
      - Faraday v0.9.2
      Content-Type:
      - application/x-www-form-urlencoded
      Client-Id:
      - eed-edsc-dev
      Echo-ClientId:
      - eed-edsc-dev
      Echo-Token:
      - edsc-access
  recorded_at: Mon, 11 Jun 2018 20:29:52 GMT
  digest: 86f0ef444252e3770f5339009456ebc10d1c5cff
- request:
    method: post
    uri: https://cmr.sit.earthdata.nasa.gov/search/granules.json
    body:
      encoding: US-ASCII
      string: echo_collection_id=C24931-LAADS&page_num=1&page_size=20&sort_key%5B%5D=-start_date
    headers:
      User-Agent:
      - Faraday v0.9.2
      Content-Type:
      - application/x-www-form-urlencoded
      Client-Id:
      - eed-edsc-dev
      Echo-ClientId:
      - eed-edsc-dev
  recorded_at: Mon, 11 Jun 2018 20:41:45 GMT
  digest: 81b83e9cfc773ccd94f61904da9509a9e640b610
- request:
    method: post
    uri: https://cmr.uat.earthdata.nasa.gov/search/granules.json
    body:
      encoding: US-ASCII
      string: echo_collection_id=C1000-LPDAAC_TS2&page_num=1&page_size=20&sort_key%5B%5D=-start_date
    headers:
      User-Agent:
      - Faraday v0.9.2
      Content-Type:
      - application/x-www-form-urlencoded
      Client-Id:
      - eed-edsc-dev
      Echo-ClientId:
      - eed-edsc-dev
  recorded_at: Mon, 11 Jun 2018 20:39:31 GMT
  digest: 46fee1f1d22f315e6ba3c6b5a0102f74452a4490
recorded_with: VCR 2.6.0
