---
http_interactions:
- request:
    method: get
    uri: http://acdisc.gsfc.nasa.gov/opendap/HDF-EOS5/Aura_OMI_Level3/OMAEROe.003/2004/OMI-Aura_L3-OMAEROe_2004m1001_v003-2011m1109t080411.he5.ddx
    body:
      encoding: US-ASCII
      string: ''
    headers:
      User-Agent:
      - Faraday v0.8.8
  recorded_at: Wed, 21 Jan 2015 13:49:32 GMT
  digest: 613ccaaf24f9875c7923b7d9bfd102c1b4200bcf
- request:
    method: get
    uri: http://cwic.wgiss.ceos.org/opensearch/datasets/3DIMG_L2P_IRW/osdd.xml?clientId=edsc-dev
    body:
      encoding: US-ASCII
      string: ''
    headers:
      User-Agent:
      - Faraday v0.8.8
  recorded_at: Tue, 01 Mar 2016 17:31:02 GMT
  digest: ae0f096ea7e93a3bae324280ef5f8f3145372138
- request:
    method: get
    uri: http://cwic.wgiss.ceos.org/opensearch/datasets/3DIMG_L2P_IRW/osdd.xml?clientId=eed-edsc-dev
    body:
      encoding: US-ASCII
      string: ''
    headers:
      User-Agent:
      - Faraday v0.8.8
  recorded_at: Mon, 29 Feb 2016 15:42:33 GMT
  digest: dfde3dfe7b88fe7ec2e8f65aac4e53c64c71e705
- request:
    method: get
    uri: http://cwic.wgiss.ceos.org/opensearch/datasets/USGS_EDC_EO1_ALI/osdd.xml?clientId=edsc-dev
    body:
      encoding: US-ASCII
      string: ''
    headers:
      User-Agent:
      - Faraday v0.8.8
  recorded_at: Tue, 01 Mar 2016 17:25:51 GMT
  digest: 2e3aa5864c04947919833c4662c4344e60e9b738
- request:
    method: get
    uri: http://cwic.wgiss.ceos.org/opensearch/datasets/USGS_EDC_EO1_ALI/osdd.xml?clientId=eed-edsc-dev
    body:
      encoding: US-ASCII
      string: ''
    headers:
      User-Agent:
      - Faraday v0.8.8
  recorded_at: Mon, 29 Feb 2016 15:39:32 GMT
  digest: a105d9a0885c8e97e8e3de58e36e6a9800e85f69
- request:
    method: get
    uri: http://cwic.wgiss.ceos.org/opensearch/datasets/aces1cont/osdd.xml?clientId=edsc-dev
    body:
      encoding: US-ASCII
      string: ''
    headers:
      User-Agent:
      - Faraday v0.8.8
  recorded_at: Sun, 27 Mar 2016 02:03:06 GMT
  digest: 57e3c525c869a21f2ce56dfce0c7a3ad1be18f32
- request:
    method: get
    uri: http://cwic.wgiss.ceos.org/opensearch/datasets/gov.noaa.class.J2-XGDR/osdd.xml?clientId=eed-edsc-dev
    body:
      encoding: US-ASCII
      string: ''
    headers:
      User-Agent:
      - Faraday v0.8.8
  recorded_at: Mon, 29 Feb 2016 15:43:33 GMT
  digest: 0ac28ef339131bdc6f1e4a662cab6f2b81632419
- request:
    method: get
    uri: http://cwic.wgiss.ceos.org/opensearch/granules.atom?clientId=edsc-dev&datasetId=3DIMG_L2P_IRW&startPage=1&count=20
    body:
      encoding: US-ASCII
      string: ''
    headers:
      User-Agent:
      - Faraday v0.8.8
      Client-Id:
      - edsc-dev
      Echo-ClientId:
      - edsc-dev
  recorded_at: Mon, 15 Feb 2016 20:23:57 GMT
  digest: 8d594baf74d07a8861c1832871d9d99765ce1bfb
- request:
    method: get
    uri: http://cwic.wgiss.ceos.org/opensearch/granules.atom?clientId=edsc-dev&datasetId=3DIMG_L2P_IRW&startPage=2&count=20
    body:
      encoding: US-ASCII
      string: ''
    headers:
      User-Agent:
      - Faraday v0.8.8
      Client-Id:
      - edsc-dev
      Echo-ClientId:
      - edsc-dev
  recorded_at: Mon, 15 Feb 2016 20:24:00 GMT
  digest: 2e81e1412fe222e741c5d3ac886ab75f8815f7dd
- request:
    method: get
    uri: http://cwic.wgiss.ceos.org/opensearch/granules.atom?clientId=edsc-dev&datasetId=gov.noaa.class.J2-XGDR&startPage=1&count=20&timeStart=2010-02-02T00%3A00%3A00Z&timeEnd=2010-02-02T23%3A59%3A59Z
    body:
      encoding: US-ASCII
      string: ''
    headers:
      User-Agent:
      - Faraday v0.8.8
      Client-Id:
      - edsc-dev
      Echo-ClientId:
      - edsc-dev
  recorded_at: Mon, 15 Feb 2016 20:21:44 GMT
  digest: f8368b6f5a011567ffe878777def0549ee345c7a
- request:
    method: get
    uri: http://cwic.wgiss.ceos.org/opensearch/granules.atom?clientId=eed-edsc-dev&datasetId=USGS_EDC_EO1_ALI&startPage=1&count=20&timeStart=2013-12-01T00%3A00%3A00Z&timeEnd=2013-12-01T23%3A59%3A59Z
    body:
      encoding: US-ASCII
      string: ''
    headers:
      User-Agent:
      - Faraday v0.8.8
      Client-Id:
      - eed-edsc-dev
      Echo-ClientId:
      - eed-edsc-dev
  recorded_at: Wed, 24 Feb 2016 19:39:06 GMT
  digest: 573227e154a78043251a0fbe71880559d321c25e
- request:
    method: get
    uri: http://cwic.wgiss.ceos.org/opensearch/granules.atom?clientId=eed-edsc-dev&datasetId=USGS_EDC_EO1_ALI&startPage=1&count=20&timeStart=2013-12-01T00%3A00%3A00Z&timeEnd=2014-12-01T23%3A59%3A59Z
    body:
      encoding: US-ASCII
      string: ''
    headers:
      User-Agent:
      - Faraday v0.8.8
      Client-Id:
      - eed-edsc-dev
      Echo-ClientId:
      - eed-edsc-dev
  recorded_at: Wed, 24 Feb 2016 19:39:23 GMT
  digest: 5423a5319e833d3b6993a731fcc7304dd78b2622
- request:
    method: get
    uri: http://cwic.wgiss.ceos.org/opensearch/granules.atom?clientId=eed-edsc-dev&datasetId=USGS_EDC_EO1_ALI&startPage=1&count=20
    body:
      encoding: US-ASCII
      string: ''
    headers:
      User-Agent:
      - Faraday v0.8.8
      Client-Id:
      - eed-edsc-dev
      Echo-ClientId:
      - eed-edsc-dev
  recorded_at: Wed, 24 Feb 2016 19:38:55 GMT
  digest: 85a8c854af3fef5a6e92d66fb31ea2b0802d64f1
- request:
    method: get
    uri: http://cwic.wgiss.ceos.org/opensearch/granules.atom?clientId=eed-edsc-dev&datasetId=gov.noaa.class.J2-XGDR&startPage=1&count=20&timeStart=2010-02-02T00%3A00%3A00Z&timeEnd=2010-02-02T23%3A59%3A59Z
    body:
      encoding: US-ASCII
      string: ''
    headers:
      User-Agent:
      - Faraday v0.8.8
      Client-Id:
      - eed-edsc-dev
      Echo-ClientId:
      - eed-edsc-dev
  recorded_at: Wed, 24 Feb 2016 20:09:08 GMT
  digest: 55bef0ee14e7ccc9a8ea5ca390869f8d8a3b7f47
- request:
    method: get
    uri: http://cwic.wgiss.ceos.org/opensearch/granules.atom?clientId=eed-edsc-dev&datasetId=gov.noaa.class.J2-XGDR&startPage=1&count=20
    body:
      encoding: US-ASCII
      string: ''
    headers:
      User-Agent:
      - Faraday v0.8.8
      Client-Id:
      - eed-edsc-dev
      Echo-ClientId:
      - eed-edsc-dev
  recorded_at: Wed, 24 Feb 2016 20:09:01 GMT
  digest: 1ec9e115d008b59aa0557ca2f13e4bd114bfef0a
- request:
    method: get
    uri: http://cwic.wgiss.ceos.org/opensearch/granules.atom?datasetId=3DIMG_L2P_IRW&clientId=eed-edsc-dev&startPage=1&count=20
    body:
      encoding: US-ASCII
      string: ''
    headers:
      User-Agent:
      - Faraday v0.8.8
      Client-Id:
      - edsc-dev
      Echo-ClientId:
      - edsc-dev
  recorded_at: Mon, 25 Jan 2016 20:44:50 GMT
  digest: 4a085a65633c49435773207abcaf177003fc24ca
- request:
    method: get
    uri: http://cwic.wgiss.ceos.org/opensearch/granules.atom?datasetId=3DIMG_L2P_IRW&clientId=eed-edsc-dev&startPage=2&count=20
    body:
      encoding: US-ASCII
      string: ''
    headers:
      User-Agent:
      - Faraday v0.8.8
      Client-Id:
      - edsc-dev
      Echo-ClientId:
      - edsc-dev
  recorded_at: Mon, 25 Jan 2016 20:44:54 GMT
  digest: ab03b3f1c01eab9cd55e6d0aa2640bb9264a7378
- request:
    method: get
    uri: http://cwic.wgiss.ceos.org/opensearch/granules.atom?datasetId=3DIMG_L2P_IRW&count=20&clientId=edsc-dev
    body:
      encoding: US-ASCII
      string: ''
    headers:
      User-Agent:
      - Faraday v0.8.8
  recorded_at: Tue, 01 Mar 2016 17:31:06 GMT
  digest: e8baa55289c693bef487c09a1e70df3b2a838ae4
- request:
    method: get
    uri: http://cwic.wgiss.ceos.org/opensearch/granules.atom?datasetId=3DIMG_L2P_IRW&count=20&clientId=eed-edsc-dev
    body:
      encoding: US-ASCII
      string: ''
    headers:
      User-Agent:
      - Faraday v0.8.8
  recorded_at: Mon, 29 Feb 2016 15:42:36 GMT
  digest: 6b059eeccd69fb9e1c118055a0f5198a2e11deaa
- request:
    method: get
    uri: http://cwic.wgiss.ceos.org/opensearch/granules.atom?datasetId=USGS_EDC_EO1_ALI&count=100&clientId=eed-edsc-dev
    body:
      encoding: US-ASCII
      string: ''
    headers:
      User-Agent:
      - Faraday v0.8.8
  recorded_at: Tue, 01 Mar 2016 16:37:03 GMT
  digest: 6cf1ea162e3940b2f078a037f86f3d5e380d5fce
- request:
    method: get
    uri: http://cwic.wgiss.ceos.org/opensearch/granules.atom?datasetId=USGS_EDC_EO1_ALI&count=100&timeStart=2016-01-21T00%3A00%3A00Z&timeEnd=2016-01-21T23%3A59%3A59Z&clientId=edsc-dev
    body:
      encoding: US-ASCII
      string: ''
    headers:
      User-Agent:
      - Faraday v0.8.8
  recorded_at: Tue, 01 Mar 2016 17:26:09 GMT
  digest: a3f160c49bc79f96ba0721be472cb8970684ede2
- request:
    method: get
    uri: http://cwic.wgiss.ceos.org/opensearch/granules.atom?datasetId=USGS_EDC_EO1_ALI&count=100&timeStart=2016-01-21T00%3A00%3A00Z&timeEnd=2016-01-21T23%3A59%3A59Z&clientId=eed-edsc-dev
    body:
      encoding: US-ASCII
      string: ''
    headers:
      User-Agent:
      - Faraday v0.8.8
  recorded_at: Tue, 01 Mar 2016 16:47:26 GMT
  digest: 2951a6e682c6013d420da6fb4bfcb9694d9b8e3e
- request:
    method: get
    uri: http://cwic.wgiss.ceos.org/opensearch/granules.atom?datasetId=USGS_EDC_EO1_ALI&count=20&clientId=edsc-dev
    body:
      encoding: US-ASCII
      string: ''
    headers:
      User-Agent:
      - Faraday v0.8.8
  recorded_at: Tue, 01 Mar 2016 17:26:41 GMT
  digest: 46e5aaa7779794fa4ac8cd955b0d9fb5c742b4e2
- request:
    method: get
    uri: http://cwic.wgiss.ceos.org/opensearch/granules.atom?datasetId=USGS_EDC_EO1_ALI&count=20&clientId=eed-edsc-dev
    body:
      encoding: US-ASCII
      string: ''
    headers:
      User-Agent:
      - Faraday v0.8.8
  recorded_at: Mon, 29 Feb 2016 15:39:34 GMT
  digest: 84c5d473775198fb01ee275f54741d6e4236cbc8
- request:
    method: get
    uri: http://cwic.wgiss.ceos.org/opensearch/granules.atom?datasetId=USGS_EDC_EO1_ALI&count=20&geoBox=-0.001%2C-0.001%2C0.001%2C0.001&clientId=edsc-dev
    body:
      encoding: US-ASCII
      string: ''
    headers:
      User-Agent:
      - Faraday v0.8.8
  recorded_at: Tue, 01 Mar 2016 17:26:58 GMT
  digest: 53da3929542d4867c03af707cd0e85249633cd03
- request:
    method: get
    uri: http://cwic.wgiss.ceos.org/opensearch/granules.atom?datasetId=USGS_EDC_EO1_ALI&count=20&geoBox=-0.001%2C-0.001%2C0.001%2C0.001&clientId=eed-edsc-dev
    body:
      encoding: US-ASCII
      string: ''
    headers:
      User-Agent:
      - Faraday v0.8.8
  recorded_at: Mon, 29 Feb 2016 15:40:07 GMT
  digest: 51382a4157178307dc21e86828d30ed7d3ee9f33
- request:
    method: get
    uri: http://cwic.wgiss.ceos.org/opensearch/granules.atom?datasetId=USGS_EDC_EO1_ALI&count=20&geoBox=-75%2C40%2C-74%2C41&clientId=edsc-dev
    body:
      encoding: US-ASCII
      string: ''
    headers:
      User-Agent:
      - Faraday v0.8.8
  recorded_at: Tue, 01 Mar 2016 17:26:49 GMT
  digest: 29df7233a2c7caf83203818832d9eb95ef14ef48
- request:
    method: get
    uri: http://cwic.wgiss.ceos.org/opensearch/granules.atom?datasetId=USGS_EDC_EO1_ALI&count=20&geoBox=-75%2C40%2C-74%2C41&clientId=eed-edsc-dev
    body:
      encoding: US-ASCII
      string: ''
    headers:
      User-Agent:
      - Faraday v0.8.8
  recorded_at: Mon, 29 Feb 2016 15:39:55 GMT
  digest: 53ab5b0e14d7dfb753c34078bd17161f440ecc2f
- request:
    method: get
    uri: http://cwic.wgiss.ceos.org/opensearch/granules.atom?datasetId=USGS_EDC_EO1_ALI&count=20&geoBox=-75.001%2C39.999%2C-74.999%2C40.001&clientId=edsc-dev
    body:
      encoding: US-ASCII
      string: ''
    headers:
      User-Agent:
      - Faraday v0.8.8
  recorded_at: Tue, 01 Mar 2016 17:26:44 GMT
  digest: 10c9c97cecb07d456b1acbf365848b7b07725e1a
- request:
    method: get
    uri: http://cwic.wgiss.ceos.org/opensearch/granules.atom?datasetId=USGS_EDC_EO1_ALI&count=20&geoBox=-75.001%2C39.999%2C-74.999%2C40.001&clientId=eed-edsc-dev
    body:
      encoding: US-ASCII
      string: ''
    headers:
      User-Agent:
      - Faraday v0.8.8
  recorded_at: Mon, 29 Feb 2016 15:39:42 GMT
  digest: de2ab0e5b8ba742a9a91b159f2aa18f61d2edf9e
- request:
    method: get
    uri: http://cwic.wgiss.ceos.org/opensearch/granules.atom?datasetId=USGS_EDC_EO1_ALI&count=20&geoBox=-9.99999999999999%2C-10.151081711048167%2C9.99999999999999%2C10.151081711048167&clientId=edsc-dev
    body:
      encoding: US-ASCII
      string: ''
    headers:
      User-Agent:
      - Faraday v0.8.8
  recorded_at: Wed, 09 Mar 2016 19:17:09 GMT
  digest: b03c0d3c8121eab98b8f7cbb16e25db92efd307a
- request:
    method: get
    uri: http://cwic.wgiss.ceos.org/opensearch/granules.atom?datasetId=USGS_EDC_EO1_ALI&count=20&geoBox=-9.99999999999999%2C-10.151081711048167%2C9.99999999999999%2C10.151081711048167&clientId=eed-edsc-dev
    body:
      encoding: US-ASCII
      string: ''
    headers:
      User-Agent:
      - Faraday v0.8.8
  recorded_at: Thu, 10 Mar 2016 18:07:47 GMT
  digest: acb3b333a96d8693c8bce8ed4bf4b225c92635c2
- request:
    method: get
    uri: http://cwic.wgiss.ceos.org/opensearch/granules.atom?datasetId=USGS_EDC_EO1_ALI&count=20&startIndex=21&clientId=edsc-dev
    body:
      encoding: US-ASCII
      string: ''
    headers:
      User-Agent:
      - Faraday v0.8.8
  recorded_at: Tue, 01 Mar 2016 17:27:57 GMT
  digest: edd12470fa402296201ad5b806a6431e99262c0d
- request:
    method: get
    uri: http://cwic.wgiss.ceos.org/opensearch/granules.atom?datasetId=USGS_EDC_EO1_ALI&count=20&startIndex=21&clientId=eed-edsc-dev
    body:
      encoding: US-ASCII
      string: ''
    headers:
      User-Agent:
      - Faraday v0.8.8
  recorded_at: Mon, 29 Feb 2016 17:14:05 GMT
  digest: b89932cccba00b9d2510d4aa5e25cc46a95de916
- request:
    method: get
    uri: http://cwic.wgiss.ceos.org/opensearch/granules.atom?datasetId=USGS_EDC_EO1_ALI&count=20&timeStart=2010-02-02T00%3A00%3A00Z&timeEnd=2010-02-02T23%3A59%3A59Z&clientId=edsc-dev
    body:
      encoding: US-ASCII
      string: ''
    headers:
      User-Agent:
      - Faraday v0.8.8
  recorded_at: Mon, 28 Mar 2016 17:33:19 GMT
  digest: d28010bcdf453b7a86ecec5e27d2ba3a6453eeb0
- request:
    method: get
    uri: http://cwic.wgiss.ceos.org/opensearch/granules.atom?datasetId=USGS_EDC_EO1_ALI&count=20&timeStart=2010-02-02T00%3A00%3A00Z&timeEnd=2010-02-02T23%3A59%3A59Z&clientId=eed-edsc-dev
    body:
      encoding: US-ASCII
      string: ''
    headers:
      User-Agent:
      - Faraday v0.8.8
  recorded_at: Mon, 29 Feb 2016 17:35:43 GMT
  digest: 6557102447db6132e4deb95d67ad0c9b5e1fc79e
- request:
    method: get
    uri: http://cwic.wgiss.ceos.org/opensearch/granules.atom?datasetId=USGS_EDC_EO1_ALI&count=20&timeStart=2013-12-01T00%3A00%3A00Z&timeEnd=2013-12-01T23%3A59%3A59Z&clientId=edsc-dev
    body:
      encoding: US-ASCII
      string: ''
    headers:
      User-Agent:
      - Faraday v0.8.8
  recorded_at: Tue, 01 Mar 2016 17:28:38 GMT
  digest: 038c939aeda2f9dc05bde8969c4db9a18134a372
- request:
    method: get
    uri: http://cwic.wgiss.ceos.org/opensearch/granules.atom?datasetId=USGS_EDC_EO1_ALI&count=20&timeStart=2013-12-01T00%3A00%3A00Z&timeEnd=2013-12-01T23%3A59%3A59Z&clientId=eed-edsc-dev
    body:
      encoding: US-ASCII
      string: ''
    headers:
      User-Agent:
      - Faraday v0.8.8
  recorded_at: Mon, 29 Feb 2016 15:44:10 GMT
  digest: 51dfeac5e9ec5537fc099815685f4a3d54be6e5b
- request:
    method: get
    uri: http://cwic.wgiss.ceos.org/opensearch/granules.atom?datasetId=USGS_EDC_EO1_ALI&count=20&timeStart=2013-12-01T00%3A00%3A00Z&timeEnd=2014-12-01T23%3A59%3A59Z&clientId=edsc-dev
    body:
      encoding: US-ASCII
      string: ''
    headers:
      User-Agent:
      - Faraday v0.8.8
  recorded_at: Tue, 01 Mar 2016 17:28:35 GMT
  digest: fa87442ceb6a0d9a71d8375312293f0973f7aa71
- request:
    method: get
    uri: http://cwic.wgiss.ceos.org/opensearch/granules.atom?datasetId=USGS_EDC_EO1_ALI&count=20&timeStart=2013-12-01T00%3A00%3A00Z&timeEnd=2014-12-01T23%3A59%3A59Z&clientId=eed-edsc-dev
    body:
      encoding: US-ASCII
      string: ''
    headers:
      User-Agent:
      - Faraday v0.8.8
  recorded_at: Mon, 29 Feb 2016 15:44:18 GMT
  digest: b2883a60e6d66b6f65055d31d6e55d9c0d43c303
- request:
    method: get
    uri: http://cwic.wgiss.ceos.org/opensearch/granules.atom?datasetId=USGS_EDC_EO1_ALI&count=20&timeStart=2016-01-21T00%3A00%3A00Z&timeEnd=2016-01-21T23%3A59%3A59Z&clientId=edsc-dev
    body:
      encoding: US-ASCII
      string: ''
    headers:
      User-Agent:
      - Faraday v0.8.8
  recorded_at: Tue, 01 Mar 2016 17:25:53 GMT
  digest: 74b4727921527de305272a77e0f6efc892816df4
- request:
    method: get
    uri: http://cwic.wgiss.ceos.org/opensearch/granules.atom?datasetId=USGS_EDC_EO1_ALI&count=20&timeStart=2016-01-21T00%3A00%3A00Z&timeEnd=2016-01-21T23%3A59%3A59Z&clientId=eed-edsc-dev
    body:
      encoding: US-ASCII
      string: ''
    headers:
      User-Agent:
      - Faraday v0.8.8
  recorded_at: Tue, 01 Mar 2016 16:47:15 GMT
  digest: 1a8ddf7ff800a973eb07df0b85789164ca3e6d82
- request:
    method: get
    uri: http://cwic.wgiss.ceos.org/opensearch/granules.atom?datasetId=aces1cont&count=20&clientId=edsc-dev
    body:
      encoding: US-ASCII
      string: ''
    headers:
      User-Agent:
      - Faraday v0.8.8
  recorded_at: Sun, 27 Mar 2016 02:03:08 GMT
  digest: 4ce019ed8297ab05ff1c923a0a6222bc1744d133
- request:
    method: get
    uri: http://cwic.wgiss.ceos.org/opensearch/granules.atom?datasetId=gov.noaa.class.J2-XGDR&clientId=edsc-dev&startPage=1&count=20&timeStart=2010-02-02&timeEnd=2010-02-02
    body:
      encoding: US-ASCII
      string: ''
    headers:
      User-Agent:
      - Faraday v0.8.8
      Client-Id:
      - edsc-dev
      Echo-ClientId:
      - edsc-dev
  recorded_at: Thu, 11 Feb 2016 17:06:22 GMT
  digest: 821ab54956db83f4aa68608872d2e8375f60cb1f
- request:
    method: get
    uri: http://cwic.wgiss.ceos.org/opensearch/granules.atom?datasetId=gov.noaa.class.J2-XGDR&clientId=edsc-dev&startPage=1&count=20
    body:
      encoding: US-ASCII
      string: ''
    headers:
      User-Agent:
      - Faraday v0.8.8
      Client-Id:
      - edsc-dev
      Echo-ClientId:
      - edsc-dev
  recorded_at: Tue, 09 Feb 2016 19:57:40 GMT
  digest: 047cb28bb941e5afc5281bbe87bbb71d76b6f9f0
- request:
    method: get
    uri: http://cwic.wgiss.ceos.org/opensearch/granules.atom?datasetId=gov.noaa.class.J2-XGDR&count=20&clientId=eed-edsc-dev
    body:
      encoding: US-ASCII
      string: ''
    headers:
      User-Agent:
      - Faraday v0.8.8
  recorded_at: Mon, 29 Feb 2016 15:43:34 GMT
  digest: 119940fae0596b79513e2d8bd1bd22cbca7468b8
- request:
    method: get
    uri: http://cwic.wgiss.ceos.org/opensearch/granules.atom?datasetId=gov.noaa.class.J2-XGDR&count=20&timeStart=2010-02-02T00%3A00%3A00Z&timeEnd=2010-02-02T23%3A59%3A59Z&clientId=eed-edsc-dev
    body:
      encoding: US-ASCII
      string: ''
    headers:
      User-Agent:
      - Faraday v0.8.8
  recorded_at: Mon, 29 Feb 2016 15:43:35 GMT
  digest: b2427c09a1088c260bfe07d32831bf58070088f6
- request:
    method: get
    uri: http://cwic.wgiss.ceos.org/opensearch/granules.atom?uid=USGS_EDC_EO1_ALI%3AEO1A0460282016021110PW_AK3_01
    body:
      encoding: US-ASCII
      string: ''
    headers:
      User-Agent:
      - Faraday v0.8.8
  recorded_at: Tue, 01 Mar 2016 16:47:52 GMT
  digest: 9e121d88262ee2aea2770484e757f8e8c2c6244b
- request:
    method: get
    uri: http://cwic.wgiss.ceos.org/opensearch/granules.atom?uid=USGS_EDC_EO1_ALI%3AEO1A1321972016056110KF_AK3_01
    body:
      encoding: US-ASCII
      string: ''
    headers:
      User-Agent:
      - Faraday v0.8.8
  recorded_at: Tue, 01 Mar 2016 16:33:04 GMT
  digest: 2a4eb6965819a99736b13b98c8fa0f308fdee9b2
- request:
    method: get
    uri: http://podaac-opendap.jpl.nasa.gov/opendap/allData/amsre/L3/sst_1deg_1mo/tos_AMSRE_L3_v7_200206-201012.nc.ddx
    body:
      encoding: US-ASCII
      string: ''
    headers:
      User-Agent:
      - Faraday v0.8.8
  recorded_at: Mon, 28 Mar 2016 02:36:41 GMT
  digest: 0e8549fedfd2acd1f27c75ae90708d51ee6a3120
- request:
    method: get
    uri: https://api.echo.nasa.gov/browse-scaler/availability
    body:
      encoding: US-ASCII
      string: ''
    headers:
      User-Agent:
      - Faraday v0.8.8
      Client-Id:
      - edsc-dev
      Echo-ClientId:
      - edsc-dev
  recorded_at: Tue, 13 Oct 2015 20:31:58 GMT
  digest: d9b715ca78067fa784c5f4d12c2583edab525706
- request:
    method: get
    uri: https://api.echo.nasa.gov/opensearch
    body:
      encoding: US-ASCII
      string: ''
    headers:
      User-Agent:
      - Faraday v0.8.8
      Client-Id:
      - edsc-dev
      Echo-ClientId:
      - edsc-dev
  recorded_at: Tue, 13 Oct 2015 20:31:57 GMT
  digest: 969be064023f01da319cc4cc5c53365270133b77
- request:
    method: get
    uri: https://opendap.larc.nasa.gov/opendap/SortByDirectory/CERES/EBAF/TOA_Edition2.8/CERES_EBAF-TOA_Edition2.8_200003-201310.nc.ddx
    body:
      encoding: US-ASCII
      string: ''
    headers:
      User-Agent:
      - Faraday v0.8.8
  recorded_at: Wed, 27 Jan 2016 20:02:45 GMT
  digest: 4c3582b5f0d52434f78920c111ea92831b1b80ca
- request:
    method: get
    uri: https://urs.earthdata.nasa.gov/
    body:
      encoding: US-ASCII
      string: ''
    headers:
      User-Agent:
      - Faraday v0.8.8
      Authorization:
      - Basic ZWRzY2RldjpFRFNDZDN2IQ==
  recorded_at: Tue, 13 Oct 2015 20:31:58 GMT
  digest: 7e0afaafffad89232611dd3c5660225d59bdf6dd
recorded_with: VCR 2.6.0
