---
http_interactions:
- request:
    method: get
    uri: http://localhost:15400/nlp?text=AST_L1AE
    body:
      encoding: US-ASCII
      string: ''
    headers:
      User-Agent:
      - Faraday v0.8.8
  recorded_at: Tue, 13 Mar 2018 15:57:05 GMT
  digest: ca3d7345f2c73b6b210b399ad385d7c40837679d
- request:
    method: get
    uri: http://localhost:15400/nlp?text=C1216393716-EDF_OPS
    body:
      encoding: US-ASCII
      string: ''
    headers:
      User-Agent:
      - Faraday v0.8.8
  recorded_at: Tue, 13 Mar 2018 15:57:11 GMT
  digest: 4e64915e87d6ec1c80802e36d6a3ddc6df5911bb
- request:
    method: get
    uri: http://localhost:15400/nlp?text=C1386246913-NSIDCV0
    body:
      encoding: US-ASCII
      string: ''
    headers:
      User-Agent:
      - Faraday v0.8.8
  recorded_at: Tue, 13 Mar 2018 15:56:57 GMT
  digest: 8b849487174c138af0b2fb703a4b0ddba8ae1015
- request:
    method: get
    uri: http://localhost:15400/nlp?text=C179002945-ORNL_DAAC
    body:
      encoding: US-ASCII
      string: ''
    headers:
      User-Agent:
      - Faraday v0.8.8
  recorded_at: Tue, 13 Mar 2018 15:56:59 GMT
  digest: 4123138ffb200cdffd193eb8e246ac15b38b6c2d
- request:
    method: get
    uri: https://cmr.earthdata.nasa.gov/browse-scaler/availability
    body:
      encoding: US-ASCII
      string: ''
    headers:
      User-Agent:
      - Faraday v0.8.8
  recorded_at: Thu, 01 Mar 2018 16:43:19 GMT
  digest: a3c67c46886a10f55957a8abd1ff34d4c66514be
- request:
    method: get
    uri: https://cmr.earthdata.nasa.gov/opensearch
    body:
      encoding: US-ASCII
      string: ''
    headers:
      User-Agent:
      - Faraday v0.8.8
      Client-Id:
      - eed-edsc-dev
      Echo-ClientId:
      - eed-edsc-dev
  recorded_at: Thu, 01 Mar 2018 16:43:19 GMT
  digest: d01537ac1b980a4377b21fabd637822e936f33b7
- request:
    method: get
    uri: https://cmr.earthdata.nasa.gov/search/services.umm_json?concept_id%5B%5D=S1571647120-LANCEAMSR2
    body:
      encoding: US-ASCII
      string: ''
    headers:
      User-Agent:
      - Faraday v0.9.2
      Client-Id:
      - eed-edsc-dev
      Echo-ClientId:
      - eed-edsc-dev
      Echo-Token:
      - edsc
      Accept:
      - application/vnd.nasa.cmr.umm_results+json; version=1.2
  recorded_at: Wed, 05 Dec 2018 23:27:44 GMT
  digest: db6b896b98b2ae736af3e495b4f7e9e8ff0b357f
- request:
    method: get
    uri: https://cmr.sit.earthdata.nasa.gov/search/services.umm_json?concept_id%5B%5D=S1200245793-EDF_OPS
    body:
      encoding: US-ASCII
      string: ''
    headers:
      User-Agent:
      - Faraday v0.9.2
      Client-Id:
      - eed-edsc-dev
      Echo-ClientId:
      - eed-edsc-dev
      Echo-Token:
      - edsc
      Accept:
      - application/vnd.nasa.cmr.umm_results+json; version=1.2
  recorded_at: Wed, 05 Dec 2018 23:25:22 GMT
  digest: de0e12bccebb5da12d02cb9f31beaaff071428bd
- request:
    method: get
    uri: https://cmr.sit.earthdata.nasa.gov/search/services.umm_json?concept_id%5B%5D=S1200252658-DEV08&concept_id%5B%5D=S1200299153-DEV08&concept_id%5B%5D=S1200299157-DEV08
    body:
      encoding: US-ASCII
      string: ''
    headers:
      User-Agent:
      - Faraday v0.9.2
      Client-Id:
      - eed-edsc-dev
      Echo-ClientId:
      - eed-edsc-dev
      Echo-Token:
      - edsc
      Accept:
      - application/vnd.nasa.cmr.umm_results+json; version=1.2
  recorded_at: Wed, 05 Dec 2018 23:25:23 GMT
  digest: 6f51f23c5119c4be538b93a8e03fb73030db58f0
- request:
    method: get
    uri: https://cmr.sit.earthdata.nasa.gov/search/services.umm_json?concept_id%5B%5D=S1200269651-DEV08&concept_id%5B%5D=S1200299153-DEV08&concept_id%5B%5D=S1200299157-DEV08
    body:
      encoding: US-ASCII
      string: ''
    headers:
      User-Agent:
      - Faraday v0.9.2
      Client-Id:
      - eed-edsc-dev
      Echo-ClientId:
      - eed-edsc-dev
      Echo-Token:
      - edsc
      Accept:
      - application/vnd.nasa.cmr.umm_results+json; version=1.2
  recorded_at: Wed, 05 Dec 2018 23:30:46 GMT
  digest: 906bfb80602d0b38680ed57eaa319792e1524980
- request:
    method: get
    uri: https://cmr.sit.earthdata.nasa.gov/search/services.umm_json?concept_id%5B%5D=S1200299153-DEV08&concept_id%5B%5D=S1200299157-DEV08
    body:
      encoding: US-ASCII
      string: ''
    headers:
      User-Agent:
      - Faraday v0.9.2
      Client-Id:
      - eed-edsc-dev
      Echo-ClientId:
      - eed-edsc-dev
      Echo-Token:
      - edsc
      Accept:
      - application/vnd.nasa.cmr.umm_results+json; version=1.2
  recorded_at: Wed, 05 Dec 2018 23:25:01 GMT
  digest: e307114ba27d56663f489f1879ebd3591bdbad4a
- request:
    method: get
    uri: https://cmr.sit.earthdata.nasa.gov/search/services.umm_json?concept_id%5B%5D=S1200299155-EDF_OPS
    body:
      encoding: US-ASCII
      string: ''
    headers:
      User-Agent:
      - Faraday v0.9.2
      Client-Id:
      - eed-edsc-dev
      Echo-ClientId:
      - eed-edsc-dev
      Echo-Token:
      - edsc
      Accept:
      - application/vnd.nasa.cmr.umm_results+json; version=1.2
  recorded_at: Wed, 05 Dec 2018 23:38:18 GMT
  digest: aff7c2900d67d2e0a375e421cf14336c7a1af8c7
- request:
    method: get
    uri: https://cmr.sit.earthdata.nasa.gov/service-bridge/ous/collection/C1200187767-EDF_OPS?bounding_box=30%2C0%2C40%2C10&format=nc&variables%5B%5D=V1200265914-EDF_OPS&variables%5B%5D=V1200265916-EDF_OPS
    body:
      encoding: US-ASCII
      string: ''
    headers:
      User-Agent:
      - Faraday v0.9.2
      Content-Type:
      - application/json
      Accept:
      - application/vnd.cmr-opendap.v2.1+json
      Echo-Token:
      - edsc
  recorded_at: Wed, 05 Dec 2018 23:29:06 GMT
  digest: bf1cba6a89cc482fb383cf7eac97c001e85592ea
- request:
    method: get
    uri: https://cmr.uat.earthdata.nasa.gov/search/services.umm_json?concept_id%5B%5D=S1224343237-EDF_OPS&concept_id%5B%5D=S1224343238-EDF_OPS
    body:
      encoding: US-ASCII
      string: ''
    headers:
      User-Agent:
      - Faraday v0.9.2
      Client-Id:
      - eed-edsc-dev
      Echo-ClientId:
      - eed-edsc-dev
      Echo-Token:
      - edsc
      Accept:
      - application/vnd.nasa.cmr.umm_results+json; version=1.2
  recorded_at: Mon, 31 Dec 2018 18:14:59 GMT
  digest: 7c4e2b963215ac53e176e5c510588826d2a4438a
- request:
    method: get
    uri: https://cwic.wgiss.ceos.org/opensearch/datasets/C1219032680-LANCEMODIS/osdd.xml?clientId=eed-edsc-dev
    body:
      encoding: US-ASCII
      string: ''
    headers:
      User-Agent:
      - Faraday v0.8.8
  recorded_at: Thu, 01 Mar 2018 16:54:35 GMT
  digest: b6264f9e7609dab28e9826247d1fadbd6a41e589
- request:
    method: get
    uri: https://cwic.wgiss.ceos.org/opensearch/datasets/C1220566654-USGS_LTA/osdd.xml?clientId=eed-edsc-dev
    body:
      encoding: US-ASCII
      string: ''
    headers:
      User-Agent:
      - Faraday v0.8.8
  recorded_at: Thu, 01 Mar 2018 16:35:26 GMT
  digest: ffd40363b5c6f4c0c57d003866d79689e586042b
- request:
    method: get
    uri: https://cwic.wgiss.ceos.org/opensearch/granules.atom?datasetId=C1219032680-LANCEMODIS&count=20&clientId=eed-edsc-dev
    body:
      encoding: US-ASCII
      string: ''
    headers:
      User-Agent:
      - Faraday v0.8.8
  recorded_at: Thu, 01 Mar 2018 16:54:37 GMT
  digest: 572426439372a650243b3ea1ad98ab506c5f687c
- request:
    method: get
    uri: https://cwic.wgiss.ceos.org/opensearch/granules.atom?datasetId=C1220566654-USGS_LTA&count=100&clientId=eed-edsc-dev
    body:
      encoding: US-ASCII
      string: ''
    headers:
      User-Agent:
      - Faraday v0.8.8
  recorded_at: Thu, 01 Mar 2018 16:57:27 GMT
  digest: 31795c2410aed66178936b1f642a2c6216e4d198
- request:
    method: get
    uri: https://cwic.wgiss.ceos.org/opensearch/granules.atom?datasetId=C1220566654-USGS_LTA&count=100&timeStart=2016-01-21T00%3A00%3A00Z&timeEnd=2016-01-21T23%3A59%3A59Z&clientId=eed-edsc-dev
    body:
      encoding: US-ASCII
      string: ''
    headers:
      User-Agent:
      - Faraday v0.8.8
  recorded_at: Thu, 01 Mar 2018 16:36:24 GMT
  digest: 81cfe4ccb4ac6b4e3b5dedf6673bc308e699c6d8
- request:
    method: get
    uri: https://cwic.wgiss.ceos.org/opensearch/granules.atom?datasetId=C1220566654-USGS_LTA&count=20&clientId=eed-edsc-dev
    body:
      encoding: US-ASCII
      string: ''
    headers:
      User-Agent:
      - Faraday v0.8.8
  recorded_at: Thu, 01 Mar 2018 16:35:52 GMT
  digest: fd7169df4b6c29ad776da69cb702eb7275c40efa
- request:
    method: get
    uri: https://cwic.wgiss.ceos.org/opensearch/granules.atom?datasetId=C1220566654-USGS_LTA&count=20&geoBox=-0.001%2C-0.001%2C0.001%2C0.001&clientId=eed-edsc-dev
    body:
      encoding: US-ASCII
      string: ''
    headers:
      User-Agent:
      - Faraday v0.8.8
  recorded_at: Thu, 01 Mar 2018 16:47:39 GMT
  digest: 4867eb087c0eb8745e7420f96c8a5e3cf33212ea
- request:
    method: get
    uri: https://cwic.wgiss.ceos.org/opensearch/granules.atom?datasetId=C1220566654-USGS_LTA&count=20&geoBox=-75%2C40%2C-74%2C41&clientId=eed-edsc-dev
    body:
      encoding: US-ASCII
      string: ''
    headers:
      User-Agent:
      - Faraday v0.8.8
  recorded_at: Thu, 01 Mar 2018 16:47:33 GMT
  digest: 8c7deecf7bc8dcc09eafcaf576f6cd9b077e9157
- request:
    method: get
    uri: https://cwic.wgiss.ceos.org/opensearch/granules.atom?datasetId=C1220566654-USGS_LTA&count=20&geoBox=-75.001%2C39.999%2C-74.999%2C40.001&clientId=eed-edsc-dev
    body:
      encoding: US-ASCII
      string: ''
    headers:
      User-Agent:
      - Faraday v0.8.8
  recorded_at: Thu, 01 Mar 2018 16:47:43 GMT
  digest: e3366bf402d2987c34ab9c5c48ac41a0594fcac8
- request:
    method: get
    uri: https://cwic.wgiss.ceos.org/opensearch/granules.atom?datasetId=C1220566654-USGS_LTA&count=20&geoBox=-9.99999999999999%2C-10.151081711048167%2C9.99999999999999%2C10.151081711048167&clientId=eed-edsc-dev
    body:
      encoding: US-ASCII
      string: ''
    headers:
      User-Agent:
      - Faraday v0.8.8
  recorded_at: Thu, 01 Mar 2018 16:35:28 GMT
  digest: 66bd6371cd8e031c3a6b531e82419b3670544671
- request:
    method: get
    uri: https://cwic.wgiss.ceos.org/opensearch/granules.atom?datasetId=C1220566654-USGS_LTA&count=20&startIndex=21&clientId=eed-edsc-dev
    body:
      encoding: US-ASCII
      string: ''
    headers:
      User-Agent:
      - Faraday v0.8.8
  recorded_at: Thu, 01 Mar 2018 16:50:18 GMT
  digest: 74b2e675e6844117977f82332a42c72044c07777
- request:
    method: get
    uri: https://cwic.wgiss.ceos.org/opensearch/granules.atom?datasetId=C1220566654-USGS_LTA&count=20&timeStart=1960-02-02T00%3A00%3A00Z&timeEnd=1960-02-02T23%3A59%3A59Z&clientId=eed-edsc-dev
    body:
      encoding: US-ASCII
      string: ''
    headers:
      User-Agent:
      - Faraday v0.8.8
  recorded_at: Thu, 01 Mar 2018 16:55:25 GMT
  digest: 88e5391bd55a8552643422dd4d2e46c39e13dfba
- request:
    method: get
    uri: https://cwic.wgiss.ceos.org/opensearch/granules.atom?datasetId=C1220566654-USGS_LTA&count=20&timeStart=2010-02-02T00%3A00%3A00Z&timeEnd=2010-02-02T23%3A59%3A59Z&clientId=eed-edsc-dev
    body:
      encoding: US-ASCII
      string: ''
    headers:
      User-Agent:
      - Faraday v0.8.8
  recorded_at: Thu, 01 Mar 2018 16:55:19 GMT
  digest: dac8113f1870ce5ac83574e9b857786fce66a605
- request:
    method: get
    uri: https://cwic.wgiss.ceos.org/opensearch/granules.atom?datasetId=C1220566654-USGS_LTA&count=20&timeStart=2013-12-01T00%3A00%3A00Z&timeEnd=2013-12-01T23%3A59%3A59Z&clientId=eed-edsc-dev
    body:
      encoding: US-ASCII
      string: ''
    headers:
      User-Agent:
      - Faraday v0.8.8
  recorded_at: Thu, 01 Mar 2018 16:51:19 GMT
  digest: ecc7ac2236abb3e0d38e71a2805a76d5762230e4
- request:
    method: get
    uri: https://cwic.wgiss.ceos.org/opensearch/granules.atom?datasetId=C1220566654-USGS_LTA&count=20&timeStart=2013-12-01T00%3A00%3A00Z&timeEnd=2014-12-01T23%3A59%3A59Z&clientId=eed-edsc-dev
    body:
      encoding: US-ASCII
      string: ''
    headers:
      User-Agent:
      - Faraday v0.8.8
  recorded_at: Thu, 01 Mar 2018 16:51:25 GMT
  digest: dd9e5a68183b7a57b9fe851ad9dd35eddc72af6b
- request:
    method: get
    uri: https://cwic.wgiss.ceos.org/opensearch/granules.atom?datasetId=C1220566654-USGS_LTA&count=20&timeStart=2016-01-21T00%3A00%3A00Z&timeEnd=2016-01-21T23%3A59%3A59Z&clientId=eed-edsc-dev
    body:
      encoding: US-ASCII
      string: ''
    headers:
      User-Agent:
      - Faraday v0.8.8
  recorded_at: Thu, 01 Mar 2018 16:36:13 GMT
  digest: dc7e50f003e54b773df31ef7011b85ff57af4266
- request:
    method: get
    uri: https://cwic.wgiss.ceos.org/opensearch/granules.atom?uid=C1220566654-USGS_LTA%3AEO1_ALI_PUB%3AEO1A0140342016021110P0_SG1_01
    body:
      encoding: US-ASCII
      string: ''
    headers:
      User-Agent:
      - Faraday v0.8.8
  recorded_at: Thu, 01 Mar 2018 16:36:31 GMT
  digest: 50b83b615e6e9a8787aa3ccce6081e57d64a2181
- request:
    method: get
    uri: https://cwic.wgiss.ceos.org/opensearch/granules.atom?uid=C1220566654-USGS_LTA%3AEO1_ALI_PUB%3AEO1A0360382001121111PP_PF1_01
    body:
      encoding: US-ASCII
      string: ''
    headers:
      User-Agent:
      - Faraday v0.8.8
  recorded_at: Thu, 01 Mar 2018 16:35:55 GMT
  digest: 5283415aa7cdd9e35c36d79f38dcdf04d54db98b
- request:
    method: get
    uri: https://edsc-nlp-sit.ngap.ecs.earthdata.nasa.gov/nlp?text=+
    body:
      encoding: US-ASCII
      string: ''
    headers:
      User-Agent:
      - Faraday v0.8.8
  recorded_at: Thu, 01 Mar 2018 16:28:35 GMT
  digest: 7b57cba41ae355a09a1cacded832660d3983b107
- request:
    method: get
    uri: https://edsc-nlp-sit.ngap.ecs.earthdata.nasa.gov/nlp?text=
    body:
      encoding: US-ASCII
      string: ''
    headers:
      User-Agent:
      - Faraday v0.8.8
  recorded_at: Thu, 01 Mar 2018 16:56:31 GMT
  digest: 9eb6b283b46542aab0d2b2fff648eecfaa6d2982
- request:
    method: get
    uri: https://edsc-nlp-sit.ngap.ecs.earthdata.nasa.gov/nlp?text=A
    body:
      encoding: US-ASCII
      string: ''
    headers:
      User-Agent:
      - Faraday v0.8.8
  recorded_at: Thu, 01 Mar 2018 16:28:20 GMT
  digest: a23f9507b9b9de2044a55848487003b238b15bc8
- request:
    method: get
    uri: https://edsc-nlp-sit.ngap.ecs.earthdata.nasa.gov/nlp?text=AST
    body:
      encoding: US-ASCII
      string: ''
    headers:
      User-Agent:
      - Faraday v0.8.8
  recorded_at: Thu, 01 Mar 2018 16:32:31 GMT
  digest: 71b1f9a9c4a7f57e8bbccb00f0b4d83be72afd29
- request:
    method: get
    uri: https://edsc-nlp-sit.ngap.ecs.earthdata.nasa.gov/nlp?text=AST_L1A
    body:
      encoding: US-ASCII
      string: ''
    headers:
      User-Agent:
      - Faraday v0.8.8
  recorded_at: Thu, 01 Mar 2018 16:28:22 GMT
  digest: 4975c69ef3d4115e276ba2236bef09472e4b7179
- request:
    method: get
    uri: https://edsc-nlp-sit.ngap.ecs.earthdata.nasa.gov/nlp?text=AST_L1AE
    body:
      encoding: US-ASCII
      string: ''
    headers:
      User-Agent:
      - Faraday v0.8.8
  recorded_at: Thu, 01 Mar 2018 16:29:48 GMT
  digest: 71d1a49980789341ae8b5751ddaf021fb4fc82a3
- request:
    method: get
    uri: https://edsc-nlp-sit.ngap.ecs.earthdata.nasa.gov/nlp?text=AST_L
    body:
      encoding: US-ASCII
      string: ''
    headers:
      User-Agent:
      - Faraday v0.8.8
  recorded_at: Thu, 01 Mar 2018 16:28:24 GMT
  digest: c932062b79abba67137561b12b1c852fad9cb4df
- request:
    method: get
    uri: https://edsc-nlp-sit.ngap.ecs.earthdata.nasa.gov/nlp?text=C1000000000-ORNL_DAAC
    body:
      encoding: US-ASCII
      string: ''
    headers:
      User-Agent:
      - Faraday v0.8.8
  recorded_at: Thu, 01 Mar 2018 16:41:20 GMT
  digest: 4349cf726f6bc6c4c023200bc8d8045b13f1fee8
- request:
    method: get
    uri: https://edsc-nlp-sit.ngap.ecs.earthdata.nasa.gov/nlp?text=C1000000004-EDF_DEV09
    body:
      encoding: US-ASCII
      string: ''
    headers:
      User-Agent:
      - Faraday v0.9.2
  recorded_at: Thu, 06 Dec 2018 00:06:25 GMT
  digest: 3153ede1fc2525a64bcb947661d5de1bdf4a561d
- request:
    method: get
    uri: https://edsc-nlp-sit.ngap.ecs.earthdata.nasa.gov/nlp?text=C1000000083-DEMO_PROV
    body:
      encoding: US-ASCII
      string: ''
    headers:
      User-Agent:
      - Faraday v0.8.8
  recorded_at: Thu, 01 Mar 2018 16:56:28 GMT
  digest: cf841069680040a624281e20239ca7d125562c60
- request:
    method: get
    uri: https://edsc-nlp-sit.ngap.ecs.earthdata.nasa.gov/nlp?text=C1000000257-DEV07
    body:
      encoding: US-ASCII
      string: ''
    headers:
      User-Agent:
      - Faraday v0.8.8
  recorded_at: Thu, 01 Mar 2018 16:30:30 GMT
  digest: 6e401f9c470e894983efdfcdbedac81425c288d0
- request:
    method: get
    uri: https://edsc-nlp-sit.ngap.ecs.earthdata.nasa.gov/nlp?text=C1000000561-NSIDC_ECS
    body:
      encoding: US-ASCII
      string: ''
    headers:
      User-Agent:
      - Faraday v0.8.8
  recorded_at: Thu, 01 Mar 2018 16:41:57 GMT
  digest: f003b2788da134b80b2fb09933a2bc6411115764
- request:
    method: get
    uri: https://edsc-nlp-sit.ngap.ecs.earthdata.nasa.gov/nlp?text=C1000001002-EDF_OPS
    body:
      encoding: US-ASCII
      string: ''
    headers:
      User-Agent:
      - Faraday v0.8.8
  recorded_at: Thu, 01 Mar 2018 16:41:43 GMT
  digest: 88ab09eb00ad433d405b20f156ce3e193fe6a4de
- request:
    method: get
    uri: https://edsc-nlp-sit.ngap.ecs.earthdata.nasa.gov/nlp?text=C1000001409-EDF_OPS
    body:
      encoding: US-ASCII
      string: ''
    headers:
      User-Agent:
      - Faraday v0.8.8
  recorded_at: Thu, 01 Mar 2018 16:56:32 GMT
  digest: 5cbcb5ecd0a79e186d228bcb2aa61724a6583010
- request:
    method: get
    uri: https://edsc-nlp-sit.ngap.ecs.earthdata.nasa.gov/nlp?text=C119124186-NSIDC_ECS
    body:
      encoding: US-ASCII
      string: ''
    headers:
      User-Agent:
      - Faraday v0.8.8
  recorded_at: Thu, 01 Mar 2018 16:36:03 GMT
  digest: 52448e8005db07d4ad8cc03ff3eee107f26a804c
- request:
    method: get
    uri: https://edsc-nlp-sit.ngap.ecs.earthdata.nasa.gov/nlp?text=C1200187767-EDF_OPS
    body:
      encoding: US-ASCII
      string: ''
    headers:
      User-Agent:
      - Faraday v0.8.8
  recorded_at: Tue, 04 Dec 2018 17:48:20 GMT
  digest: 424bbf7afa677f105c16af5ac6e64ba2e2a2416c
- request:
    method: get
    uri: https://edsc-nlp-sit.ngap.ecs.earthdata.nasa.gov/nlp?text=C1200269572-E2E_18_3
    body:
      encoding: US-ASCII
      string: ''
    headers:
      User-Agent:
      - Faraday v0.8.8
  recorded_at: Tue, 04 Dec 2018 17:48:25 GMT
  digest: 94de21865ca0d94201d83efe60ec343a56f9e461
- request:
    method: get
    uri: https://edsc-nlp-sit.ngap.ecs.earthdata.nasa.gov/nlp?text=C1216393716-EDF_OPS
    body:
      encoding: US-ASCII
      string: ''
    headers:
      User-Agent:
      - Faraday v0.8.8
  recorded_at: Thu, 01 Mar 2018 16:29:17 GMT
  digest: 99a6b557e4f777329cc3f8ec755f90306e76eb3b
- request:
    method: get
    uri: https://edsc-nlp-sit.ngap.ecs.earthdata.nasa.gov/nlp?text=C1219032680-LANCEMODIS
    body:
      encoding: US-ASCII
      string: ''
    headers:
      User-Agent:
      - Faraday v0.8.8
  recorded_at: Thu, 01 Mar 2018 16:54:33 GMT
  digest: faef62bc8610560d231860905d69fb94cd176b74
- request:
    method: get
    uri: https://edsc-nlp-sit.ngap.ecs.earthdata.nasa.gov/nlp?text=C1219032686-LANCEMODIS
    body:
      encoding: US-ASCII
      string: ''
    headers:
      User-Agent:
      - Faraday v0.8.8
  recorded_at: Thu, 01 Mar 2018 16:30:33 GMT
  digest: 6077c4c6a948b8b7fe3474401278debcb2852f72
- request:
    method: get
    uri: https://edsc-nlp-sit.ngap.ecs.earthdata.nasa.gov/nlp?text=C1219248591-LANCEMODIS
    body:
      encoding: US-ASCII
      string: ''
    headers:
      User-Agent:
      - Faraday v0.8.8
  recorded_at: Thu, 01 Mar 2018 16:39:56 GMT
  digest: 3b6810736dd521cecf677e4953dff326e1f41e28
- request:
    method: get
    uri: https://edsc-nlp-sit.ngap.ecs.earthdata.nasa.gov/nlp?text=C1220566654-USGS_LTA
    body:
      encoding: US-ASCII
      string: ''
    headers:
      User-Agent:
      - Faraday v0.8.8
  recorded_at: Thu, 01 Mar 2018 16:50:15 GMT
  digest: 6566b10004dd1d934e23c0aec9a98e5c1a057da6
- request:
    method: get
    uri: https://edsc-nlp-sit.ngap.ecs.earthdata.nasa.gov/nlp?text=C1234044620-GES_DISC
    body:
      encoding: US-ASCII
      string: ''
    headers:
      User-Agent:
      - Faraday v0.8.8
  recorded_at: Thu, 01 Mar 2018 16:41:22 GMT
  digest: d338f7bb0b09abf8bb732d1b5ec690f552af5b73
- request:
    method: get
    uri: https://edsc-nlp-sit.ngap.ecs.earthdata.nasa.gov/nlp?text=C1236224151-GES_DISC
    body:
      encoding: US-ASCII
      string: ''
    headers:
      User-Agent:
      - Faraday v0.8.8
  recorded_at: Thu, 01 Mar 2018 16:41:01 GMT
  digest: 9477075771e5ecc174273b36c43392b05e8e46b5
- request:
    method: get
    uri: https://edsc-nlp-sit.ngap.ecs.earthdata.nasa.gov/nlp?text=C1386246913-NSIDCV0
    body:
      encoding: US-ASCII
      string: ''
    headers:
      User-Agent:
      - Faraday v0.8.8
  recorded_at: Thu, 01 Mar 2018 16:29:31 GMT
  digest: 9c3d5473de42e990c5f8f50f660da597dcd62863
- request:
    method: get
    uri: https://edsc-nlp-sit.ngap.ecs.earthdata.nasa.gov/nlp?text=C1405947444-SCIOPS
    body:
      encoding: US-ASCII
      string: ''
    headers:
      User-Agent:
      - Faraday v0.8.8
  recorded_at: Thu, 01 Mar 2018 16:28:25 GMT
  digest: c31197d228063f0ab2328ff0a4cfc5f5b6b7b8fa
- request:
    method: get
    uri: https://edsc-nlp-sit.ngap.ecs.earthdata.nasa.gov/nlp?text=C1408830900-LANCEAMSR2
    body:
      encoding: US-ASCII
      string: ''
    headers:
      User-Agent:
      - Faraday v0.8.8
  recorded_at: Thu, 01 Mar 2018 16:54:38 GMT
  digest: e53ba1a520c58cc76397819e21cecf5f0e0ee5ea
- request:
    method: get
    uri: https://edsc-nlp-sit.ngap.ecs.earthdata.nasa.gov/nlp?text=C1426717545-LANCEMODIS
    body:
      encoding: US-ASCII
      string: ''
    headers:
      User-Agent:
      - Faraday v0.8.8
  recorded_at: Thu, 01 Mar 2018 16:45:17 GMT
  digest: 6fbc7da5322639df9cb7eae133d4229918e2444f
- request:
    method: get
    uri: https://edsc-nlp-sit.ngap.ecs.earthdata.nasa.gov/nlp?text=C1443528505-LAADS
    body:
      encoding: US-ASCII
      string: ''
    headers:
      User-Agent:
      - Faraday v0.9.2
  recorded_at: Mon, 31 Dec 2018 18:55:19 GMT
  digest: 4f8e5dc96f9cf61b1e13f93a3e99aac19c5ef4ff
- request:
    method: get
    uri: https://edsc-nlp-sit.ngap.ecs.earthdata.nasa.gov/nlp?text=C1443538967-NSIDC_ECS
    body:
      encoding: US-ASCII
      string: ''
    headers:
      User-Agent:
      - Faraday v0.8.8
  recorded_at: Thu, 01 Mar 2018 16:51:34 GMT
  digest: a5f85679d37d49af1787ab573faff91dd93ef0f0
- request:
    method: get
    uri: https://edsc-nlp-sit.ngap.ecs.earthdata.nasa.gov/nlp?text=C14758250-LPDAAC_ECS
    body:
      encoding: US-ASCII
      string: ''
    headers:
      User-Agent:
      - Faraday v0.8.8
  recorded_at: Thu, 01 Mar 2018 16:36:45 GMT
  digest: 3cb2dfeb7022664db27a918d06a272fe818fcac1
- request:
    method: get
    uri: https://edsc-nlp-sit.ngap.ecs.earthdata.nasa.gov/nlp?text=C179001887-SEDAC
    body:
      encoding: US-ASCII
      string: ''
    headers:
      User-Agent:
      - Faraday v0.8.8
  recorded_at: Thu, 01 Mar 2018 16:30:36 GMT
  digest: c8eb1788f2e5cde2c1b3a9acf8d196c32b5f6c60
- request:
    method: get
    uri: https://edsc-nlp-sit.ngap.ecs.earthdata.nasa.gov/nlp?text=C179002914-ORNL_DAAC
    body:
      encoding: US-ASCII
      string: ''
    headers:
      User-Agent:
      - Faraday v0.8.8
  recorded_at: Thu, 01 Mar 2018 16:34:49 GMT
  digest: 9f58e36b46ca054de8acdc4302ecf85457a459cf
- request:
    method: get
    uri: https://edsc-nlp-sit.ngap.ecs.earthdata.nasa.gov/nlp?text=C179002945-ORNL_DAAC
    body:
      encoding: US-ASCII
      string: ''
    headers:
      User-Agent:
      - Faraday v0.8.8
  recorded_at: Thu, 01 Mar 2018 16:29:33 GMT
  digest: 825d59d798eabac551876fa51b957a20077307aa
- request:
    method: get
    uri: https://edsc-nlp-sit.ngap.ecs.earthdata.nasa.gov/nlp?text=C179002986-ORNL_DAAC
    body:
      encoding: US-ASCII
      string: ''
    headers:
      User-Agent:
      - Faraday v0.8.8
  recorded_at: Thu, 01 Mar 2018 18:19:58 GMT
  digest: 7409dc160f676b0dcdedd838199c764f67e4097b
- request:
    method: get
    uri: https://edsc-nlp-sit.ngap.ecs.earthdata.nasa.gov/nlp?text=C179003030-ORNL_DAAC
    body:
      encoding: US-ASCII
      string: ''
    headers:
      User-Agent:
      - Faraday v0.8.8
  recorded_at: Thu, 01 Mar 2018 16:28:32 GMT
  digest: 96756634d05781b8824c7f324462bc6f4a386597
- request:
    method: get
    uri: https://edsc-nlp-sit.ngap.ecs.earthdata.nasa.gov/nlp?text=C179003620-ORNL_DAAC
    body:
      encoding: US-ASCII
      string: ''
    headers:
      User-Agent:
      - Faraday v0.8.8
  recorded_at: Thu, 01 Mar 2018 16:52:50 GMT
  digest: f85034a1b85aba95a56845fe4e3ced74b346c672
- request:
    method: get
    uri: https://edsc-nlp-sit.ngap.ecs.earthdata.nasa.gov/nlp?text=C197265171-LPDAAC_ECS
    body:
      encoding: US-ASCII
      string: ''
    headers:
      User-Agent:
      - Faraday v0.9.2
  recorded_at: Wed, 05 Dec 2018 23:36:27 GMT
  digest: 8a14ed1747f0bcdb5a901e458073edd75e994a6a
- request:
    method: get
    uri: https://edsc-nlp-sit.ngap.ecs.earthdata.nasa.gov/nlp?text=C203234448-LAADS
    body:
      encoding: US-ASCII
      string: ''
    headers:
      User-Agent:
      - Faraday v0.8.8
  recorded_at: Thu, 01 Mar 2018 16:51:43 GMT
  digest: 3ab13e12edeac7bcbb6855b2f491b8683cf73fb9
- request:
    method: get
    uri: https://edsc-nlp-sit.ngap.ecs.earthdata.nasa.gov/nlp?text=C204690560-LAADS
    body:
      encoding: US-ASCII
      string: ''
    headers:
      User-Agent:
      - Faraday v0.8.8
  recorded_at: Thu, 01 Mar 2018 16:51:37 GMT
  digest: 937985488058b4b1e0eef90741b14dbdb1f5bea2
- request:
    method: get
    uri: https://edsc-nlp-sit.ngap.ecs.earthdata.nasa.gov/nlp?text=C24936-LAADS
    body:
      encoding: US-ASCII
      string: ''
    headers:
      User-Agent:
      - Faraday v0.8.8
  recorded_at: Thu, 01 Mar 2018 16:30:23 GMT
  digest: 62631125012f017df24899d210ce58ccbd1aa107
- request:
    method: get
    uri: https://edsc-nlp-sit.ngap.ecs.earthdata.nasa.gov/nlp?text=C4543622-LARC_ASDC
    body:
      encoding: US-ASCII
      string: ''
    headers:
      User-Agent:
      - Faraday v0.8.8
  recorded_at: Thu, 01 Mar 2018 16:28:57 GMT
  digest: 7057600b4e9c0849e27acf2ed121852259fb80cb
- request:
    method: get
    uri: https://edsc-nlp-sit.ngap.ecs.earthdata.nasa.gov/nlp?text=C92711294-NSIDC_ECS
    body:
      encoding: US-ASCII
      string: ''
    headers:
      User-Agent:
      - Faraday v0.8.8
  recorded_at: Thu, 01 Mar 2018 16:46:08 GMT
  digest: 0a121acd9714018241ed3dbd272e9a90df54f903
- request:
    method: get
    uri: https://edsc-nlp-sit.ngap.ecs.earthdata.nasa.gov/nlp?text=MODIS
    body:
      encoding: US-ASCII
      string: ''
    headers:
      User-Agent:
      - Faraday v0.8.8
  recorded_at: Thu, 01 Mar 2018 16:32:34 GMT
  digest: 37be17343d50e3708b5852b2d71f2db8acd4dcc7
- request:
    method: get
    uri: https://edsc-nlp-sit.ngap.ecs.earthdata.nasa.gov/nlp?text=Texas
    body:
      encoding: US-ASCII
      string: ''
    headers:
      User-Agent:
      - Faraday v0.9.2
  recorded_at: Thu, 06 Dec 2018 01:24:29 GMT
  digest: da15b45a7adf3c6ac6915307a25d3ab1854ec9b5
- request:
    method: get
    uri: https://edsc-nlp-sit.ngap.ecs.earthdata.nasa.gov/nlp?text=asdfasdfasdfasdfasdf
    body:
      encoding: US-ASCII
      string: ''
    headers:
      User-Agent:
      - Faraday v0.8.8
  recorded_at: Thu, 01 Mar 2018 16:57:34 GMT
  digest: 87471c07b2f6a0d4e81556f64ba5299430a6f0ac
- request:
    method: get
    uri: https://edsc-nlp-sit.ngap.ecs.earthdata.nasa.gov/nlp?text=last+winter
    body:
      encoding: US-ASCII
      string: ''
    headers:
      User-Agent:
      - Faraday v0.8.8
  recorded_at: Thu, 01 Mar 2018 16:32:20 GMT
  digest: cb47424fc7f34ca5d9ec5245c71685f8954a75f1
- request:
    method: get
    uri: https://edsc-nlp-sit.ngap.ecs.earthdata.nasa.gov/nlp?text=snow+cover+in+Boston+last+winter
    body:
      encoding: US-ASCII
      string: ''
    headers:
      User-Agent:
      - Faraday v0.8.8
  recorded_at: Thu, 01 Mar 2018 16:32:11 GMT
  digest: d63cb049375aff72da5b367d65d787ce978ec49f
- request:
    method: get
    uri: https://edsc-nlp-sit.ngap.ecs.earthdata.nasa.gov/nlp?text=somestringthatmatchesnocollections
    body:
      encoding: US-ASCII
      string: ''
    headers:
      User-Agent:
      - Faraday v0.8.8
  recorded_at: Thu, 01 Mar 2018 16:34:23 GMT
  digest: 58bcfb50b046948a9711f246c5ff72b04fcf7af7
- request:
    method: get
    uri: https://edsc-nlp-sit.ngap.ecs.earthdata.nasa.gov/nlp?text=trigger500
    body:
      encoding: US-ASCII
      string: ''
    headers:
      User-Agent:
      - Faraday v0.8.8
  recorded_at: Thu, 01 Mar 2018 16:43:41 GMT
  digest: 186ad8f8d0bf8d82cb805125293cbf363e157bfc
- request:
    method: get
    uri: https://edsc-nlp.ngap.earthdata.nasa.gov/nlp?text=+
    body:
      encoding: US-ASCII
      string: ''
    headers:
      User-Agent:
      - Faraday v0.8.8
  recorded_at: Mon, 09 Apr 2018 18:53:08 GMT
  digest: 5299387581bb572ac461f6c581fe30e612d8c0c3
- request:
    method: get
    uri: https://edsc-nlp.ngap.earthdata.nasa.gov/nlp?text=
    body:
      encoding: US-ASCII
      string: ''
    headers:
      User-Agent:
      - Faraday v0.8.8
  recorded_at: Mon, 09 Apr 2018 18:58:41 GMT
  digest: 063b73480c1491d3ed85435a8977efb1224dfc56
- request:
    method: get
    uri: https://edsc-nlp.ngap.earthdata.nasa.gov/nlp?text=A
    body:
      encoding: US-ASCII
      string: ''
    headers:
      User-Agent:
      - Faraday v0.8.8
  recorded_at: Mon, 09 Apr 2018 18:52:46 GMT
  digest: 12fb3c3bd23cf8da10cc48c4d483045050b3a9ea
- request:
    method: get
    uri: https://edsc-nlp.ngap.earthdata.nasa.gov/nlp?text=AST
    body:
      encoding: US-ASCII
      string: ''
    headers:
      User-Agent:
      - Faraday v0.8.8
  recorded_at: Mon, 09 Apr 2018 19:00:26 GMT
  digest: 1f7ca66536fff21c979a007a0a62ed93005ae679
- request:
    method: get
    uri: https://edsc-nlp.ngap.earthdata.nasa.gov/nlp?text=AST_L1A
    body:
      encoding: US-ASCII
      string: ''
    headers:
      User-Agent:
      - Faraday v0.8.8
  recorded_at: Mon, 09 Apr 2018 18:52:41 GMT
  digest: 315cf21d67a37b40a56f60ef3270eb33add06745
- request:
    method: get
    uri: https://edsc-nlp.ngap.earthdata.nasa.gov/nlp?text=AST_L1AE
    body:
      encoding: US-ASCII
      string: ''
    headers:
      User-Agent:
      - Faraday v0.8.8
  recorded_at: Mon, 09 Apr 2018 18:53:38 GMT
  digest: 0edfb1cd936e027a0fd2541f95291849962da6a1
- request:
    method: get
    uri: https://edsc-nlp.ngap.earthdata.nasa.gov/nlp?text=AST_L
    body:
      encoding: US-ASCII
      string: ''
    headers:
      User-Agent:
      - Faraday v0.8.8
  recorded_at: Mon, 09 Apr 2018 18:52:48 GMT
  digest: 75ba5f8f2a763da22422732c3040b4e5099803b6
- request:
    method: get
    uri: https://edsc-nlp.ngap.earthdata.nasa.gov/nlp?text=C1000000000-ORNL_DAAC
    body:
      encoding: US-ASCII
      string: ''
    headers:
      User-Agent:
      - Faraday v0.8.8
  recorded_at: Mon, 09 Apr 2018 18:55:42 GMT
  digest: c2b2eb5fce2ee491856eee3d5d96880be4e14b65
- request:
    method: get
    uri: https://edsc-nlp.ngap.earthdata.nasa.gov/nlp?text=C1000000083-DEMO_PROV
    body:
      encoding: US-ASCII
      string: ''
    headers:
      User-Agent:
      - Faraday v0.8.8
  recorded_at: Mon, 09 Apr 2018 18:58:38 GMT
  digest: 01f27008717e0b3d7eaa3fb493da0dbd0c1f01a2
- request:
    method: get
    uri: https://edsc-nlp.ngap.earthdata.nasa.gov/nlp?text=C1000000257-DEV07
    body:
      encoding: US-ASCII
      string: ''
    headers:
      User-Agent:
      - Faraday v0.8.8
  recorded_at: Mon, 09 Apr 2018 19:10:53 GMT
  digest: 653828428d86adab449eee4abfac7dbdf81d621e
- request:
    method: get
    uri: https://edsc-nlp.ngap.earthdata.nasa.gov/nlp?text=C1000000561-NSIDC_ECS
    body:
      encoding: US-ASCII
      string: ''
    headers:
      User-Agent:
      - Faraday v0.8.8
  recorded_at: Mon, 09 Apr 2018 19:01:58 GMT
  digest: f5b2444334e5ce652abdc6d19c8d4cc2888ece62
- request:
    method: get
    uri: https://edsc-nlp.ngap.earthdata.nasa.gov/nlp?text=C1000001002-EDF_OPS
    body:
      encoding: US-ASCII
      string: ''
    headers:
      User-Agent:
      - Faraday v0.8.8
  recorded_at: Mon, 09 Apr 2018 19:01:44 GMT
  digest: 26050261e9e4315fc8b9e7c60037f25ce498f401
- request:
    method: get
    uri: https://edsc-nlp.ngap.earthdata.nasa.gov/nlp?text=C1000001409-EDF_OPS
    body:
      encoding: US-ASCII
      string: ''
    headers:
      User-Agent:
      - Faraday v0.8.8
  recorded_at: Mon, 09 Apr 2018 18:58:46 GMT
  digest: 0e59b600e2246c1b8653aee8d6e8251e71e30368
- request:
    method: get
    uri: https://edsc-nlp.ngap.earthdata.nasa.gov/nlp?text=C119124186-NSIDC_ECS
    body:
      encoding: US-ASCII
      string: ''
    headers:
      User-Agent:
      - Faraday v0.8.8
  recorded_at: Mon, 09 Apr 2018 19:01:32 GMT
  digest: 51d0f2aa98a312b12a120e8cac19ba7c17d50bc3
- request:
    method: get
    uri: https://edsc-nlp.ngap.earthdata.nasa.gov/nlp?text=C1216393716-EDF_OPS
    body:
      encoding: US-ASCII
      string: ''
    headers:
      User-Agent:
      - Faraday v0.8.8
  recorded_at: Mon, 09 Apr 2018 18:53:54 GMT
  digest: b8b607b7fafe2f89ca629dad8c06ba1a51157f17
- request:
    method: get
    uri: https://edsc-nlp.ngap.earthdata.nasa.gov/nlp?text=C1219032680-LANCEMODIS
    body:
      encoding: US-ASCII
      string: ''
    headers:
      User-Agent:
      - Faraday v0.8.8
  recorded_at: Mon, 09 Apr 2018 19:22:00 GMT
  digest: 7781622719d22621b43c2150c0c28cec0d440d72
- request:
    method: get
    uri: https://edsc-nlp.ngap.earthdata.nasa.gov/nlp?text=C1219032686-LANCEMODIS
    body:
      encoding: US-ASCII
      string: ''
    headers:
      User-Agent:
      - Faraday v0.8.8
  recorded_at: Mon, 09 Apr 2018 19:08:40 GMT
  digest: c610097fb33a2955cae3f020ef15f74e7f93c760
- request:
    method: get
    uri: https://edsc-nlp.ngap.earthdata.nasa.gov/nlp?text=C1219248591-LANCEMODIS
    body:
      encoding: US-ASCII
      string: ''
    headers:
      User-Agent:
      - Faraday v0.8.8
  recorded_at: Mon, 09 Apr 2018 18:48:07 GMT
  digest: 125a54b8e745b0c1db2a332c3493084c5fbd3f1a
- request:
    method: get
    uri: https://edsc-nlp.ngap.earthdata.nasa.gov/nlp?text=C1220566654-USGS_LTA
    body:
      encoding: US-ASCII
      string: ''
    headers:
      User-Agent:
      - Faraday v0.8.8
  recorded_at: Mon, 09 Apr 2018 18:50:42 GMT
  digest: 3750782d7259fe3973b04b3f63928988aac78241
- request:
    method: get
    uri: https://edsc-nlp.ngap.earthdata.nasa.gov/nlp?text=C1234044620-GES_DISC
    body:
      encoding: US-ASCII
      string: ''
    headers:
      User-Agent:
      - Faraday v0.8.8
  recorded_at: Mon, 09 Apr 2018 18:55:45 GMT
  digest: 0e91d010a81f826cd1b0c07d8f01713ecaa1f9c9
- request:
    method: get
    uri: https://edsc-nlp.ngap.earthdata.nasa.gov/nlp?text=C1236224151-GES_DISC
    body:
      encoding: US-ASCII
      string: ''
    headers:
      User-Agent:
      - Faraday v0.8.8
  recorded_at: Mon, 09 Apr 2018 18:50:20 GMT
  digest: 8b0d610ea9882cb067c28a40104b9abe20c8ad29
- request:
    method: get
    uri: https://edsc-nlp.ngap.earthdata.nasa.gov/nlp?text=C1386246913-NSIDCV0
    body:
      encoding: US-ASCII
      string: ''
    headers:
      User-Agent:
      - Faraday v0.8.8
  recorded_at: Mon, 09 Apr 2018 18:54:00 GMT
  digest: de25b0394f1ef6498a8e85b409ba3ab106988305
- request:
    method: get
    uri: https://edsc-nlp.ngap.earthdata.nasa.gov/nlp?text=C1405947444-SCIOPS
    body:
      encoding: US-ASCII
      string: ''
    headers:
      User-Agent:
      - Faraday v0.8.8
  recorded_at: Mon, 09 Apr 2018 18:52:44 GMT
  digest: 9b3c4b10a7da0de215d1f8cf316529b68806ff60
- request:
    method: get
    uri: https://edsc-nlp.ngap.earthdata.nasa.gov/nlp?text=C1408830900-LANCEAMSR2
    body:
      encoding: US-ASCII
      string: ''
    headers:
      User-Agent:
      - Faraday v0.8.8
  recorded_at: Mon, 09 Apr 2018 19:22:03 GMT
  digest: 7469f23566f97dc96998f9ad28db03d652799b74
- request:
    method: get
    uri: https://edsc-nlp.ngap.earthdata.nasa.gov/nlp?text=C1426717545-LANCEMODIS
    body:
      encoding: US-ASCII
      string: ''
    headers:
      User-Agent:
      - Faraday v0.8.8
  recorded_at: Mon, 09 Apr 2018 19:21:13 GMT
  digest: 9346d2989f413f016fd1347289eb1db7988a7541
- request:
    method: get
    uri: https://edsc-nlp.ngap.earthdata.nasa.gov/nlp?text=C1443538967-NSIDC_ECS
    body:
      encoding: US-ASCII
      string: ''
    headers:
      User-Agent:
      - Faraday v0.8.8
  recorded_at: Mon, 09 Apr 2018 19:13:53 GMT
  digest: 1ae2c9dadd028e496beeccd947276921d1d78224
- request:
    method: get
    uri: https://edsc-nlp.ngap.earthdata.nasa.gov/nlp?text=C14758250-LPDAAC_ECS
    body:
      encoding: US-ASCII
      string: ''
    headers:
      User-Agent:
      - Faraday v0.8.8
  recorded_at: Mon, 09 Apr 2018 19:09:46 GMT
  digest: 70734b1a795d34a3f309a5983d061ba42b983941
- request:
    method: get
    uri: https://edsc-nlp.ngap.earthdata.nasa.gov/nlp?text=C179001887-SEDAC
    body:
      encoding: US-ASCII
      string: ''
    headers:
      User-Agent:
      - Faraday v0.8.8
  recorded_at: Mon, 09 Apr 2018 19:11:00 GMT
  digest: 6688fe678fb5e3f3a3057a8cb2c30b3e9a7fc6c6
- request:
    method: get
    uri: https://edsc-nlp.ngap.earthdata.nasa.gov/nlp?text=C179002914-ORNL_DAAC
    body:
      encoding: US-ASCII
      string: ''
    headers:
      User-Agent:
      - Faraday v0.8.8
  recorded_at: Mon, 09 Apr 2018 18:55:39 GMT
  digest: 5d79953b89e8093530cf7140cc7a915a103404c7
- request:
    method: get
    uri: https://edsc-nlp.ngap.earthdata.nasa.gov/nlp?text=C179002945-ORNL_DAAC
    body:
      encoding: US-ASCII
      string: ''
    headers:
      User-Agent:
      - Faraday v0.8.8
  recorded_at: Mon, 09 Apr 2018 18:54:10 GMT
  digest: 56e5b1006d49c79317e5096f588c71d96ec3dc2e
- request:
    method: get
    uri: https://edsc-nlp.ngap.earthdata.nasa.gov/nlp?text=C179003030-ORNL_DAAC
    body:
      encoding: US-ASCII
      string: ''
    headers:
      User-Agent:
      - Faraday v0.8.8
  recorded_at: Mon, 09 Apr 2018 18:49:15 GMT
  digest: e482932c830f4a093d5415bdcf84d1828b800426
- request:
    method: get
    uri: https://edsc-nlp.ngap.earthdata.nasa.gov/nlp?text=C179003620-ORNL_DAAC
    body:
      encoding: US-ASCII
      string: ''
    headers:
      User-Agent:
      - Faraday v0.8.8
  recorded_at: Mon, 09 Apr 2018 19:08:31 GMT
  digest: 6a8eddb4c22c0cc7216341595f122ba9ee7fade8
- request:
    method: get
    uri: https://edsc-nlp.ngap.earthdata.nasa.gov/nlp?text=C203234448-LAADS
    body:
      encoding: US-ASCII
      string: ''
    headers:
      User-Agent:
      - Faraday v0.8.8
  recorded_at: Mon, 09 Apr 2018 19:02:11 GMT
  digest: 5ba72155116ac68f559eade477d4aabe3c0e48bb
- request:
    method: get
    uri: https://edsc-nlp.ngap.earthdata.nasa.gov/nlp?text=C204690560-LAADS
    body:
      encoding: US-ASCII
      string: ''
    headers:
      User-Agent:
      - Faraday v0.8.8
  recorded_at: Mon, 09 Apr 2018 19:13:51 GMT
  digest: ab703e23be5556599b5ea1324ea526290e0a6715
- request:
    method: get
    uri: https://edsc-nlp.ngap.earthdata.nasa.gov/nlp?text=C24936-LAADS
    body:
      encoding: US-ASCII
      string: ''
    headers:
      User-Agent:
      - Faraday v0.8.8
  recorded_at: Mon, 09 Apr 2018 19:10:48 GMT
  digest: 1453e95faf6c880e54368944100c95e47a733711
- request:
    method: get
    uri: https://edsc-nlp.ngap.earthdata.nasa.gov/nlp?text=C4543622-LARC_ASDC
    body:
      encoding: US-ASCII
      string: ''
    headers:
      User-Agent:
      - Faraday v0.8.8
  recorded_at: Mon, 09 Apr 2018 19:17:40 GMT
  digest: 3e4c522898c34c98bf48e4632caca73d968947aa
- request:
    method: get
    uri: https://edsc-nlp.ngap.earthdata.nasa.gov/nlp?text=C92711294-NSIDC_ECS
    body:
      encoding: US-ASCII
      string: ''
    headers:
      User-Agent:
      - Faraday v0.8.8
  recorded_at: Mon, 09 Apr 2018 19:20:48 GMT
  digest: e5932c734c9e0acb576de82fe0407508918923d0
- request:
    method: get
    uri: https://edsc-nlp.ngap.earthdata.nasa.gov/nlp?text=MODIS
    body:
      encoding: US-ASCII
      string: ''
    headers:
      User-Agent:
      - Faraday v0.8.8
  recorded_at: Mon, 09 Apr 2018 19:00:29 GMT
  digest: 2856614d9059b67c1f4786116e088e633af8a168
- request:
    method: get
    uri: https://edsc-nlp.ngap.earthdata.nasa.gov/nlp?text=Texas
    body:
      encoding: US-ASCII
      string: ''
    headers:
      User-Agent:
      - Faraday v0.8.8
  recorded_at: Mon, 09 Apr 2018 18:52:15 GMT
  digest: e768a6eb26766a27b0aa0c1a722b041f8864430f
- request:
    method: get
    uri: https://edsc-nlp.ngap.earthdata.nasa.gov/nlp?text=asdfasdfasdfasdfasdf
    body:
      encoding: US-ASCII
      string: ''
    headers:
      User-Agent:
      - Faraday v0.8.8
  recorded_at: Mon, 09 Apr 2018 18:56:37 GMT
  digest: 6bef2caa7097cee513cc4db1c818268731ce6fd8
- request:
    method: get
    uri: https://edsc-nlp.ngap.earthdata.nasa.gov/nlp?text=last+winter
    body:
      encoding: US-ASCII
      string: ''
    headers:
      User-Agent:
      - Faraday v0.8.8
  recorded_at: Mon, 09 Apr 2018 18:52:07 GMT
  digest: 378799a030afb7662745ac11de5fc971f0fecf11
- request:
    method: get
    uri: https://edsc-nlp.ngap.earthdata.nasa.gov/nlp?text=snow+cover+in+Boston+last+winter
    body:
      encoding: US-ASCII
      string: ''
    headers:
      User-Agent:
      - Faraday v0.8.8
  recorded_at: Mon, 09 Apr 2018 18:52:02 GMT
  digest: 8228dddf0ae18b415d5b954bb30a319a8bce3b82
- request:
    method: get
    uri: https://edsc-nlp.ngap.earthdata.nasa.gov/nlp?text=somestringthatmatchesnocollections
    body:
      encoding: US-ASCII
      string: ''
    headers:
      User-Agent:
      - Faraday v0.8.8
  recorded_at: Mon, 09 Apr 2018 19:11:18 GMT
  digest: 398cbf2dd147656b2a3393efa508f1e5759c6bc7
- request:
    method: get
    uri: https://edsc-nlp.ngap.earthdata.nasa.gov/nlp?text=trigger500
    body:
      encoding: US-ASCII
      string: ''
    headers:
      User-Agent:
      - Faraday v0.8.8
  recorded_at: Mon, 09 Apr 2018 18:57:19 GMT
  digest: dba29fbd5335a1105b41aba209cc6680450c6317
- request:
    method: get
    uri: https://opendap.larc.nasa.gov/opendap/MOPITT/MOP03J.006/2012.06.18/MOP03J-20120618-L3V4.2.3.he5.ddx
    body:
      encoding: US-ASCII
      string: ''
    headers:
      User-Agent:
      - Faraday v0.8.8
  recorded_at: Thu, 01 Mar 2018 16:54:01 GMT
  digest: 6bf87a5fa2776e3a7b6c7a5302456300f112e8b3
- request:
    method: get
    uri: https://opendap.larc.nasa.gov/opendap/SortByDirectory/CERES/EBAF/TOA_Edition2.8/CERES_EBAF-TOA_Edition2.8_200003-201310.nc.ddx
    body:
      encoding: US-ASCII
      string: ''
    headers:
      User-Agent:
      - Faraday v0.8.8
  recorded_at: Thu, 01 Mar 2018 16:53:58 GMT
  digest: f8ab9ae82d5d59d6a12f1477ebf18a37868e8f98
- request:
    method: get
    uri: https://urs.earthdata.nasa.gov/
    body:
      encoding: US-ASCII
      string: ''
    headers:
      Authorization:
      - Basic ZWFydGhkYXRhX3NlYXJjaF9kZXY6RWRzYzEyMyFAIw==
      User-Agent:
      - Faraday v0.8.8
  recorded_at: Thu, 01 Mar 2018 16:43:19 GMT
  digest: 9ce0bd1566373b313dc9b29dc08f3b5a3c9ff8c4
- request:
    method: get
    uri: https://worldview.earthdata.nasa.gov/config/wv.json
    body:
      encoding: US-ASCII
      string: ''
    headers:
      User-Agent:
      - Faraday v0.8.8
  recorded_at: Thu, 01 Mar 2018 16:54:55 GMT
  digest: c4bdaee98ebbd8ac715deaafd3b1275eb475566c
recorded_with: VCR 2.6.0
